Archive member included to satisfy reference by file (symbol)

C:/Users/ASUS/.pico-sdk/toolchain/14_2_Rel1/bin/../lib/gcc/arm-none-eabi/14.2.1/thumb/v6-m/nofp\libgcc.a(_dvmd_tls.o)
                              CMakeFiles/USB_DEVICE_AND_KEYBOARD.dir/C_/Users/ASUS/.pico-sdk/sdk/2.2.0/src/rp2_common/pico_divider/divider_hardware.S.obj (__aeabi_idiv0)
C:/Users/ASUS/.pico-sdk/toolchain/14_2_Rel1/bin/../lib/gcc/arm-none-eabi/14.2.1/thumb/v6-m/nofp\libg.a(libc_a-calloc.o)
                              CMakeFiles/USB_DEVICE_AND_KEYBOARD.dir/C_/Users/ASUS/.pico-sdk/sdk/2.2.0/src/rp2_common/pico_malloc/malloc.c.obj (calloc)
C:/Users/ASUS/.pico-sdk/toolchain/14_2_Rel1/bin/../lib/gcc/arm-none-eabi/14.2.1/thumb/v6-m/nofp\libg.a(libc_a-callocr.o)
                              C:/Users/ASUS/.pico-sdk/toolchain/14_2_Rel1/bin/../lib/gcc/arm-none-eabi/14.2.1/thumb/v6-m/nofp\libg.a(libc_a-calloc.o) (_calloc_r)
C:/Users/ASUS/.pico-sdk/toolchain/14_2_Rel1/bin/../lib/gcc/arm-none-eabi/14.2.1/thumb/v6-m/nofp\libg.a(libc_a-malloc.o)
                              CMakeFiles/USB_DEVICE_AND_KEYBOARD.dir/C_/Users/ASUS/.pico-sdk/sdk/2.2.0/src/rp2_common/pico_malloc/malloc.c.obj (malloc)
C:/Users/ASUS/.pico-sdk/toolchain/14_2_Rel1/bin/../lib/gcc/arm-none-eabi/14.2.1/thumb/v6-m/nofp\libg.a(libc_a-mallocr.o)
                              C:/Users/ASUS/.pico-sdk/toolchain/14_2_Rel1/bin/../lib/gcc/arm-none-eabi/14.2.1/thumb/v6-m/nofp\libg.a(libc_a-callocr.o) (_malloc_r)
C:/Users/ASUS/.pico-sdk/toolchain/14_2_Rel1/bin/../lib/gcc/arm-none-eabi/14.2.1/thumb/v6-m/nofp\libg.a(libc_a-mlock.o)
                              C:/Users/ASUS/.pico-sdk/toolchain/14_2_Rel1/bin/../lib/gcc/arm-none-eabi/14.2.1/thumb/v6-m/nofp\libg.a(libc_a-mallocr.o) (__malloc_lock)
C:/Users/ASUS/.pico-sdk/toolchain/14_2_Rel1/bin/../lib/gcc/arm-none-eabi/14.2.1/thumb/v6-m/nofp\libg.a(libc_a-realloc.o)
                              CMakeFiles/USB_DEVICE_AND_KEYBOARD.dir/C_/Users/ASUS/.pico-sdk/sdk/2.2.0/src/rp2_common/pico_malloc/malloc.c.obj (realloc)
C:/Users/ASUS/.pico-sdk/toolchain/14_2_Rel1/bin/../lib/gcc/arm-none-eabi/14.2.1/thumb/v6-m/nofp\libg.a(libc_a-reallocr.o)
                              C:/Users/ASUS/.pico-sdk/toolchain/14_2_Rel1/bin/../lib/gcc/arm-none-eabi/14.2.1/thumb/v6-m/nofp\libg.a(libc_a-realloc.o) (_realloc_r)
C:/Users/ASUS/.pico-sdk/toolchain/14_2_Rel1/bin/../lib/gcc/arm-none-eabi/14.2.1/thumb/v6-m/nofp\libg.a(libc_a-memcmp.o)
                              CMakeFiles/USB_DEVICE_AND_KEYBOARD.dir/C_/Users/ASUS/.pico-sdk/sdk/2.2.0/src/rp2_common/pico_atomic/atomic.c.obj (memcmp)
C:/Users/ASUS/.pico-sdk/toolchain/14_2_Rel1/bin/../lib/gcc/arm-none-eabi/14.2.1/thumb/v6-m/nofp\libg.a(libc_a-memmove.o)
                              C:/Users/ASUS/.pico-sdk/toolchain/14_2_Rel1/bin/../lib/gcc/arm-none-eabi/14.2.1/thumb/v6-m/nofp\libg.a(libc_a-reallocr.o) (memmove)
C:/Users/ASUS/.pico-sdk/toolchain/14_2_Rel1/bin/../lib/gcc/arm-none-eabi/14.2.1/thumb/v6-m/nofp\libg.a(libc_a-lcltime_r.o)
                              CMakeFiles/USB_DEVICE_AND_KEYBOARD.dir/C_/Users/ASUS/.pico-sdk/sdk/2.2.0/src/common/pico_util/datetime.c.obj (localtime_r)
C:/Users/ASUS/.pico-sdk/toolchain/14_2_Rel1/bin/../lib/gcc/arm-none-eabi/14.2.1/thumb/v6-m/nofp\libg.a(libc_a-mktime.o)
                              CMakeFiles/USB_DEVICE_AND_KEYBOARD.dir/C_/Users/ASUS/.pico-sdk/sdk/2.2.0/src/common/pico_util/datetime.c.obj (mktime)
C:/Users/ASUS/.pico-sdk/toolchain/14_2_Rel1/bin/../lib/gcc/arm-none-eabi/14.2.1/thumb/v6-m/nofp\libg.a(libc_a-month_lengths.o)
                              C:/Users/ASUS/.pico-sdk/toolchain/14_2_Rel1/bin/../lib/gcc/arm-none-eabi/14.2.1/thumb/v6-m/nofp\libg.a(libc_a-lcltime_r.o) (__month_lengths)
C:/Users/ASUS/.pico-sdk/toolchain/14_2_Rel1/bin/../lib/gcc/arm-none-eabi/14.2.1/thumb/v6-m/nofp\libg.a(libc_a-tzcalc_limits.o)
                              C:/Users/ASUS/.pico-sdk/toolchain/14_2_Rel1/bin/../lib/gcc/arm-none-eabi/14.2.1/thumb/v6-m/nofp\libg.a(libc_a-lcltime_r.o) (__tzcalc_limits)
C:/Users/ASUS/.pico-sdk/toolchain/14_2_Rel1/bin/../lib/gcc/arm-none-eabi/14.2.1/thumb/v6-m/nofp\libg.a(libc_a-tzlock.o)
                              C:/Users/ASUS/.pico-sdk/toolchain/14_2_Rel1/bin/../lib/gcc/arm-none-eabi/14.2.1/thumb/v6-m/nofp\libg.a(libc_a-lcltime_r.o) (__tz_lock)
C:/Users/ASUS/.pico-sdk/toolchain/14_2_Rel1/bin/../lib/gcc/arm-none-eabi/14.2.1/thumb/v6-m/nofp\libg.a(libc_a-tzset.o)
                              C:/Users/ASUS/.pico-sdk/toolchain/14_2_Rel1/bin/../lib/gcc/arm-none-eabi/14.2.1/thumb/v6-m/nofp\libg.a(libc_a-lcltime_r.o) (_tzset_unlocked)
C:/Users/ASUS/.pico-sdk/toolchain/14_2_Rel1/bin/../lib/gcc/arm-none-eabi/14.2.1/thumb/v6-m/nofp\libg.a(libc_a-tzset_r.o)
                              C:/Users/ASUS/.pico-sdk/toolchain/14_2_Rel1/bin/../lib/gcc/arm-none-eabi/14.2.1/thumb/v6-m/nofp\libg.a(libc_a-tzset.o) (_tzset_unlocked_r)
C:/Users/ASUS/.pico-sdk/toolchain/14_2_Rel1/bin/../lib/gcc/arm-none-eabi/14.2.1/thumb/v6-m/nofp\libg.a(libc_a-tzvars.o)
[...]
Memory Configuration

Name             Origin             Length             Attributes
FLASH            0x10000000         0x00200000         xr
RAM              0x20000000         0x00040000         xrw
SCRATCH_X        0x20040000         0x00001000         xrw
SCRATCH_Y        0x20041000         0x00001000         xrw
*default*        0x00000000         0xffffffff

Linker script and memory map

LOAD C:/Users/ASUS/.pico-sdk/toolchain/14_2_Rel1/bin/../lib/gcc/arm-none-eabi/14.2.1/thumb/v6-m/nofp/crti.o
LOAD C:/Users/ASUS/.pico-sdk/toolchain/14_2_Rel1/bin/../lib/gcc/arm-none-eabi/14.2.1/thumb/v6-m/nofp/crtbegin.o
LOAD C:/Users/ASUS/.pico-sdk/toolchain/14_2_Rel1/bin/../lib/gcc/arm-none-eabi/14.2.1/thumb/v6-m/nofp/crt0.o

.flash_begin    0x10000000        0x0
                0x10000000                        __flash_binary_start = .

.boot2          0x10000000      0x100
                0x10000000                        __boot2_start__ = .
 *(.boot2)
 .boot2         0x10000000      0x100 pico-sdk/src/rp2040/boot_stage2/CMakeFiles/bs2_default_library.dir/./bs2_default_padded_checksummed.S.obj
                0x10000100                        __boot2_end__ = .
                0x00000001                        ASSERT (((__boot2_end__ - __boot2_start__) == 0x100), ERROR: Pico second stage bootloader must be 256 bytes in size)

.text           0x10000100     0xb078
                0x10000100                        __logical_binary_start = .
 *(.vectors)
 .vectors       0x10000100       0xd4 CMakeFiles/USB_DEVICE_AND_KEYBOARD.dir/C_/Users/ASUS/.pico-sdk/sdk/2.2.0/src/rp2_common/pico_crt0/crt0.S.obj
                0x10000100                __VECTOR_TABLE
                0x10000100                __vectors
                0x100001c0                isr_irq13
                0x100001c0                isr_irq27
                0x100001c0                isr_irq31
                0x100001c0                isr_irq12
                0x100001c0                isr_irq5
                0x100001c0                isr_irq11
                0x100001c0                isr_irq3
                0x100001c0                isr_irq23
                0x100001c0                __unhandled_user_irq
                0x100001c0                isr_irq26
                0x100001c0                isr_irq28
                0x100001c0                isr_irq19
                0x100001c0                isr_irq0
                0x100001c0                isr_irq6
                0x100001c0                isr_irq29
                0x100001c0                isr_irq16
                0x100001c0                isr_irq22
                0x100001c0                isr_irq18
                0x100001c0                isr_irq17
                0x100001c0                isr_irq14
                0x100001c0                __vectors_end
                0x100001c0                __default_isrs_start
                0x100001c0                isr_irq2
                0x100001c0                isr_irq10
                0x100001c0                isr_irq8
                0x100001c0                isr_irq24
                0x100001c0                isr_irq1
                0x100001c0                isr_irq7
                0x100001c0                isr_irq21
                0x100001c0                isr_irq20
                0x100001c0                isr_irq15
                0x100001c0                isr_irq25
                0x100001c0                isr_irq4
                0x100001c0                isr_irq30
                0x100001c0                isr_irq9
                0x100001c6                unhandled_user_irq_num_in_r0
                0x100001c8                isr_invalid
                0x100001ca                isr_nmi
                0x100001cc                isr_hardfault
                0x100001ce                isr_svcall
                0x100001d0                isr_pendsv
                0x100001d2                isr_systick
                0x100001d4                __default_isrs_end
 *(.binary_info_header)
 .binary_info_header
                0x100001d4       0x14 CMakeFiles/USB_DEVICE_AND_KEYBOARD.dir/C_/Users/ASUS/.pico-sdk/sdk/2.2.0/src/rp2_common/pico_crt0/crt0.S.obj
                0x100001e8                        __binary_info_header_end = .
 *(.embedded_block)
                0x100001e8                        __embedded_block_end = .
 *(.reset)
 .reset         0x100001e8       0x9c CMakeFiles/USB_DEVICE_AND_KEYBOARD.dir/C_/Users/ASUS/.pico-sdk/sdk/2.2.0/src/rp2_common/pico_crt0/crt0.S.obj
                0x100001e8                _entry_point
 *(.init)
 .init          0x10000284        0x4 C:/Users/ASUS/.pico-sdk/toolchain/14_2_Rel1/bin/../lib/gcc/arm-none-eabi/14.2.1/thumb/v6-m/nofp/crti.o
                0x10000284                _init
 *(EXCLUDE_FILE(*libm.a: *libc.a:*lib_a-mem*.o *libgcc.a:) .text*)
 .text.register_tm_clones
                0x10000288       0x28 C:/Users/ASUS/.pico-sdk/toolchain/14_2_Rel1/bin/../lib/gcc/arm-none-eabi/14.2.1/thumb/v6-m/nofp/crtbegin.o
 .text.frame_dummy
                0x100002b0       0x24 C:/Users/ASUS/.pico-sdk/toolchain/14_2_Rel1/bin/../lib/gcc/arm-none-eabi/14.2.1/thumb/v6-m/nofp/crtbegin.o
 .text.startup.main
                0x100002d4       0x68 CMakeFiles/USB_DEVICE_AND_KEYBOARD.dir/main_device.c.obj
                0x100002d4                main
 .text.tud_cdc_rx_cb
                0x1000033c        0x4 CMakeFiles/USB_DEVICE_AND_KEYBOARD.dir/main_device.c.obj
                0x1000033c                tud_cdc_rx_cb
 .text.core1_main
                0x10000340      0x10c CMakeFiles/USB_DEVICE_AND_KEYBOARD.dir/main_host.c.obj
                0x10000340                core1_main
 .text.tuh_hid_mount_cb
                0x1000044c       0x94 CMakeFiles/USB_DEVICE_AND_KEYBOARD.dir/main_host.c.obj
                0x1000044c                tuh_hid_mount_cb
 .text.tuh_hid_umount_cb
                0x100004e0       0x2c CMakeFiles/USB_DEVICE_AND_KEYBOARD.dir/main_host.c.obj
                0x100004e0                tuh_hid_umount_cb
 .text.tuh_hid_report_received_cb
                0x1000050c       0x4c CMakeFiles/USB_DEVICE_AND_KEYBOARD.dir/main_host.c.obj
                0x1000050c                tuh_hid_report_received_cb
 .text.tud_descriptor_device_cb
                0x10000558        0x8 CMakeFiles/USB_DEVICE_AND_KEYBOARD.dir/usb_descriptors.c.obj
                0x10000558                tud_descriptor_device_cb
 .text.tud_descriptor_configuration_cb
                0x10000560        0x8 CMakeFiles/USB_DEVICE_AND_KEYBOARD.dir/usb_descriptors.c.obj
                0x10000560                tud_descriptor_configuration_cb
 .text.tud_descriptor_string_cb
                0x10000568       0x74 CMakeFiles/USB_DEVICE_AND_KEYBOARD.dir/usb_descriptors.c.obj
                0x10000568                tud_descriptor_string_cb
 .text.tud_hid_descriptor_report_cb
                0x100005dc        0x8 CMakeFiles/USB_DEVICE_AND_KEYBOARD.dir/usb_descriptors.c.obj
                0x100005dc                tud_hid_descriptor_report_cb
 .text.tud_hid_set_report_cb
                0x100005e4        0x4 CMakeFiles/USB_DEVICE_AND_KEYBOARD.dir/usb_descriptors.c.obj
                0x100005e4                tud_hid_set_report_cb
 .text.tud_hid_get_report_cb
                0x100005e8        0x4 CMakeFiles/USB_DEVICE_AND_KEYBOARD.dir/usb_descriptors.c.obj
                0x100005e8                tud_hid_get_report_cb
 .text.tud_hid_report_complete_cb
                0x100005ec        0x4 CMakeFiles/USB_DEVICE_AND_KEYBOARD.dir/usb_descriptors.c.obj
                0x100005ec                tud_hid_report_complete_cb
 .text.kbd_to_con
                0x100005f0      0x260 CMakeFiles/USB_DEVICE_AND_KEYBOARD.dir/converter.c.obj
                0x100005f0                kbd_to_con
 .text.mouse_to_con
                0x10000850      0x168 CMakeFiles/USB_DEVICE_AND_KEYBOARD.dir/converter.c.obj
                0x10000850                mouse_to_con
 .text.converter_task
                0x100009b8       0xb4 CMakeFiles/USB_DEVICE_AND_KEYBOARD.dir/converter.c.obj
                0x100009b8                converter_task
 .text.keyConfig
                0x10000a6c       0x8c CMakeFiles/USB_DEVICE_AND_KEYBOARD.dir/converter.c.obj
                0x10000a6c                keyConfig
 .text.init_converter
                0x10000af8       0x10 CMakeFiles/USB_DEVICE_AND_KEYBOARD.dir/converter.c.obj
                0x10000af8                init_converter
 .text.saveConfig
                0x10000b08       0x64 CMakeFiles/USB_DEVICE_AND_KEYBOARD.dir/converter.c.obj
                0x10000b08                saveConfig
 .text.hcd_configure
                0x10000b6c       0x20 CMakeFiles/USB_DEVICE_AND_KEYBOARD.dir/C_/Users/ASUS/.pico-sdk/sdk/2.2.0/lib/tinyusb/src/portable/raspberrypi/pio_usb/hcd_pio_usb.c.obj
                0x10000b6c                hcd_configure
 .text.hcd_init
                0x10000b8c       0x10 CMakeFiles/USB_DEVICE_AND_KEYBOARD.dir/C_/Users/ASUS/.pico-sdk/sdk/2.2.0/lib/tinyusb/src/portable/raspberrypi/pio_usb/hcd_pio_usb.c.obj
                0x10000b8c                hcd_init
 .text.hcd_port_reset
                0x10000b9c        0xc CMakeFiles/USB_DEVICE_AND_KEYBOARD.dir/C_/Users/ASUS/.pico-sdk/sdk/2.2.0/lib/tinyusb/src/portable/raspberrypi/pio_usb/hcd_pio_usb.c.obj
                0x10000b9c                hcd_port_reset
 .text.hcd_port_reset_end
                0x10000ba8        0xc CMakeFiles/USB_DEVICE_AND_KEYBOARD.dir/C_/Users/ASUS/.pico-sdk/sdk/2.2.0/lib/tinyusb/src/portable/raspberrypi/pio_usb/hcd_pio_usb.c.obj
                0x10000ba8                hcd_port_reset_end
 .text.hcd_port_connect_status
                0x10000bb4       0x40 CMakeFiles/USB_DEVICE_AND_KEYBOARD.dir/C_/Users/ASUS/.pico-sdk/sdk/2.2.0/lib/tinyusb/src/portable/raspberrypi/pio_usb/hcd_pio_usb.c.obj
                0x10000bb4                hcd_port_connect_status
 .text.hcd_port_speed_get
                0x10000bf4       0x1c CMakeFiles/USB_DEVICE_AND_KEYBOARD.dir/C_/Users/ASUS/.pico-sdk/sdk/2.2.0/lib/tinyusb/src/portable/raspberrypi/pio_usb/hcd_pio_usb.c.obj
                0x10000bf4                hcd_port_speed_get
 .text.hcd_device_close
                0x10000c10        0xc CMakeFiles/USB_DEVICE_AND_KEYBOARD.dir/C_/Users/ASUS/.pico-sdk/sdk/2.2.0/lib/tinyusb/src/portable/raspberrypi/pio_usb/hcd_pio_usb.c.obj
                0x10000c10                hcd_device_close
 .text.hcd_int_enable
                0x10000c1c        0x4 CMakeFiles/USB_DEVICE_AND_KEYBOARD.dir/C_/Users/ASUS/.pico-sdk/sdk/2.2.0/lib/tinyusb/src/portable/raspberrypi/pio_usb/hcd_pio_usb.c.obj
                0x10000c1c                hcd_int_enable
 .text.hcd_edpt_open
                0x10000c20       0x38 CMakeFiles/USB_DEVICE_AND_KEYBOARD.dir/C_/Users/ASUS/.pico-sdk/sdk/2.2.0/lib/tinyusb/src/portable/raspberrypi/pio_usb/hcd_pio_usb.c.obj
                0x10000c20                hcd_edpt_open
 .text.hcd_edpt_xfer
                0x10000c58       0x18 CMakeFiles/USB_DEVICE_AND_KEYBOARD.dir/C_/Users/ASUS/.pico-sdk/sdk/2.2.0/lib/tinyusb/src/portable/raspberrypi/pio_usb/hcd_pio_usb.c.obj
                0x10000c58                hcd_edpt_xfer
 .text.hcd_edpt_abort_xfer
                0x10000c70        0xc CMakeFiles/USB_DEVICE_AND_KEYBOARD.dir/C_/Users/ASUS/.pico-sdk/sdk/2.2.0/lib/tinyusb/src/portable/raspberrypi/pio_usb/hcd_pio_usb.c.obj
                0x10000c70                hcd_edpt_abort_xfer
 .text.hcd_setup_send
                0x10000c7c        0xc CMakeFiles/USB_DEVICE_AND_KEYBOARD.dir/C_/Users/ASUS/.pico-sdk/sdk/2.2.0/lib/tinyusb/src/portable/raspberrypi/pio_usb/hcd_pio_usb.c.obj
                0x10000c7c                hcd_setup_send
 .text.gpio_set_function
                0x10000c88       0x34 CMakeFiles/USB_DEVICE_AND_KEYBOARD.dir/C_/Users/ASUS/.pico-sdk/sdk/2.2.0/src/rp2_common/hardware_gpio/gpio.c.obj
                0x10000c88                gpio_set_function
 .text.gpio_set_pulls
                0x10000cbc       0x28 CMakeFiles/USB_DEVICE_AND_KEYBOARD.dir/C_/Users/ASUS/.pico-sdk/sdk/2.2.0/src/rp2_common/hardware_gpio/gpio.c.obj
                0x10000cbc                gpio_set_pulls
 .text.gpio_set_inover
                0x10000ce4       0x24 CMakeFiles/USB_DEVICE_AND_KEYBOARD.dir/C_/Users/ASUS/.pico-sdk/sdk/2.2.0/src/rp2_common/hardware_gpio/gpio.c.obj
                0x10000ce4                gpio_set_inover
 .text.gpio_set_outover
                0x10000d08       0x24 CMakeFiles/USB_DEVICE_AND_KEYBOARD.dir/C_/Users/ASUS/.pico-sdk/sdk/2.2.0/src/rp2_common/hardware_gpio/gpio.c.obj
                0x10000d08                gpio_set_outover
 .text.gpio_set_oeover
                0x10000d2c       0x24 CMakeFiles/USB_DEVICE_AND_KEYBOARD.dir/C_/Users/ASUS/.pico-sdk/sdk/2.2.0/src/rp2_common/hardware_gpio/gpio.c.obj
                0x10000d2c                gpio_set_oeover
 .text.gpio_set_slew_rate
                0x10000d50       0x20 CMakeFiles/USB_DEVICE_AND_KEYBOARD.dir/C_/Users/ASUS/.pico-sdk/sdk/2.2.0/src/rp2_common/hardware_gpio/gpio.c.obj
                0x10000d50                gpio_set_slew_rate
 .text.gpio_set_drive_strength
                0x10000d70       0x24 CMakeFiles/USB_DEVICE_AND_KEYBOARD.dir/C_/Users/ASUS/.pico-sdk/sdk/2.2.0/src/rp2_common/hardware_gpio/gpio.c.obj
                0x10000d70                gpio_set_drive_strength
 .text.gpio_init
                0x10000d94       0x40 CMakeFiles/USB_DEVICE_AND_KEYBOARD.dir/C_/Users/ASUS/.pico-sdk/sdk/2.2.0/src/rp2_common/hardware_gpio/gpio.c.obj
                0x10000d94                gpio_init
 .text.rp2040_chip_version
                0x10000dd4        0xc CMakeFiles/USB_DEVICE_AND_KEYBOARD.dir/C_/Users/ASUS/.pico-sdk/sdk/2.2.0/src/rp2040/pico_platform/platform.c.obj
                0x10000dd4                rp2040_chip_version
 .text.panic    0x10000de0       0x30 CMakeFiles/USB_DEVICE_AND_KEYBOARD.dir/C_/Users/ASUS/.pico-sdk/sdk/2.2.0/src/rp2_common/pico_platform_panic/panic.c.obj
                0x10000de0                panic
 .text.hw_claim_lock
                0x10000e10       0x18 CMakeFiles/USB_DEVICE_AND_KEYBOARD.dir/C_/Users/ASUS/.pico-sdk/sdk/2.2.0/src/common/hardware_claim/claim.c.obj
                0x10000e10                hw_claim_lock
 .text.hw_claim_unlock
                0x10000e28       0x14 CMakeFiles/USB_DEVICE_AND_KEYBOARD.dir/C_/Users/ASUS/.pico-sdk/sdk/2.2.0/src/common/hardware_claim/claim.c.obj
                0x10000e28                hw_claim_unlock
 .text.hw_claim_or_assert
                0x10000e3c       0x44 CMakeFiles/USB_DEVICE_AND_KEYBOARD.dir/C_/Users/ASUS/.pico-sdk/sdk/2.2.0/src/common/hardware_claim/claim.c.obj
                0x10000e3c                hw_claim_or_assert
 .text.hw_claim_unused_from_range
                0x10000e80       0x88 CMakeFiles/USB_DEVICE_AND_KEYBOARD.dir/C_/Users/ASUS/.pico-sdk/sdk/2.2.0/src/common/hardware_claim/claim.c.obj
                0x10000e80                hw_claim_unused_from_range
 .text.next_striped_spin_lock_num
                0x10000f08       0x18 CMakeFiles/USB_DEVICE_AND_KEYBOARD.dir/C_/Users/ASUS/.pico-sdk/sdk/2.2.0/src/rp2_common/hardware_sync/sync.c.obj
                0x10000f08                next_striped_spin_lock_num
 .text.spin_lock_claim_unused
                0x10000f20       0x24 CMakeFiles/USB_DEVICE_AND_KEYBOARD.dir/C_/Users/ASUS/.pico-sdk/sdk/2.2.0/src/rp2_common/hardware_sync/sync.c.obj
                0x10000f20                spin_lock_claim_unused
 .text.spin_locks_reset
                0x10000f44       0x1c CMakeFiles/USB_DEVICE_AND_KEYBOARD.dir/C_/Users/ASUS/.pico-sdk/sdk/2.2.0/src/rp2_common/hardware_sync_spin_lock/sync_spin_lock.c.obj
                0x10000f44                spin_locks_reset
 .text.runtime_init_per_core_irq_priorities
                0x10000f60       0x24 CMakeFiles/USB_DEVICE_AND_KEYBOARD.dir/C_/Users/ASUS/.pico-sdk/sdk/2.2.0/src/rp2_common/hardware_irq/irq.c.obj
                0x10000f60                runtime_init_per_core_irq_priorities
 .text.irq_set_enabled
                0x10000f84       0x24 CMakeFiles/USB_DEVICE_AND_KEYBOARD.dir/C_/Users/ASUS/.pico-sdk/sdk/2.2.0/src/rp2_common/hardware_irq/irq.c.obj
                0x10000f84                irq_set_enabled
 .text.irq_is_enabled
                0x10000fa8       0x18 CMakeFiles/USB_DEVICE_AND_KEYBOARD.dir/C_/Users/ASUS/.pico-sdk/sdk/2.2.0/src/rp2_common/hardware_irq/irq.c.obj
                0x10000fa8                irq_is_enabled
 .text.irq_set_exclusive_handler
                0x10000fc0       0x54 CMakeFiles/USB_DEVICE_AND_KEYBOARD.dir/C_/Users/ASUS/.pico-sdk/sdk/2.2.0/src/rp2_common/hardware_irq/irq.c.obj
                0x10000fc0                irq_set_exclusive_handler
 .text.irq_add_shared_handler
                0x10001014      0x1f4 CMakeFiles/USB_DEVICE_AND_KEYBOARD.dir/C_/Users/ASUS/.pico-sdk/sdk/2.2.0/src/rp2_common/hardware_irq/irq.c.obj
                0x10001014                irq_add_shared_handler
 .text.irq_remove_handler
                0x10001208      0x1d4 CMakeFiles/USB_DEVICE_AND_KEYBOARD.dir/C_/Users/ASUS/.pico-sdk/sdk/2.2.0/src/rp2_common/hardware_irq/irq.c.obj
                0x10001208                irq_remove_handler
 .text.irq_add_tail_to_free_list
                0x100013dc       0xb4 CMakeFiles/USB_DEVICE_AND_KEYBOARD.dir/C_/Users/ASUS/.pico-sdk/sdk/2.2.0/src/rp2_common/hardware_irq/irq.c.obj
                0x100013dc                irq_add_tail_to_free_list
 .text.lock_init
                0x10001490       0x10 CMakeFiles/USB_DEVICE_AND_KEYBOARD.dir/C_/Users/ASUS/.pico-sdk/sdk/2.2.0/src/common/pico_sync/lock_core.c.obj
                0x10001490                lock_init
 .text.runtime_init_mutex
                0x100014a0       0x50 CMakeFiles/USB_DEVICE_AND_KEYBOARD.dir/C_/Users/ASUS/.pico-sdk/sdk/2.2.0/src/common/pico_sync/mutex.c.obj
                0x100014a0                runtime_init_mutex
 .text.mutex_init
                0x100014f0       0x1c CMakeFiles/USB_DEVICE_AND_KEYBOARD.dir/C_/Users/ASUS/.pico-sdk/sdk/2.2.0/src/common/pico_sync/mutex.c.obj
                0x100014f0                mutex_init
 .text.critical_section_init
                0x1000150c       0x1c CMakeFiles/USB_DEVICE_AND_KEYBOARD.dir/C_/Users/ASUS/.pico-sdk/sdk/2.2.0/src/common/pico_sync/critical_section.c.obj
                0x1000150c                critical_section_init
 .text.sleep_until_callback
                0x10001528       0x30 CMakeFiles/USB_DEVICE_AND_KEYBOARD.dir/C_/Users/ASUS/.pico-sdk/sdk/2.2.0/src/common/pico_time/time.c.obj
 .text.alarm_pool_irq_handler
                0x10001558      0x300 CMakeFiles/USB_DEVICE_AND_KEYBOARD.dir/C_/Users/ASUS/.pico-sdk/sdk/2.2.0/src/common/pico_time/time.c.obj
 .text.runtime_init_default_alarm_pool
                0x10001858       0xdc CMakeFiles/USB_DEVICE_AND_KEYBOARD.dir/C_/Users/ASUS/.pico-sdk/sdk/2.2.0/src/common/pico_time/time.c.obj
                0x10001858                runtime_init_default_alarm_pool
 .text.alarm_pool_create_on_timer
                0x10001934       0xb4 CMakeFiles/USB_DEVICE_AND_KEYBOARD.dir/C_/Users/ASUS/.pico-sdk/sdk/2.2.0/src/common/pico_time/time.c.obj
                0x10001934                alarm_pool_create_on_timer
 .text.alarm_pool_add_alarm_at_force_in_context
                0x100019e8       0xb0 CMakeFiles/USB_DEVICE_AND_KEYBOARD.dir/C_/Users/ASUS/.pico-sdk/sdk/2.2.0/src/common/pico_time/time.c.obj
                0x100019e8                alarm_pool_add_alarm_at_force_in_context
 .text.alarm_pool_cancel_alarm
                0x10001a98       0x74 CMakeFiles/USB_DEVICE_AND_KEYBOARD.dir/C_/Users/ASUS/.pico-sdk/sdk/2.2.0/src/common/pico_time/time.c.obj
                0x10001a98                alarm_pool_cancel_alarm
 .text.sleep_ms
                0x10001b0c       0xfc CMakeFiles/USB_DEVICE_AND_KEYBOARD.dir/C_/Users/ASUS/.pico-sdk/sdk/2.2.0/src/common/pico_time/time.c.obj
                0x10001b0c                sleep_ms
 .text.best_effort_wfe_or_timeout
                0x10001c08      0x10c CMakeFiles/USB_DEVICE_AND_KEYBOARD.dir/C_/Users/ASUS/.pico-sdk/sdk/2.2.0/src/common/pico_time/time.c.obj
                0x10001c08                best_effort_wfe_or_timeout
 .text.alarm_pool_add_repeating_timer_us
                0x10001d14      0x124 CMakeFiles/USB_DEVICE_AND_KEYBOARD.dir/C_/Users/ASUS/.pico-sdk/sdk/2.2.0/src/common/pico_time/time.c.obj
                0x10001d14                alarm_pool_add_repeating_timer_us
 .text.alarm_pool_get_default_timer
                0x10001e38        0x8 CMakeFiles/USB_DEVICE_AND_KEYBOARD.dir/C_/Users/ASUS/.pico-sdk/sdk/2.2.0/src/common/pico_time/time.c.obj
                0x10001e38                alarm_pool_get_default_timer
 .text.timer_hardware_alarm_claim
                0x10001e40       0x14 CMakeFiles/USB_DEVICE_AND_KEYBOARD.dir/C_/Users/ASUS/.pico-sdk/sdk/2.2.0/src/rp2_common/hardware_timer/timer.c.obj
                0x10001e40                timer_hardware_alarm_claim
 .text.timer_time_us_64
                0x10001e54       0x10 CMakeFiles/USB_DEVICE_AND_KEYBOARD.dir/C_/Users/ASUS/.pico-sdk/sdk/2.2.0/src/rp2_common/hardware_timer/timer.c.obj
                0x10001e54                timer_time_us_64
 .text.time_us_64
                0x10001e64       0x14 CMakeFiles/USB_DEVICE_AND_KEYBOARD.dir/C_/Users/ASUS/.pico-sdk/sdk/2.2.0/src/rp2_common/hardware_timer/timer.c.obj
                0x10001e64                time_us_64
 .text.busy_wait_us
                0x10001e78       0x68 CMakeFiles/USB_DEVICE_AND_KEYBOARD.dir/C_/Users/ASUS/.pico-sdk/sdk/2.2.0/src/rp2_common/hardware_timer/timer.c.obj
                0x10001e78                busy_wait_us
 .text.busy_wait_ms
                0x10001ee0       0x9c CMakeFiles/USB_DEVICE_AND_KEYBOARD.dir/C_/Users/ASUS/.pico-sdk/sdk/2.2.0/src/rp2_common/hardware_timer/timer.c.obj
                0x10001ee0                busy_wait_ms
 .text.busy_wait_until
                0x10001f7c       0x20 CMakeFiles/USB_DEVICE_AND_KEYBOARD.dir/C_/Users/ASUS/.pico-sdk/sdk/2.2.0/src/rp2_common/hardware_timer/timer.c.obj
                0x10001f7c                busy_wait_until
 .text.uart_init
                0x10001f9c      0x120 CMakeFiles/USB_DEVICE_AND_KEYBOARD.dir/C_/Users/ASUS/.pico-sdk/sdk/2.2.0/src/rp2_common/hardware_uart/uart.c.obj
                0x10001f9c                uart_init
 .text.clock_configure_int_divider
                0x100020bc       0xf4 CMakeFiles/USB_DEVICE_AND_KEYBOARD.dir/C_/Users/ASUS/.pico-sdk/sdk/2.2.0/src/rp2_common/hardware_clocks/clocks.c.obj
                0x100020bc                clock_configure_int_divider
 .text.clock_configure_undivided
                0x100021b0       0xe8 CMakeFiles/USB_DEVICE_AND_KEYBOARD.dir/C_/Users/ASUS/.pico-sdk/sdk/2.2.0/src/rp2_common/hardware_clocks/clocks.c.obj
                0x100021b0                clock_configure_undivided
 .text.clock_get_hz
                0x10002298        0xc CMakeFiles/USB_DEVICE_AND_KEYBOARD.dir/C_/Users/ASUS/.pico-sdk/sdk/2.2.0/src/rp2_common/hardware_clocks/clocks.c.obj
                0x10002298                clock_get_hz
 .text.set_sys_clock_pll
                0x100022a4      0x1b8 CMakeFiles/USB_DEVICE_AND_KEYBOARD.dir/C_/Users/ASUS/.pico-sdk/sdk/2.2.0/src/rp2_common/hardware_clocks/clocks.c.obj
                0x100022a4                set_sys_clock_pll
 .text.check_sys_clock_khz
                0x1000245c      0x26c CMakeFiles/USB_DEVICE_AND_KEYBOARD.dir/C_/Users/ASUS/.pico-sdk/sdk/2.2.0/src/rp2_common/hardware_clocks/clocks.c.obj
                0x1000245c                check_sys_clock_khz
 .text.pll_init
                0x100026c8       0xa4 CMakeFiles/USB_DEVICE_AND_KEYBOARD.dir/C_/Users/ASUS/.pico-sdk/sdk/2.2.0/src/rp2_common/hardware_pll/pll.c.obj
                0x100026c8                pll_init
 .text.watchdog_enable
                0x1000276c       0x88 CMakeFiles/USB_DEVICE_AND_KEYBOARD.dir/C_/Users/ASUS/.pico-sdk/sdk/2.2.0/src/rp2_common/hardware_watchdog/watchdog.c.obj
                0x1000276c                watchdog_enable
 .text.tick_start
                0x100027f4       0x10 CMakeFiles/USB_DEVICE_AND_KEYBOARD.dir/C_/Users/ASUS/.pico-sdk/sdk/2.2.0/src/rp2_common/hardware_ticks/ticks.c.obj
                0x100027f4                tick_start
 .text.rom_func_lookup
                0x10002804       0x10 CMakeFiles/USB_DEVICE_AND_KEYBOARD.dir/C_/Users/ASUS/.pico-sdk/sdk/2.2.0/src/rp2_common/pico_bootrom/bootrom.c.obj
                0x10002804                rom_func_lookup
 .text.rom_data_lookup
                0x10002814       0x10 CMakeFiles/USB_DEVICE_AND_KEYBOARD.dir/C_/Users/ASUS/.pico-sdk/sdk/2.2.0/src/rp2_common/pico_bootrom/bootrom.c.obj
                0x10002814                rom_data_lookup
 .text.rom_funcs_lookup
                0x10002824       0x44 CMakeFiles/USB_DEVICE_AND_KEYBOARD.dir/C_/Users/ASUS/.pico-sdk/sdk/2.2.0/src/rp2_common/pico_bootrom/bootrom.c.obj
                0x10002824                rom_funcs_lookup
 .text.xosc_init
                0x10002868       0x28 CMakeFiles/USB_DEVICE_AND_KEYBOARD.dir/C_/Users/ASUS/.pico-sdk/sdk/2.2.0/src/rp2_common/hardware_xosc/xosc.c.obj
                0x10002868                xosc_init
 .text.first_per_core_initializer
                0x10002890        0x4 CMakeFiles/USB_DEVICE_AND_KEYBOARD.dir/C_/Users/ASUS/.pico-sdk/sdk/2.2.0/src/rp2_common/pico_runtime/runtime.c.obj
 .text.hard_assertion_failure
                0x10002894        0xc CMakeFiles/USB_DEVICE_AND_KEYBOARD.dir/C_/Users/ASUS/.pico-sdk/sdk/2.2.0/src/rp2_common/pico_runtime/runtime.c.obj
                0x10002894                hard_assertion_failure
 .text.runtime_run_initializers
                0x100028a0       0x28 CMakeFiles/USB_DEVICE_AND_KEYBOARD.dir/C_/Users/ASUS/.pico-sdk/sdk/2.2.0/src/rp2_common/pico_runtime/runtime.c.obj
                0x100028a0                runtime_run_initializers
 .text.runtime_run_per_core_initializers
                0x100028c8       0x28 CMakeFiles/USB_DEVICE_AND_KEYBOARD.dir/C_/Users/ASUS/.pico-sdk/sdk/2.2.0/src/rp2_common/pico_runtime/runtime.c.obj
                0x100028c8                runtime_run_per_core_initializers
 .text.runtime_init_early_resets
                0x100028f0       0x2c CMakeFiles/USB_DEVICE_AND_KEYBOARD.dir/C_/Users/ASUS/.pico-sdk/sdk/2.2.0/src/rp2_common/pico_runtime_init/runtime_init.c.obj
                0x100028f0                runtime_init_early_resets
 .text.runtime_init_usb_power_down
                0x1000291c       0x1c CMakeFiles/USB_DEVICE_AND_KEYBOARD.dir/C_/Users/ASUS/.pico-sdk/sdk/2.2.0/src/rp2_common/pico_runtime_init/runtime_init.c.obj
                0x1000291c                runtime_init_usb_power_down
 .text.runtime_init_post_clock_resets
                0x10002938       0x20 CMakeFiles/USB_DEVICE_AND_KEYBOARD.dir/C_/Users/ASUS/.pico-sdk/sdk/2.2.0/src/rp2_common/pico_runtime_init/runtime_init.c.obj
                0x10002938                runtime_init_post_clock_resets
 .text.runtime_init_rp2040_gpio_ie_disable
                0x10002958       0x14 CMakeFiles/USB_DEVICE_AND_KEYBOARD.dir/C_/Users/ASUS/.pico-sdk/sdk/2.2.0/src/rp2_common/pico_runtime_init/runtime_init.c.obj
                0x10002958                runtime_init_rp2040_gpio_ie_disable
 .text.runtime_init_spin_locks_reset
                0x1000296c        0x8 CMakeFiles/USB_DEVICE_AND_KEYBOARD.dir/C_/Users/ASUS/.pico-sdk/sdk/2.2.0/src/rp2_common/pico_runtime_init/runtime_init.c.obj
                0x1000296c                runtime_init_spin_locks_reset
 .text.runtime_init_install_ram_vector_table
                0x10002974       0xb4 CMakeFiles/USB_DEVICE_AND_KEYBOARD.dir/C_/Users/ASUS/.pico-sdk/sdk/2.2.0/src/rp2_common/pico_runtime_init/runtime_init.c.obj
                0x10002974                runtime_init_install_ram_vector_table
 .text.runtime_init_clocks
                0x10002a28       0xd8 CMakeFiles/USB_DEVICE_AND_KEYBOARD.dir/C_/Users/ASUS/.pico-sdk/sdk/2.2.0/src/rp2_common/pico_runtime_init/runtime_init_clocks.c.obj
                0x10002a28                runtime_init_clocks
 .text          0x10002b00       0x10 CMakeFiles/USB_DEVICE_AND_KEYBOARD.dir/C_/Users/ASUS/.pico-sdk/sdk/2.2.0/src/rp2_common/pico_bit_ops/bit_ops_aeabi.S.obj
 .text.ctzsi    0x10002b10        0xc CMakeFiles/USB_DEVICE_AND_KEYBOARD.dir/C_/Users/ASUS/.pico-sdk/sdk/2.2.0/src/rp2_common/pico_bit_ops/bit_ops_aeabi.S.obj
                0x10002b10                __wrap___ctzsi2
 .text.__wrap___aeabi_idiv
                0x10002b1c       0x50 CMakeFiles/USB_DEVICE_AND_KEYBOARD.dir/C_/Users/ASUS/.pico-sdk/sdk/2.2.0/src/rp2_common/pico_divider/divider_hardware.S.obj
                0x10002b1c                __wrap___aeabi_idivmod
                0x10002b1c                divmod_s32s32
                0x10002b1c                div_s32s32
                0x10002b1c                __wrap___aeabi_idiv
                0x10002b24                divmod_s32s32_unsafe
                0x10002b50                divmod_s32s32_savestate
 .text.__wrap___aeabi_uidiv
                0x10002b6c       0x4c CMakeFiles/USB_DEVICE_AND_KEYBOARD.dir/C_/Users/ASUS/.pico-sdk/sdk/2.2.0/src/rp2_common/pico_divider/divider_hardware.S.obj
                0x10002b6c                __wrap___aeabi_uidiv
                0x10002b6c                __wrap___aeabi_uidivmod
                0x10002b6c                div_u32u32
                0x10002b6c                divmod_u32u32
                0x10002b74                divmod_u32u32_unsafe
                0x10002b9c                divmod_u32u32_savestate
 .text.__wrap___aeabi_ldiv
                0x10002bb8      0x424 CMakeFiles/USB_DEVICE_AND_KEYBOARD.dir/C_/Users/ASUS/.pico-sdk/sdk/2.2.0/src/rp2_common/pico_divider/divider_hardware.S.obj
                0x10002bb8                div_s64s64
                0x10002bb8                divmod_s64s64
                0x10002bb8                __wrap___aeabi_ldivmod
                0x10002be8                divmod_u64u64
                0x10002be8                div_u64u64
                0x10002be8                __wrap___aeabi_uldivmod
                0x10002bf8                divmod_u64u64_savestate
                0x10002c18                divmod_s64s64_unsafe
                0x10002ca0                divmod_u64u64_unsafe
 .text.__wrap___aeabi_darithmetic
                0x10002fdc       0x60 CMakeFiles/USB_DEVICE_AND_KEYBOARD.dir/C_/Users/ASUS/.pico-sdk/sdk/2.2.0/src/rp2_common/pico_double/double_aeabi_rp2040.S.obj
                0x10002fdc                __wrap___aeabi_drsub
                0x10002fe2                __wrap___aeabi_dsub
                0x10002fec                __wrap___aeabi_dadd
                0x10002ff6                __wrap___aeabi_ddiv
                0x1000302a                __wrap___aeabi_dmul
 .text.__wrap___aeabi_cdcmple
                0x1000303c       0x6c CMakeFiles/USB_DEVICE_AND_KEYBOARD.dir/C_/Users/ASUS/.pico-sdk/sdk/2.2.0/src/rp2_common/pico_double/double_aeabi_rp2040.S.obj
                0x1000303c                __wrap___aeabi_cdrcmple
                0x1000304c                __wrap___aeabi_cdcmpeq
                0x1000304c                __wrap___aeabi_cdcmple
 .text.__wrap___aeabi_dcmplt
                0x100030a8        0xc CMakeFiles/USB_DEVICE_AND_KEYBOARD.dir/C_/Users/ASUS/.pico-sdk/sdk/2.2.0/src/rp2_common/pico_double/double_aeabi_rp2040.S.obj
                0x100030a8                __wrap___aeabi_dcmplt
 .text.__wrap___aeabi_dcmple
                0x100030b4       0x10 CMakeFiles/USB_DEVICE_AND_KEYBOARD.dir/C_/Users/ASUS/.pico-sdk/sdk/2.2.0/src/rp2_common/pico_double/double_aeabi_rp2040.S.obj
                0x100030b4                __wrap___aeabi_dcmple
 .text.__wrap___aeabi_dcmpge
                0x100030c4       0x10 CMakeFiles/USB_DEVICE_AND_KEYBOARD.dir/C_/Users/ASUS/.pico-sdk/sdk/2.2.0/src/rp2_common/pico_double/double_aeabi_rp2040.S.obj
                0x100030c4                __wrap___aeabi_dcmpge
 .text.__wrap___aeabi_dcmpgt
                0x100030d4        0xa CMakeFiles/USB_DEVICE_AND_KEYBOARD.dir/C_/Users/ASUS/.pico-sdk/sdk/2.2.0/src/rp2_common/pico_double/double_aeabi_rp2040.S.obj
                0x100030d4                __wrap___aeabi_dcmpgt
 .text.__wrap___aeabi_dcmpun
                0x100030de       0x18 CMakeFiles/USB_DEVICE_AND_KEYBOARD.dir/C_/Users/ASUS/.pico-sdk/sdk/2.2.0/src/rp2_common/pico_double/double_aeabi_rp2040.S.obj
                0x100030de                __wrap___aeabi_dcmpun
 *fill*         0x100030f6        0x2 
 .text.__wrap___aeabi_i2d
                0x100030f8       0x38 CMakeFiles/USB_DEVICE_AND_KEYBOARD.dir/C_/Users/ASUS/.pico-sdk/sdk/2.2.0/src/rp2_common/pico_double/double_aeabi_rp2040.S.obj
                0x100030f8                uint2double
                0x100030f8                __wrap___aeabi_ui2d
                0x10003100                int2double
                0x10003100                __wrap___aeabi_i2d
 .text.__wrap___aeabi_d2iz
                0x10003130       0x48 CMakeFiles/USB_DEVICE_AND_KEYBOARD.dir/C_/Users/ASUS/.pico-sdk/sdk/2.2.0/src/rp2_common/pico_double/double_aeabi_rp2040.S.obj
                0x10003130                double2int_z
                0x10003130                __wrap___aeabi_d2iz
 .text.__wrap___aeabi_d2uiz
                0x10003178       0x10 CMakeFiles/USB_DEVICE_AND_KEYBOARD.dir/C_/Users/ASUS/.pico-sdk/sdk/2.2.0/src/rp2_common/pico_double/double_aeabi_rp2040.S.obj
                0x10003178                double2uint
                0x10003178                __wrap___aeabi_d2uiz
                0x10003178                double2uint_z
 .text.__wrap_exp
                0x10003188       0x10 CMakeFiles/USB_DEVICE_AND_KEYBOARD.dir/C_/Users/ASUS/.pico-sdk/sdk/2.2.0/src/rp2_common/pico_double/double_aeabi_rp2040.S.obj
                0x10003188                __wrap_exp
 .text.missing_double_func_shim
                0x10003198        0xc CMakeFiles/USB_DEVICE_AND_KEYBOARD.dir/C_/Users/ASUS/.pico-sdk/sdk/2.2.0/src/rp2_common/pico_double/double_init_rom_rp2040.c.obj
 .text.__aeabi_double_init
                0x100031a4       0xa0 CMakeFiles/USB_DEVICE_AND_KEYBOARD.dir/C_/Users/ASUS/.pico-sdk/sdk/2.2.0/src/rp2_common/pico_double/double_init_rom_rp2040.c.obj
                0x100031a4                __aeabi_double_init
 .text.double_table_shim_on_use_helper
                0x10003244       0x2c CMakeFiles/USB_DEVICE_AND_KEYBOARD.dir/C_/Users/ASUS/.pico-sdk/sdk/2.2.0/src/rp2_common/pico_double/double_v1_rom_shim_rp2040.S.obj
                0x10003244                double_table_shim_on_use_helper
 .text.__aeabi_lmul
                0x10003270       0x32 CMakeFiles/USB_DEVICE_AND_KEYBOARD.dir/C_/Users/ASUS/.pico-sdk/sdk/2.2.0/src/rp2_common/pico_int64_ops/pico_int64_ops_aeabi.S.obj
                0x10003270                __wrap___aeabi_lmul
 *fill*         0x100032a2        0x2 
 .text.__wrap___aeabi_farithmetic
                0x100032a4       0x48 CMakeFiles/USB_DEVICE_AND_KEYBOARD.dir/C_/Users/ASUS/.pico-sdk/sdk/2.2.0/src/rp2_common/pico_float/float_aeabi_rp2040.S.obj
                0x100032a4                __wrap___aeabi_frsub
                0x100032aa                __wrap___aeabi_fsub
                0x100032b0                __wrap___aeabi_fadd
                0x100032b6                __wrap___aeabi_fdiv
                0x100032de                __wrap___aeabi_fmul
 .text.__wrap___aeabi_ui2f
                0x100032ec        0xa CMakeFiles/USB_DEVICE_AND_KEYBOARD.dir/C_/Users/ASUS/.pico-sdk/sdk/2.2.0/src/rp2_common/pico_float/float_aeabi_rp2040.S.obj
                0x100032ec                __wrap___aeabi_ui2f
                0x100032ec                uint2float
 *fill*         0x100032f6        0x2 
 .text.__wrap___aeabi_i2f
                0x100032f8       0x44 CMakeFiles/USB_DEVICE_AND_KEYBOARD.dir/C_/Users/ASUS/.pico-sdk/sdk/2.2.0/src/rp2_common/pico_float/float_aeabi_rp2040.S.obj
                0x100032f8                __wrap___aeabi_i2f
                0x100032f8                int2float
 .text.__wrap___aeabi_f2uiz
                0x1000333c        0xc CMakeFiles/USB_DEVICE_AND_KEYBOARD.dir/C_/Users/ASUS/.pico-sdk/sdk/2.2.0/src/rp2_common/pico_float/float_aeabi_rp2040.S.obj
                0x1000333c                float2uint_z
                0x1000333c                __wrap___aeabi_f2uiz
                0x1000333c                float2uint
 .text.missing_float_func_shim
                0x10003348        0xc CMakeFiles/USB_DEVICE_AND_KEYBOARD.dir/C_/Users/ASUS/.pico-sdk/sdk/2.2.0/src/rp2_common/pico_float/float_init_rom_rp2040.c.obj
 .text.__aeabi_float_init
                0x10003354       0x5c CMakeFiles/USB_DEVICE_AND_KEYBOARD.dir/C_/Users/ASUS/.pico-sdk/sdk/2.2.0/src/rp2_common/pico_float/float_init_rom_rp2040.c.obj
                0x10003354                __aeabi_float_init
 .text.__wrap_malloc
                0x100033b0       0x3c CMakeFiles/USB_DEVICE_AND_KEYBOARD.dir/C_/Users/ASUS/.pico-sdk/sdk/2.2.0/src/rp2_common/pico_malloc/malloc.c.obj
                0x100033b0                __wrap_malloc
 .text.__wrap_calloc
                0x100033ec       0x44 CMakeFiles/USB_DEVICE_AND_KEYBOARD.dir/C_/Users/ASUS/.pico-sdk/sdk/2.2.0/src/rp2_common/pico_malloc/malloc.c.obj
                0x100033ec                __wrap_calloc
 .text          0x10003430       0x10 CMakeFiles/USB_DEVICE_AND_KEYBOARD.dir/C_/Users/ASUS/.pico-sdk/sdk/2.2.0/src/rp2_common/pico_mem_ops/mem_ops_aeabi.S.obj
                0x10003430                __aeabi_mem_init
 .text.memset   0x10003440        0xc CMakeFiles/USB_DEVICE_AND_KEYBOARD.dir/C_/Users/ASUS/.pico-sdk/sdk/2.2.0/src/rp2_common/pico_mem_ops/mem_ops_aeabi.S.obj
                0x10003440                __wrap_memset
 .text.memcpy   0x1000344c        0xc CMakeFiles/USB_DEVICE_AND_KEYBOARD.dir/C_/Users/ASUS/.pico-sdk/sdk/2.2.0/src/rp2_common/pico_mem_ops/mem_ops_aeabi.S.obj
                0x1000344c                __wrap_memcpy
                0x1000344c                __wrap___aeabi_memcpy
 .text._out_buffer
                0x10003458        0x8 CMakeFiles/USB_DEVICE_AND_KEYBOARD.dir/C_/Users/ASUS/.pico-sdk/sdk/2.2.0/src/rp2_common/pico_printf/printf.c.obj
 .text._out_null
                0x10003460        0x4 CMakeFiles/USB_DEVICE_AND_KEYBOARD.dir/C_/Users/ASUS/.pico-sdk/sdk/2.2.0/src/rp2_common/pico_printf/printf.c.obj
 .text._out_rev
                0x10003464       0xac CMakeFiles/USB_DEVICE_AND_KEYBOARD.dir/C_/Users/ASUS/.pico-sdk/sdk/2.2.0/src/rp2_common/pico_printf/printf.c.obj
 .text._ntoa_format
                0x10003510      0x1cc CMakeFiles/USB_DEVICE_AND_KEYBOARD.dir/C_/Users/ASUS/.pico-sdk/sdk/2.2.0/src/rp2_common/pico_printf/printf.c.obj
 .text._out_char
                0x100036dc       0x10 CMakeFiles/USB_DEVICE_AND_KEYBOARD.dir/C_/Users/ASUS/.pico-sdk/sdk/2.2.0/src/rp2_common/pico_printf/printf.c.obj
 .text._out_fct
                0x100036ec       0x10 CMakeFiles/USB_DEVICE_AND_KEYBOARD.dir/C_/Users/ASUS/.pico-sdk/sdk/2.2.0/src/rp2_common/pico_printf/printf.c.obj
 .text._ftoa    0x100036fc      0x4a8 CMakeFiles/USB_DEVICE_AND_KEYBOARD.dir/C_/Users/ASUS/.pico-sdk/sdk/2.2.0/src/rp2_common/pico_printf/printf.c.obj
 .text._etoa    0x10003ba4      0x57c CMakeFiles/USB_DEVICE_AND_KEYBOARD.dir/C_/Users/ASUS/.pico-sdk/sdk/2.2.0/src/rp2_common/pico_printf/printf.c.obj
 .text._vsnprintf
                0x10004120      0xbe0 CMakeFiles/USB_DEVICE_AND_KEYBOARD.dir/C_/Users/ASUS/.pico-sdk/sdk/2.2.0/src/rp2_common/pico_printf/printf.c.obj
 .text.__wrap_sprintf
                0x10004d00       0x2c CMakeFiles/USB_DEVICE_AND_KEYBOARD.dir/C_/Users/ASUS/.pico-sdk/sdk/2.2.0/src/rp2_common/pico_printf/printf.c.obj
                0x10004d00                __wrap_sprintf
 .text.vfctprintf
                0x10004d2c       0x24 CMakeFiles/USB_DEVICE_AND_KEYBOARD.dir/C_/Users/ASUS/.pico-sdk/sdk/2.2.0/src/rp2_common/pico_printf/printf.c.obj
                0x10004d2c                vfctprintf
 .text.weak_raw_vprintf
                0x10004d50       0x30 CMakeFiles/USB_DEVICE_AND_KEYBOARD.dir/C_/Users/ASUS/.pico-sdk/sdk/2.2.0/src/rp2_common/pico_printf/printf.c.obj
                0x10004d50                weak_raw_vprintf
 .text._exit    0x10004d80        0x4 CMakeFiles/USB_DEVICE_AND_KEYBOARD.dir/C_/Users/ASUS/.pico-sdk/sdk/2.2.0/src/rp2_common/pico_clib_interface/newlib_interface.c.obj
                0x10004d80                _exit
 .text._sbrk    0x10004d84       0x34 CMakeFiles/USB_DEVICE_AND_KEYBOARD.dir/C_/Users/ASUS/.pico-sdk/sdk/2.2.0/src/rp2_common/pico_clib_interface/newlib_interface.c.obj
                0x10004d84                _sbrk
 .text.exit     0x10004db8        0x8 CMakeFiles/USB_DEVICE_AND_KEYBOARD.dir/C_/Users/ASUS/.pico-sdk/sdk/2.2.0/src/rp2_common/pico_clib_interface/newlib_interface.c.obj
                0x10004db8                exit
 .text.runtime_init
                0x10004dc0       0x2c CMakeFiles/USB_DEVICE_AND_KEYBOARD.dir/C_/Users/ASUS/.pico-sdk/sdk/2.2.0/src/rp2_common/pico_clib_interface/newlib_interface.c.obj
                0x10004dc0                runtime_init
 .text.stdio_out_chars_no_crlf
                0x10004dec       0x10 CMakeFiles/USB_DEVICE_AND_KEYBOARD.dir/C_/Users/ASUS/.pico-sdk/sdk/2.2.0/src/rp2_common/pico_stdio/stdio.c.obj
 .text.stdio_out_chars_crlf
                0x10004dfc       0xb0 CMakeFiles/USB_DEVICE_AND_KEYBOARD.dir/C_/Users/ASUS/.pico-sdk/sdk/2.2.0/src/rp2_common/pico_stdio/stdio.c.obj
 .text.stdio_buffered_printer
                0x10004eac       0x64 CMakeFiles/USB_DEVICE_AND_KEYBOARD.dir/C_/Users/ASUS/.pico-sdk/sdk/2.2.0/src/rp2_common/pico_stdio/stdio.c.obj
 .text.stdio_put_string
                0x10004f10       0xfc CMakeFiles/USB_DEVICE_AND_KEYBOARD.dir/C_/Users/ASUS/.pico-sdk/sdk/2.2.0/src/rp2_common/pico_stdio/stdio.c.obj
                0x10004f10                stdio_put_string
 .text.stdio_set_driver_enabled
                0x1000500c       0x30 CMakeFiles/USB_DEVICE_AND_KEYBOARD.dir/C_/Users/ASUS/.pico-sdk/sdk/2.2.0/src/rp2_common/pico_stdio/stdio.c.obj
                0x1000500c                stdio_set_driver_enabled
 .text.stdio_init_all
                0x1000503c        0xc CMakeFiles/USB_DEVICE_AND_KEYBOARD.dir/C_/Users/ASUS/.pico-sdk/sdk/2.2.0/src/rp2_common/pico_stdio/stdio.c.obj
                0x1000503c                stdio_init_all
 .text.__wrap_putchar
                0x10005048       0x94 CMakeFiles/USB_DEVICE_AND_KEYBOARD.dir/C_/Users/ASUS/.pico-sdk/sdk/2.2.0/src/rp2_common/pico_stdio/stdio.c.obj
                0x10005048                __wrap_putchar
                0x10005048                stdio_putchar
 .text.__wrap_puts
                0x100050dc       0x3c CMakeFiles/USB_DEVICE_AND_KEYBOARD.dir/C_/Users/ASUS/.pico-sdk/sdk/2.2.0/src/rp2_common/pico_stdio/stdio.c.obj
                0x100050dc                stdio_puts
                0x100050dc                __wrap_puts
 .text.__wrap_vprintf
                0x10005118       0xcc CMakeFiles/USB_DEVICE_AND_KEYBOARD.dir/C_/Users/ASUS/.pico-sdk/sdk/2.2.0/src/rp2_common/pico_stdio/stdio.c.obj
                0x10005118                stdio_vprintf
                0x10005118                __wrap_vprintf
 .text.__wrap_printf
                0x100051e4       0x18 CMakeFiles/USB_DEVICE_AND_KEYBOARD.dir/C_/Users/ASUS/.pico-sdk/sdk/2.2.0/src/rp2_common/pico_stdio/stdio.c.obj
                0x100051e4                __wrap_printf
                0x100051e4                stdio_printf
 .text.stdio_uart_out_chars
                0x100051fc       0x4c CMakeFiles/USB_DEVICE_AND_KEYBOARD.dir/C_/Users/ASUS/.pico-sdk/sdk/2.2.0/src/rp2_common/pico_stdio_uart/stdio_uart.c.obj
 .text.stdio_uart_in_chars
                0x10005248       0x90 CMakeFiles/USB_DEVICE_AND_KEYBOARD.dir/C_/Users/ASUS/.pico-sdk/sdk/2.2.0/src/rp2_common/pico_stdio_uart/stdio_uart.c.obj
                0x10005248                stdio_uart_in_chars
 .text.on_uart_rx
                0x100052d8       0x28 CMakeFiles/USB_DEVICE_AND_KEYBOARD.dir/C_/Users/ASUS/.pico-sdk/sdk/2.2.0/src/rp2_common/pico_stdio_uart/stdio_uart.c.obj
 .text.stdio_uart_out_flush
                0x10005300       0x14 CMakeFiles/USB_DEVICE_AND_KEYBOARD.dir/C_/Users/ASUS/.pico-sdk/sdk/2.2.0/src/rp2_common/pico_stdio_uart/stdio_uart.c.obj
 .text.stdio_uart_set_chars_available_callback
                0x10005314       0x84 CMakeFiles/USB_DEVICE_AND_KEYBOARD.dir/C_/Users/ASUS/.pico-sdk/sdk/2.2.0/src/rp2_common/pico_stdio_uart/stdio_uart.c.obj
 .text.stdio_uart_init
                0x10005398       0x50 CMakeFiles/USB_DEVICE_AND_KEYBOARD.dir/C_/Users/ASUS/.pico-sdk/sdk/2.2.0/src/rp2_common/pico_stdio_uart/stdio_uart.c.obj
                0x10005398                stdio_uart_init
 .text.pio_usb_bus_init
                0x100053e8      0x198 CMakeFiles/USB_DEVICE_AND_KEYBOARD.dir/Pico-PIO-USB/src/pio_usb.c.obj
                0x100053e8                pio_usb_bus_init
 .text.pio_usb_host_add_port
                0x10005580      0x10c CMakeFiles/USB_DEVICE_AND_KEYBOARD.dir/Pico-PIO-USB/src/pio_usb.c.obj
                0x10005580                pio_usb_host_add_port
 .text.pio_usb_host_init
                0x1000568c      0x1e8 CMakeFiles/USB_DEVICE_AND_KEYBOARD.dir/Pico-PIO-USB/src/pio_usb_host.c.obj
                0x1000568c                pio_usb_host_init
 .text.pio_usb_host_port_reset_start
                0x10005874       0x40 CMakeFiles/USB_DEVICE_AND_KEYBOARD.dir/Pico-PIO-USB/src/pio_usb_host.c.obj
                0x10005874                pio_usb_host_port_reset_start
 .text.pio_usb_host_port_reset_end
                0x100058b4       0x48 CMakeFiles/USB_DEVICE_AND_KEYBOARD.dir/Pico-PIO-USB/src/pio_usb_host.c.obj
                0x100058b4                pio_usb_host_port_reset_end
 .text.pio_usb_host_close_device
                0x100058fc       0x38 CMakeFiles/USB_DEVICE_AND_KEYBOARD.dir/Pico-PIO-USB/src/pio_usb_host.c.obj
                0x100058fc                pio_usb_host_close_device
 .text.pio_usb_host_endpoint_open
                0x10005934       0xb8 CMakeFiles/USB_DEVICE_AND_KEYBOARD.dir/Pico-PIO-USB/src/pio_usb_host.c.obj
                0x10005934                pio_usb_host_endpoint_open
 .text.pio_usb_host_send_setup
                0x100059ec       0x60 CMakeFiles/USB_DEVICE_AND_KEYBOARD.dir/Pico-PIO-USB/src/pio_usb_host.c.obj
                0x100059ec                pio_usb_host_send_setup
 .text.pio_usb_host_endpoint_transfer
                0x10005a4c       0x90 CMakeFiles/USB_DEVICE_AND_KEYBOARD.dir/Pico-PIO-USB/src/pio_usb_host.c.obj
                0x10005a4c                pio_usb_host_endpoint_transfer
 .text.pio_usb_host_endpoint_abort_transfer
                0x10005adc       0xb4 CMakeFiles/USB_DEVICE_AND_KEYBOARD.dir/Pico-PIO-USB/src/pio_usb_host.c.obj
                0x10005adc                pio_usb_host_endpoint_abort_transfer
 .text.calc_usb_crc16
                0x10005b90       0x34 CMakeFiles/USB_DEVICE_AND_KEYBOARD.dir/Pico-PIO-USB/src/usb_crc.c.obj
                0x10005b90                calc_usb_crc16
 .text.core1_trampoline
                0x10005bc4        0x4 CMakeFiles/USB_DEVICE_AND_KEYBOARD.dir/C_/Users/ASUS/.pico-sdk/sdk/2.2.0/src/rp2_common/pico_multicore/multicore.c.obj
 .text.core1_wrapper
                0x10005bc8        0xc CMakeFiles/USB_DEVICE_AND_KEYBOARD.dir/C_/Users/ASUS/.pico-sdk/sdk/2.2.0/src/rp2_common/pico_multicore/multicore.c.obj
                0x10005bc8                core1_wrapper
 .text.multicore_lockout_start_block_until.part.0
                0x10005bd4      0x138 CMakeFiles/USB_DEVICE_AND_KEYBOARD.dir/C_/Users/ASUS/.pico-sdk/sdk/2.2.0/src/rp2_common/pico_multicore/multicore.c.obj
 .text.multicore_reset_core1
                0x10005d0c       0x60 CMakeFiles/USB_DEVICE_AND_KEYBOARD.dir/C_/Users/ASUS/.pico-sdk/sdk/2.2.0/src/rp2_common/pico_multicore/multicore.c.obj
                0x10005d0c                multicore_reset_core1
 .text.multicore_launch_core1_raw
                0x10005d6c       0x8c CMakeFiles/USB_DEVICE_AND_KEYBOARD.dir/C_/Users/ASUS/.pico-sdk/sdk/2.2.0/src/rp2_common/pico_multicore/multicore.c.obj
                0x10005d6c                multicore_launch_core1_raw
 .text.multicore_launch_core1
                0x10005df8       0x58 CMakeFiles/USB_DEVICE_AND_KEYBOARD.dir/C_/Users/ASUS/.pico-sdk/sdk/2.2.0/src/rp2_common/pico_multicore/multicore.c.obj
                0x10005df8                multicore_launch_core1
 .text.multicore_lockout_victim_init
                0x10005e50       0x4c CMakeFiles/USB_DEVICE_AND_KEYBOARD.dir/C_/Users/ASUS/.pico-sdk/sdk/2.2.0/src/rp2_common/pico_multicore/multicore.c.obj
                0x10005e50                multicore_lockout_victim_init
 .text.multicore_lockout_start_blocking
                0x10005e9c       0x44 CMakeFiles/USB_DEVICE_AND_KEYBOARD.dir/C_/Users/ASUS/.pico-sdk/sdk/2.2.0/src/rp2_common/pico_multicore/multicore.c.obj
                0x10005e9c                multicore_lockout_start_blocking
 .text.multicore_lockout_end_blocking
                0x10005ee0       0x34 CMakeFiles/USB_DEVICE_AND_KEYBOARD.dir/C_/Users/ASUS/.pico-sdk/sdk/2.2.0/src/rp2_common/pico_multicore/multicore.c.obj
                0x10005ee0                multicore_lockout_end_blocking
 .text.pio_sm_claim
                0x10005f14       0x30 CMakeFiles/USB_DEVICE_AND_KEYBOARD.dir/C_/Users/ASUS/.pico-sdk/sdk/2.2.0/src/rp2_common/hardware_pio/pio.c.obj
                0x10005f14                pio_sm_claim
 .text.pio_add_program
                0x10005f44       0xf8 CMakeFiles/USB_DEVICE_AND_KEYBOARD.dir/C_/Users/ASUS/.pico-sdk/sdk/2.2.0/src/rp2_common/hardware_pio/pio.c.obj
                0x10005f44                pio_add_program
 .text.pio_add_program_at_offset
                0x1000603c       0xb0 CMakeFiles/USB_DEVICE_AND_KEYBOARD.dir/C_/Users/ASUS/.pico-sdk/sdk/2.2.0/src/rp2_common/hardware_pio/pio.c.obj
                0x1000603c                pio_add_program_at_offset
 .text.pio_sm_set_pins_with_mask64
                0x100060ec       0xa8 CMakeFiles/USB_DEVICE_AND_KEYBOARD.dir/C_/Users/ASUS/.pico-sdk/sdk/2.2.0/src/rp2_common/hardware_pio/pio.c.obj
                0x100060ec                pio_sm_set_pins_with_mask64
 .text.pio_sm_set_pindirs_with_mask64
                0x10006194       0xac CMakeFiles/USB_DEVICE_AND_KEYBOARD.dir/C_/Users/ASUS/.pico-sdk/sdk/2.2.0/src/rp2_common/hardware_pio/pio.c.obj
                0x10006194                pio_sm_set_pindirs_with_mask64
 .text.pio_sm_set_consecutive_pindirs
                0x10006240       0xb4 CMakeFiles/USB_DEVICE_AND_KEYBOARD.dir/C_/Users/ASUS/.pico-sdk/sdk/2.2.0/src/rp2_common/hardware_pio/pio.c.obj
                0x10006240                pio_sm_set_consecutive_pindirs
 .text.pio_sm_init
                0x100062f4       0x9c CMakeFiles/USB_DEVICE_AND_KEYBOARD.dir/C_/Users/ASUS/.pico-sdk/sdk/2.2.0/src/rp2_common/hardware_pio/pio.c.obj
                0x100062f4                pio_sm_init
 .text.dma_claim_mask
                0x10006390       0x44 CMakeFiles/USB_DEVICE_AND_KEYBOARD.dir/C_/Users/ASUS/.pico-sdk/sdk/2.2.0/src/rp2_common/hardware_dma/dma.c.obj
                0x10006390                dma_claim_mask
 .text.dcd_init
                0x100063d4       0x90 CMakeFiles/USB_DEVICE_AND_KEYBOARD.dir/C_/Users/ASUS/.pico-sdk/sdk/2.2.0/lib/tinyusb/src/portable/raspberrypi/rp2040/dcd_rp2040.c.obj
                0x100063d4                dcd_init
 .text.dcd_int_enable
                0x10006464        0xc CMakeFiles/USB_DEVICE_AND_KEYBOARD.dir/C_/Users/ASUS/.pico-sdk/sdk/2.2.0/lib/tinyusb/src/portable/raspberrypi/rp2040/dcd_rp2040.c.obj
                0x10006464                dcd_int_enable
 .text.dcd_set_address
                0x10006470       0x14 CMakeFiles/USB_DEVICE_AND_KEYBOARD.dir/C_/Users/ASUS/.pico-sdk/sdk/2.2.0/lib/tinyusb/src/portable/raspberrypi/rp2040/dcd_rp2040.c.obj
                0x10006470                dcd_set_address
 .text.dcd_sof_enable
                0x10006484       0x1c CMakeFiles/USB_DEVICE_AND_KEYBOARD.dir/C_/Users/ASUS/.pico-sdk/sdk/2.2.0/lib/tinyusb/src/portable/raspberrypi/rp2040/dcd_rp2040.c.obj
                0x10006484                dcd_sof_enable
 .text.dcd_edpt0_status_complete
                0x100064a0       0x1c CMakeFiles/USB_DEVICE_AND_KEYBOARD.dir/C_/Users/ASUS/.pico-sdk/sdk/2.2.0/lib/tinyusb/src/portable/raspberrypi/rp2040/dcd_rp2040.c.obj
                0x100064a0                dcd_edpt0_status_complete
 .text.dcd_edpt_open
                0x100064bc      0x114 CMakeFiles/USB_DEVICE_AND_KEYBOARD.dir/C_/Users/ASUS/.pico-sdk/sdk/2.2.0/lib/tinyusb/src/portable/raspberrypi/rp2040/dcd_rp2040.c.obj
                0x100064bc                dcd_edpt_open
 .text.dcd_edpt_close_all
                0x100065d0        0x8 CMakeFiles/USB_DEVICE_AND_KEYBOARD.dir/C_/Users/ASUS/.pico-sdk/sdk/2.2.0/lib/tinyusb/src/portable/raspberrypi/rp2040/dcd_rp2040.c.obj
                0x100065d0                dcd_edpt_close_all
 .text.dcd_edpt_xfer
                0x100065d8       0x24 CMakeFiles/USB_DEVICE_AND_KEYBOARD.dir/C_/Users/ASUS/.pico-sdk/sdk/2.2.0/lib/tinyusb/src/portable/raspberrypi/rp2040/dcd_rp2040.c.obj
                0x100065d8                dcd_edpt_xfer
 .text.dcd_edpt_stall
                0x100065fc       0x3c CMakeFiles/USB_DEVICE_AND_KEYBOARD.dir/C_/Users/ASUS/.pico-sdk/sdk/2.2.0/lib/tinyusb/src/portable/raspberrypi/rp2040/dcd_rp2040.c.obj
                0x100065fc                dcd_edpt_stall
 .text.dcd_edpt_clear_stall
                0x10006638       0x30 CMakeFiles/USB_DEVICE_AND_KEYBOARD.dir/C_/Users/ASUS/.pico-sdk/sdk/2.2.0/lib/tinyusb/src/portable/raspberrypi/rp2040/dcd_rp2040.c.obj
                0x10006638                dcd_edpt_clear_stall
 .text.rp2040_usb_init
                0x10006668       0x40 CMakeFiles/USB_DEVICE_AND_KEYBOARD.dir/C_/Users/ASUS/.pico-sdk/sdk/2.2.0/lib/tinyusb/src/portable/raspberrypi/rp2040/rp2040_usb.c.obj
                0x10006668                rp2040_usb_init
 .text.hw_endpoint_xfer_start
                0x100066a8       0x40 CMakeFiles/USB_DEVICE_AND_KEYBOARD.dir/C_/Users/ASUS/.pico-sdk/sdk/2.2.0/lib/tinyusb/src/portable/raspberrypi/rp2040/rp2040_usb.c.obj
                0x100066a8                hw_endpoint_xfer_start
 .text.tud_vendor_control_xfer_cb
                0x100066e8        0x4 CMakeFiles/USB_DEVICE_AND_KEYBOARD.dir/C_/Users/ASUS/.pico-sdk/sdk/2.2.0/lib/tinyusb/src/device/usbd.c.obj
                0x100066e8                tud_vendor_control_xfer_cb
 .text.tud_event_hook_cb
                0x100066ec        0x4 CMakeFiles/USB_DEVICE_AND_KEYBOARD.dir/C_/Users/ASUS/.pico-sdk/sdk/2.2.0/lib/tinyusb/src/device/usbd.c.obj
                0x100066ec                tud_event_hook_cb
 .text.tud_sof_cb
                0x100066f0        0x4 CMakeFiles/USB_DEVICE_AND_KEYBOARD.dir/C_/Users/ASUS/.pico-sdk/sdk/2.2.0/lib/tinyusb/src/device/usbd.c.obj
                0x100066f0                tud_sof_cb
 .text.tud_descriptor_bos_cb
                0x100066f4        0x4 CMakeFiles/USB_DEVICE_AND_KEYBOARD.dir/C_/Users/ASUS/.pico-sdk/sdk/2.2.0/lib/tinyusb/src/device/usbd.c.obj
                0x100066f4                tud_descriptor_bos_cb
 .text.tud_descriptor_device_qualifier_cb
                0x100066f8        0x4 CMakeFiles/USB_DEVICE_AND_KEYBOARD.dir/C_/Users/ASUS/.pico-sdk/sdk/2.2.0/lib/tinyusb/src/device/usbd.c.obj
                0x100066f8                tud_descriptor_device_qualifier_cb
 .text.tud_descriptor_other_speed_configuration_cb
                0x100066fc        0x4 CMakeFiles/USB_DEVICE_AND_KEYBOARD.dir/C_/Users/ASUS/.pico-sdk/sdk/2.2.0/lib/tinyusb/src/device/usbd.c.obj
                0x100066fc                tud_descriptor_other_speed_configuration_cb
 .text.tud_mount_cb
                0x10006700        0x4 CMakeFiles/USB_DEVICE_AND_KEYBOARD.dir/C_/Users/ASUS/.pico-sdk/sdk/2.2.0/lib/tinyusb/src/device/usbd.c.obj
                0x10006700                tud_mount_cb
 .text.tud_umount_cb
                0x10006704        0x4 CMakeFiles/USB_DEVICE_AND_KEYBOARD.dir/C_/Users/ASUS/.pico-sdk/sdk/2.2.0/lib/tinyusb/src/device/usbd.c.obj
                0x10006704                tud_umount_cb
 .text.tud_suspend_cb
                0x10006708        0x4 CMakeFiles/USB_DEVICE_AND_KEYBOARD.dir/C_/Users/ASUS/.pico-sdk/sdk/2.2.0/lib/tinyusb/src/device/usbd.c.obj
                0x10006708                tud_suspend_cb
 .text.tud_resume_cb
                0x1000670c        0x4 CMakeFiles/USB_DEVICE_AND_KEYBOARD.dir/C_/Users/ASUS/.pico-sdk/sdk/2.2.0/lib/tinyusb/src/device/usbd.c.obj
                0x1000670c                tud_resume_cb
 .text.tud_mounted
                0x10006710       0x10 CMakeFiles/USB_DEVICE_AND_KEYBOARD.dir/C_/Users/ASUS/.pico-sdk/sdk/2.2.0/lib/tinyusb/src/device/usbd.c.obj
                0x10006710                tud_mounted
 .text.tud_suspended
                0x10006720       0x10 CMakeFiles/USB_DEVICE_AND_KEYBOARD.dir/C_/Users/ASUS/.pico-sdk/sdk/2.2.0/lib/tinyusb/src/device/usbd.c.obj
                0x10006720                tud_suspended
 .text.tud_rhport_init
                0x10006730       0xf4 CMakeFiles/USB_DEVICE_AND_KEYBOARD.dir/C_/Users/ASUS/.pico-sdk/sdk/2.2.0/lib/tinyusb/src/device/usbd.c.obj
                0x10006730                tud_rhport_init
 .text.tud_task_ext
                0x10006824      0x800 CMakeFiles/USB_DEVICE_AND_KEYBOARD.dir/C_/Users/ASUS/.pico-sdk/sdk/2.2.0/lib/tinyusb/src/device/usbd.c.obj
                0x10006824                tud_task_ext
 .text.usbd_open_edpt_pair
                0x10007024       0x9c CMakeFiles/USB_DEVICE_AND_KEYBOARD.dir/C_/Users/ASUS/.pico-sdk/sdk/2.2.0/lib/tinyusb/src/device/usbd.c.obj
                0x10007024                usbd_open_edpt_pair
 .text.usbd_edpt_open
                0x100070c0       0x34 CMakeFiles/USB_DEVICE_AND_KEYBOARD.dir/C_/Users/ASUS/.pico-sdk/sdk/2.2.0/lib/tinyusb/src/device/usbd.c.obj
                0x100070c0                usbd_edpt_open
 .text.usbd_edpt_claim
                0x100070f4       0x28 CMakeFiles/USB_DEVICE_AND_KEYBOARD.dir/C_/Users/ASUS/.pico-sdk/sdk/2.2.0/lib/tinyusb/src/device/usbd.c.obj
                0x100070f4                usbd_edpt_claim
 .text.usbd_edpt_release
                0x1000711c       0x28 CMakeFiles/USB_DEVICE_AND_KEYBOARD.dir/C_/Users/ASUS/.pico-sdk/sdk/2.2.0/lib/tinyusb/src/device/usbd.c.obj
                0x1000711c                usbd_edpt_release
 .text.usbd_edpt_xfer
                0x10007144       0x4c CMakeFiles/USB_DEVICE_AND_KEYBOARD.dir/C_/Users/ASUS/.pico-sdk/sdk/2.2.0/lib/tinyusb/src/device/usbd.c.obj
                0x10007144                usbd_edpt_xfer
 .text.tud_control_status
                0x10007190       0x2c CMakeFiles/USB_DEVICE_AND_KEYBOARD.dir/C_/Users/ASUS/.pico-sdk/sdk/2.2.0/lib/tinyusb/src/device/usbd_control.c.obj
                0x10007190                tud_control_status
 .text.tud_control_xfer
                0x100071bc       0xa8 CMakeFiles/USB_DEVICE_AND_KEYBOARD.dir/C_/Users/ASUS/.pico-sdk/sdk/2.2.0/lib/tinyusb/src/device/usbd_control.c.obj
                0x100071bc                tud_control_xfer
 .text.usbd_control_reset
                0x10007264       0x14 CMakeFiles/USB_DEVICE_AND_KEYBOARD.dir/C_/Users/ASUS/.pico-sdk/sdk/2.2.0/lib/tinyusb/src/device/usbd_control.c.obj
                0x10007264                usbd_control_reset
 .text.usbd_control_set_complete_callback
                0x10007278        0xc CMakeFiles/USB_DEVICE_AND_KEYBOARD.dir/C_/Users/ASUS/.pico-sdk/sdk/2.2.0/lib/tinyusb/src/device/usbd_control.c.obj
                0x10007278                usbd_control_set_complete_callback
 .text.usbd_control_set_request
                0x10007284       0x1c CMakeFiles/USB_DEVICE_AND_KEYBOARD.dir/C_/Users/ASUS/.pico-sdk/sdk/2.2.0/lib/tinyusb/src/device/usbd_control.c.obj
                0x10007284                usbd_control_set_request
 .text.usbd_control_xfer_cb
                0x100072a0       0xec CMakeFiles/USB_DEVICE_AND_KEYBOARD.dir/C_/Users/ASUS/.pico-sdk/sdk/2.2.0/lib/tinyusb/src/device/usbd_control.c.obj
                0x100072a0                usbd_control_xfer_cb
 .text._prep_out_transaction.isra.0
                0x1000738c       0x70 CMakeFiles/USB_DEVICE_AND_KEYBOARD.dir/C_/Users/ASUS/.pico-sdk/sdk/2.2.0/lib/tinyusb/src/class/cdc/cdc_device.c.obj
 .text.tud_cdc_n_available
                0x100073fc       0x1c CMakeFiles/USB_DEVICE_AND_KEYBOARD.dir/C_/Users/ASUS/.pico-sdk/sdk/2.2.0/lib/tinyusb/src/class/cdc/cdc_device.c.obj
                0x100073fc                tud_cdc_n_available
 .text.tud_cdc_n_read
                0x10007418       0x9c CMakeFiles/USB_DEVICE_AND_KEYBOARD.dir/C_/Users/ASUS/.pico-sdk/sdk/2.2.0/lib/tinyusb/src/class/cdc/cdc_device.c.obj
                0x10007418                tud_cdc_n_read
 .text.tud_cdc_n_write_flush
                0x100074b4       0x7c CMakeFiles/USB_DEVICE_AND_KEYBOARD.dir/C_/Users/ASUS/.pico-sdk/sdk/2.2.0/lib/tinyusb/src/class/cdc/cdc_device.c.obj
                0x100074b4                tud_cdc_n_write_flush
 .text.tud_cdc_n_write
                0x10007530       0x44 CMakeFiles/USB_DEVICE_AND_KEYBOARD.dir/C_/Users/ASUS/.pico-sdk/sdk/2.2.0/lib/tinyusb/src/class/cdc/cdc_device.c.obj
                0x10007530                tud_cdc_n_write
 .text.cdcd_init
                0x10007574       0x7c CMakeFiles/USB_DEVICE_AND_KEYBOARD.dir/C_/Users/ASUS/.pico-sdk/sdk/2.2.0/lib/tinyusb/src/class/cdc/cdc_device.c.obj
                0x10007574                cdcd_init
 .text.cdcd_deinit
                0x100075f0       0x30 CMakeFiles/USB_DEVICE_AND_KEYBOARD.dir/C_/Users/ASUS/.pico-sdk/sdk/2.2.0/lib/tinyusb/src/class/cdc/cdc_device.c.obj
                0x100075f0                cdcd_deinit
 .text.cdcd_reset
                0x10007620       0x4c CMakeFiles/USB_DEVICE_AND_KEYBOARD.dir/C_/Users/ASUS/.pico-sdk/sdk/2.2.0/lib/tinyusb/src/class/cdc/cdc_device.c.obj
                0x10007620                cdcd_reset
 .text.cdcd_open
                0x1000766c       0xa4 CMakeFiles/USB_DEVICE_AND_KEYBOARD.dir/C_/Users/ASUS/.pico-sdk/sdk/2.2.0/lib/tinyusb/src/class/cdc/cdc_device.c.obj
                0x1000766c                cdcd_open
 .text.cdcd_control_xfer_cb
                0x10007710       0xe8 CMakeFiles/USB_DEVICE_AND_KEYBOARD.dir/C_/Users/ASUS/.pico-sdk/sdk/2.2.0/lib/tinyusb/src/class/cdc/cdc_device.c.obj
                0x10007710                cdcd_control_xfer_cb
 .text.cdcd_xfer_cb
                0x100077f8      0x100 CMakeFiles/USB_DEVICE_AND_KEYBOARD.dir/C_/Users/ASUS/.pico-sdk/sdk/2.2.0/lib/tinyusb/src/class/cdc/cdc_device.c.obj
                0x100077f8                cdcd_xfer_cb
 .text.tud_hid_set_protocol_cb
                0x100078f8        0x4 CMakeFiles/USB_DEVICE_AND_KEYBOARD.dir/C_/Users/ASUS/.pico-sdk/sdk/2.2.0/lib/tinyusb/src/class/hid/hid_device.c.obj
                0x100078f8                tud_hid_set_protocol_cb
 .text.tud_hid_set_idle_cb
                0x100078fc        0x4 CMakeFiles/USB_DEVICE_AND_KEYBOARD.dir/C_/Users/ASUS/.pico-sdk/sdk/2.2.0/lib/tinyusb/src/class/hid/hid_device.c.obj
                0x100078fc                tud_hid_set_idle_cb
 .text.tud_hid_report_failed_cb
                0x10007900        0x4 CMakeFiles/USB_DEVICE_AND_KEYBOARD.dir/C_/Users/ASUS/.pico-sdk/sdk/2.2.0/lib/tinyusb/src/class/hid/hid_device.c.obj
                0x10007900                tud_hid_report_failed_cb
 .text.tud_hid_n_gamepad_report
                0x10007904       0xd4 CMakeFiles/USB_DEVICE_AND_KEYBOARD.dir/C_/Users/ASUS/.pico-sdk/sdk/2.2.0/lib/tinyusb/src/class/hid/hid_device.c.obj
                0x10007904                tud_hid_n_gamepad_report
 .text.hidd_init
                0x100079d8       0x14 CMakeFiles/USB_DEVICE_AND_KEYBOARD.dir/C_/Users/ASUS/.pico-sdk/sdk/2.2.0/lib/tinyusb/src/class/hid/hid_device.c.obj
                0x100079d8                hidd_init
 .text.hidd_deinit
                0x100079ec        0x4 CMakeFiles/USB_DEVICE_AND_KEYBOARD.dir/C_/Users/ASUS/.pico-sdk/sdk/2.2.0/lib/tinyusb/src/class/hid/hid_device.c.obj
                0x100079ec                hidd_deinit
 .text.hidd_reset
                0x100079f0       0x14 CMakeFiles/USB_DEVICE_AND_KEYBOARD.dir/C_/Users/ASUS/.pico-sdk/sdk/2.2.0/lib/tinyusb/src/class/hid/hid_device.c.obj
                0x100079f0                hidd_reset
 .text.hidd_open
                0x10007a04       0x8c CMakeFiles/USB_DEVICE_AND_KEYBOARD.dir/C_/Users/ASUS/.pico-sdk/sdk/2.2.0/lib/tinyusb/src/class/hid/hid_device.c.obj
                0x10007a04                hidd_open
 .text.hidd_control_xfer_cb
                0x10007a90      0x198 CMakeFiles/USB_DEVICE_AND_KEYBOARD.dir/C_/Users/ASUS/.pico-sdk/sdk/2.2.0/lib/tinyusb/src/class/hid/hid_device.c.obj
                0x10007a90                hidd_control_xfer_cb
 .text.hidd_xfer_cb
                0x10007c28       0x7c CMakeFiles/USB_DEVICE_AND_KEYBOARD.dir/C_/Users/ASUS/.pico-sdk/sdk/2.2.0/lib/tinyusb/src/class/hid/hid_device.c.obj
                0x10007c28                hidd_xfer_cb
 .text.tusb_time_delay_ms_api
                0x10007ca4        0x8 CMakeFiles/USB_DEVICE_AND_KEYBOARD.dir/C_/Users/ASUS/.pico-sdk/sdk/2.2.0/lib/tinyusb/src/tusb.c.obj
                0x10007ca4                tusb_time_delay_ms_api
 .text.tu_edpt_claim
                0x10007cac       0x50 CMakeFiles/USB_DEVICE_AND_KEYBOARD.dir/C_/Users/ASUS/.pico-sdk/sdk/2.2.0/lib/tinyusb/src/tusb.c.obj
                0x10007cac                tu_edpt_claim
 .text.tu_edpt_release
                0x10007cfc       0x38 CMakeFiles/USB_DEVICE_AND_KEYBOARD.dir/C_/Users/ASUS/.pico-sdk/sdk/2.2.0/lib/tinyusb/src/tusb.c.obj
                0x10007cfc                tu_edpt_release
 .text.tu_edpt_validate
                0x10007d34       0x7c CMakeFiles/USB_DEVICE_AND_KEYBOARD.dir/C_/Users/ASUS/.pico-sdk/sdk/2.2.0/lib/tinyusb/src/tusb.c.obj
                0x10007d34                tu_edpt_validate
 .text.tu_edpt_bind_driver
                0x10007db0       0x34 CMakeFiles/USB_DEVICE_AND_KEYBOARD.dir/C_/Users/ASUS/.pico-sdk/sdk/2.2.0/lib/tinyusb/src/tusb.c.obj
                0x10007db0                tu_edpt_bind_driver
 .text.tu_desc_get_interface_total_len
                0x10007de4       0x50 CMakeFiles/USB_DEVICE_AND_KEYBOARD.dir/C_/Users/ASUS/.pico-sdk/sdk/2.2.0/lib/tinyusb/src/tusb.c.obj
                0x10007de4                tu_desc_get_interface_total_len
 .text.tu_fifo_config
                0x10007e34       0x6c CMakeFiles/USB_DEVICE_AND_KEYBOARD.dir/C_/Users/ASUS/.pico-sdk/sdk/2.2.0/lib/tinyusb/src/common/tusb_fifo.c.obj
                0x10007e34                tu_fifo_config
 .text.tu_fifo_count
                0x10007ea0       0x2c CMakeFiles/USB_DEVICE_AND_KEYBOARD.dir/C_/Users/ASUS/.pico-sdk/sdk/2.2.0/lib/tinyusb/src/common/tusb_fifo.c.obj
                0x10007ea0                tu_fifo_count
 .text.tu_fifo_empty
                0x10007ecc       0x10 CMakeFiles/USB_DEVICE_AND_KEYBOARD.dir/C_/Users/ASUS/.pico-sdk/sdk/2.2.0/lib/tinyusb/src/common/tusb_fifo.c.obj
                0x10007ecc                tu_fifo_empty
 .text.tu_fifo_remaining
                0x10007edc       0x2c CMakeFiles/USB_DEVICE_AND_KEYBOARD.dir/C_/Users/ASUS/.pico-sdk/sdk/2.2.0/lib/tinyusb/src/common/tusb_fifo.c.obj
                0x10007edc                tu_fifo_remaining
 .text.tu_fifo_read
                0x10007f08       0x9c CMakeFiles/USB_DEVICE_AND_KEYBOARD.dir/C_/Users/ASUS/.pico-sdk/sdk/2.2.0/lib/tinyusb/src/common/tusb_fifo.c.obj
                0x10007f08                tu_fifo_read
 .text.tu_fifo_read_n
                0x10007fa4       0xe8 CMakeFiles/USB_DEVICE_AND_KEYBOARD.dir/C_/Users/ASUS/.pico-sdk/sdk/2.2.0/lib/tinyusb/src/common/tusb_fifo.c.obj
                0x10007fa4                tu_fifo_read_n
 .text.tu_fifo_write
                0x1000808c       0xa4 CMakeFiles/USB_DEVICE_AND_KEYBOARD.dir/C_/Users/ASUS/.pico-sdk/sdk/2.2.0/lib/tinyusb/src/common/tusb_fifo.c.obj
                0x1000808c                tu_fifo_write
 .text.tu_fifo_write_n
                0x10008130      0x178 CMakeFiles/USB_DEVICE_AND_KEYBOARD.dir/C_/Users/ASUS/.pico-sdk/sdk/2.2.0/lib/tinyusb/src/common/tusb_fifo.c.obj
                0x10008130                tu_fifo_write_n
 .text.tu_fifo_clear
                0x100082a8       0x40 CMakeFiles/USB_DEVICE_AND_KEYBOARD.dir/C_/Users/ASUS/.pico-sdk/sdk/2.2.0/lib/tinyusb/src/common/tusb_fifo.c.obj
                0x100082a8                tu_fifo_clear
 .text.tu_fifo_set_overwritable
                0x100082e8       0x48 CMakeFiles/USB_DEVICE_AND_KEYBOARD.dir/C_/Users/ASUS/.pico-sdk/sdk/2.2.0/lib/tinyusb/src/common/tusb_fifo.c.obj
                0x100082e8                tu_fifo_set_overwritable
 .text._control_blocking_complete_cb
                0x10008330        0x8 CMakeFiles/USB_DEVICE_AND_KEYBOARD.dir/C_/Users/ASUS/.pico-sdk/sdk/2.2.0/lib/tinyusb/src/host/usbh.c.obj
 .text.process_removing_device
                0x10008338      0x160 CMakeFiles/USB_DEVICE_AND_KEYBOARD.dir/C_/Users/ASUS/.pico-sdk/sdk/2.2.0/lib/tinyusb/src/host/usbh.c.obj
 .text.usbh_control_xfer_cb.isra.0
                0x10008498      0x23c CMakeFiles/USB_DEVICE_AND_KEYBOARD.dir/C_/Users/ASUS/.pico-sdk/sdk/2.2.0/lib/tinyusb/src/host/usbh.c.obj
 .text.tuh_event_hook_cb
                0x100086d4        0x4 CMakeFiles/USB_DEVICE_AND_KEYBOARD.dir/C_/Users/ASUS/.pico-sdk/sdk/2.2.0/lib/tinyusb/src/host/usbh.c.obj
                0x100086d4                tuh_event_hook_cb
 .text.tuh_vid_pid_get
                0x100086d8       0x38 CMakeFiles/USB_DEVICE_AND_KEYBOARD.dir/C_/Users/ASUS/.pico-sdk/sdk/2.2.0/lib/tinyusb/src/host/usbh.c.obj
                0x100086d8                tuh_vid_pid_get
 .text.tuh_configure
                0x10008710        0x8 CMakeFiles/USB_DEVICE_AND_KEYBOARD.dir/C_/Users/ASUS/.pico-sdk/sdk/2.2.0/lib/tinyusb/src/host/usbh.c.obj
                0x10008710                tuh_configure
 .text.tuh_rhport_init
                0x10008718      0x13c CMakeFiles/USB_DEVICE_AND_KEYBOARD.dir/C_/Users/ASUS/.pico-sdk/sdk/2.2.0/lib/tinyusb/src/host/usbh.c.obj
                0x10008718                tuh_rhport_init
 .text.tuh_control_xfer
                0x10008854      0x148 CMakeFiles/USB_DEVICE_AND_KEYBOARD.dir/C_/Users/ASUS/.pico-sdk/sdk/2.2.0/lib/tinyusb/src/host/usbh.c.obj
                0x10008854                tuh_control_xfer
 .text.enum_new_device.isra.0
                0x1000899c       0xe4 CMakeFiles/USB_DEVICE_AND_KEYBOARD.dir/C_/Users/ASUS/.pico-sdk/sdk/2.2.0/lib/tinyusb/src/host/usbh.c.obj
 .text.tuh_task_ext.part.0
                0x10008a80      0x228 CMakeFiles/USB_DEVICE_AND_KEYBOARD.dir/C_/Users/ASUS/.pico-sdk/sdk/2.2.0/lib/tinyusb/src/host/usbh.c.obj
 .text.tuh_task_ext
                0x10008ca8       0x18 CMakeFiles/USB_DEVICE_AND_KEYBOARD.dir/C_/Users/ASUS/.pico-sdk/sdk/2.2.0/lib/tinyusb/src/host/usbh.c.obj
                0x10008ca8                tuh_task_ext
 .text.process_enumeration
                0x10008cc0      0x634 CMakeFiles/USB_DEVICE_AND_KEYBOARD.dir/C_/Users/ASUS/.pico-sdk/sdk/2.2.0/lib/tinyusb/src/host/usbh.c.obj
 .text.usbh_get_rhport
                0x100092f4       0x20 CMakeFiles/USB_DEVICE_AND_KEYBOARD.dir/C_/Users/ASUS/.pico-sdk/sdk/2.2.0/lib/tinyusb/src/host/usbh.c.obj
                0x100092f4                usbh_get_rhport
 .text.usbh_get_enum_buf
                0x10009314        0x8 CMakeFiles/USB_DEVICE_AND_KEYBOARD.dir/C_/Users/ASUS/.pico-sdk/sdk/2.2.0/lib/tinyusb/src/host/usbh.c.obj
                0x10009314                usbh_get_enum_buf
 .text.usbh_edpt_claim
                0x1000931c       0x48 CMakeFiles/USB_DEVICE_AND_KEYBOARD.dir/C_/Users/ASUS/.pico-sdk/sdk/2.2.0/lib/tinyusb/src/host/usbh.c.obj
                0x1000931c                usbh_edpt_claim
 .text.usbh_edpt_release
                0x10009364       0x48 CMakeFiles/USB_DEVICE_AND_KEYBOARD.dir/C_/Users/ASUS/.pico-sdk/sdk/2.2.0/lib/tinyusb/src/host/usbh.c.obj
                0x10009364                usbh_edpt_release
 .text.usbh_edpt_xfer_with_callback
                0x100093ac       0x70 CMakeFiles/USB_DEVICE_AND_KEYBOARD.dir/C_/Users/ASUS/.pico-sdk/sdk/2.2.0/lib/tinyusb/src/host/usbh.c.obj
                0x100093ac                usbh_edpt_xfer_with_callback
 .text.tuh_edpt_open
                0x1000941c       0x50 CMakeFiles/USB_DEVICE_AND_KEYBOARD.dir/C_/Users/ASUS/.pico-sdk/sdk/2.2.0/lib/tinyusb/src/host/usbh.c.obj
                0x1000941c                tuh_edpt_open
 .text.hcd_devtree_get_info
                0x1000946c       0x40 CMakeFiles/USB_DEVICE_AND_KEYBOARD.dir/C_/Users/ASUS/.pico-sdk/sdk/2.2.0/lib/tinyusb/src/host/usbh.c.obj
                0x1000946c                hcd_devtree_get_info
 .text.tuh_descriptor_get_hid_report
                0x100094ac      0x160 CMakeFiles/USB_DEVICE_AND_KEYBOARD.dir/C_/Users/ASUS/.pico-sdk/sdk/2.2.0/lib/tinyusb/src/host/usbh.c.obj
                0x100094ac                tuh_descriptor_get_hid_report
 .text.usbh_driver_set_config_complete
                0x1000960c      0x19c CMakeFiles/USB_DEVICE_AND_KEYBOARD.dir/C_/Users/ASUS/.pico-sdk/sdk/2.2.0/lib/tinyusb/src/host/usbh.c.obj
                0x1000960c                usbh_driver_set_config_complete
 .text.connection_port_reset_complete
                0x100097a8       0x34 CMakeFiles/USB_DEVICE_AND_KEYBOARD.dir/C_/Users/ASUS/.pico-sdk/sdk/2.2.0/lib/tinyusb/src/host/hub.c.obj
 .text.hub_clear_feature_complete_stub
                0x100097dc       0x2c CMakeFiles/USB_DEVICE_AND_KEYBOARD.dir/C_/Users/ASUS/.pico-sdk/sdk/2.2.0/lib/tinyusb/src/host/hub.c.obj
 .text.config_set_port_power
                0x10009808       0x54 CMakeFiles/USB_DEVICE_AND_KEYBOARD.dir/C_/Users/ASUS/.pico-sdk/sdk/2.2.0/lib/tinyusb/src/host/hub.c.obj
 .text.config_port_power_complete
                0x1000985c       0x8c CMakeFiles/USB_DEVICE_AND_KEYBOARD.dir/C_/Users/ASUS/.pico-sdk/sdk/2.2.0/lib/tinyusb/src/host/hub.c.obj
 .text.connection_clear_conn_change_complete
                0x100098e8       0x90 CMakeFiles/USB_DEVICE_AND_KEYBOARD.dir/C_/Users/ASUS/.pico-sdk/sdk/2.2.0/lib/tinyusb/src/host/hub.c.obj
 .text.hub_get_status_complete
                0x10009978       0x8c CMakeFiles/USB_DEVICE_AND_KEYBOARD.dir/C_/Users/ASUS/.pico-sdk/sdk/2.2.0/lib/tinyusb/src/host/hub.c.obj
 .text.hub_port_get_status_complete
                0x10009a04      0x168 CMakeFiles/USB_DEVICE_AND_KEYBOARD.dir/C_/Users/ASUS/.pico-sdk/sdk/2.2.0/lib/tinyusb/src/host/hub.c.obj
 .text.hub_port_clear_feature
                0x10009b6c       0x48 CMakeFiles/USB_DEVICE_AND_KEYBOARD.dir/C_/Users/ASUS/.pico-sdk/sdk/2.2.0/lib/tinyusb/src/host/hub.c.obj
                0x10009b6c                hub_port_clear_feature
 .text.hub_port_get_status
                0x10009bb4       0x54 CMakeFiles/USB_DEVICE_AND_KEYBOARD.dir/C_/Users/ASUS/.pico-sdk/sdk/2.2.0/lib/tinyusb/src/host/hub.c.obj
                0x10009bb4                hub_port_get_status
 .text.hub_init
                0x10009c08       0x14 CMakeFiles/USB_DEVICE_AND_KEYBOARD.dir/C_/Users/ASUS/.pico-sdk/sdk/2.2.0/lib/tinyusb/src/host/hub.c.obj
                0x10009c08                hub_init
 .text.hub_deinit
                0x10009c1c        0x4 CMakeFiles/USB_DEVICE_AND_KEYBOARD.dir/C_/Users/ASUS/.pico-sdk/sdk/2.2.0/lib/tinyusb/src/host/hub.c.obj
                0x10009c1c                hub_deinit
 .text.hub_open
                0x10009c20       0x54 CMakeFiles/USB_DEVICE_AND_KEYBOARD.dir/C_/Users/ASUS/.pico-sdk/sdk/2.2.0/lib/tinyusb/src/host/hub.c.obj
                0x10009c20                hub_open
 .text.hub_close
                0x10009c74       0x24 CMakeFiles/USB_DEVICE_AND_KEYBOARD.dir/C_/Users/ASUS/.pico-sdk/sdk/2.2.0/lib/tinyusb/src/host/hub.c.obj
                0x10009c74                hub_close
 .text.hub_edpt_status_xfer
                0x10009c98       0x28 CMakeFiles/USB_DEVICE_AND_KEYBOARD.dir/C_/Users/ASUS/.pico-sdk/sdk/2.2.0/lib/tinyusb/src/host/hub.c.obj
                0x10009c98                hub_edpt_status_xfer
 .text.hub_set_config
                0x10009cc0       0x54 CMakeFiles/USB_DEVICE_AND_KEYBOARD.dir/C_/Users/ASUS/.pico-sdk/sdk/2.2.0/lib/tinyusb/src/host/hub.c.obj
                0x10009cc0                hub_set_config
 .text.hub_xfer_cb
                0x10009d14      0x118 CMakeFiles/USB_DEVICE_AND_KEYBOARD.dir/C_/Users/ASUS/.pico-sdk/sdk/2.2.0/lib/tinyusb/src/host/hub.c.obj
                0x10009d14                hub_xfer_cb
 .text.process_set_config
                0x10009e2c      0x23c CMakeFiles/USB_DEVICE_AND_KEYBOARD.dir/C_/Users/ASUS/.pico-sdk/sdk/2.2.0/lib/tinyusb/src/class/hid/hid_host.c.obj
 .text.tuh_hid_interface_protocol
                0x1000a068       0x2c CMakeFiles/USB_DEVICE_AND_KEYBOARD.dir/C_/Users/ASUS/.pico-sdk/sdk/2.2.0/lib/tinyusb/src/class/hid/hid_host.c.obj
                0x1000a068                tuh_hid_interface_protocol
 .text.tuh_hid_receive_report
                0x1000a094       0x5c CMakeFiles/USB_DEVICE_AND_KEYBOARD.dir/C_/Users/ASUS/.pico-sdk/sdk/2.2.0/lib/tinyusb/src/class/hid/hid_host.c.obj
                0x1000a094                tuh_hid_receive_report
 .text.hidh_init
                0x1000a0f0       0x14 CMakeFiles/USB_DEVICE_AND_KEYBOARD.dir/C_/Users/ASUS/.pico-sdk/sdk/2.2.0/lib/tinyusb/src/class/hid/hid_host.c.obj
                0x1000a0f0                hidh_init
 .text.hidh_deinit
                0x1000a104        0x4 CMakeFiles/USB_DEVICE_AND_KEYBOARD.dir/C_/Users/ASUS/.pico-sdk/sdk/2.2.0/lib/tinyusb/src/class/hid/hid_host.c.obj
                0x1000a104                hidh_deinit
 .text.hidh_xfer_cb
                0x1000a108      0x130 CMakeFiles/USB_DEVICE_AND_KEYBOARD.dir/C_/Users/ASUS/.pico-sdk/sdk/2.2.0/lib/tinyusb/src/class/hid/hid_host.c.obj
                0x1000a108                hidh_xfer_cb
 .text.hidh_close
                0x1000a238      0x160 CMakeFiles/USB_DEVICE_AND_KEYBOARD.dir/C_/Users/ASUS/.pico-sdk/sdk/2.2.0/lib/tinyusb/src/class/hid/hid_host.c.obj
                0x1000a238                hidh_close
 .text.hidh_open
                0x1000a398      0x15c CMakeFiles/USB_DEVICE_AND_KEYBOARD.dir/C_/Users/ASUS/.pico-sdk/sdk/2.2.0/lib/tinyusb/src/class/hid/hid_host.c.obj
                0x1000a398                hidh_open
 .text.hidh_set_config
                0x1000a4f4       0xec CMakeFiles/USB_DEVICE_AND_KEYBOARD.dir/C_/Users/ASUS/.pico-sdk/sdk/2.2.0/lib/tinyusb/src/class/hid/hid_host.c.obj
                0x1000a4f4                hidh_set_config
 .text.calloc   0x1000a5e0       0x18 C:/Users/ASUS/.pico-sdk/toolchain/14_2_Rel1/bin/../lib/gcc/arm-none-eabi/14.2.1/thumb/v6-m/nofp\libg.a(libc_a-calloc.o)
                0x1000a5e0                calloc
 .text._calloc_r
                0x1000a5f8       0xa8 C:/Users/ASUS/.pico-sdk/toolchain/14_2_Rel1/bin/../lib/gcc/arm-none-eabi/14.2.1/thumb/v6-m/nofp\libg.a(libc_a-callocr.o)
                0x1000a5f8                _calloc_r
 .text.malloc   0x1000a6a0       0x14 C:/Users/ASUS/.pico-sdk/toolchain/14_2_Rel1/bin/../lib/gcc/arm-none-eabi/14.2.1/thumb/v6-m/nofp\libg.a(libc_a-malloc.o)
                0x1000a6a0                malloc
 .text._malloc_r
                0x1000a6b4      0x5cc C:/Users/ASUS/.pico-sdk/toolchain/14_2_Rel1/bin/../lib/gcc/arm-none-eabi/14.2.1/thumb/v6-m/nofp\libg.a(libc_a-mallocr.o)
                0x1000a6b4                _malloc_r
 .text.__malloc_lock
                0x1000ac80       0x10 C:/Users/ASUS/.pico-sdk/toolchain/14_2_Rel1/bin/../lib/gcc/arm-none-eabi/14.2.1/thumb/v6-m/nofp\libg.a(libc_a-mlock.o)
                0x1000ac80                __malloc_lock
 .text.__malloc_unlock
                0x1000ac90       0x10 C:/Users/ASUS/.pico-sdk/toolchain/14_2_Rel1/bin/../lib/gcc/arm-none-eabi/14.2.1/thumb/v6-m/nofp\libg.a(libc_a-mlock.o)
                0x1000ac90                __malloc_unlock
 .text._sbrk_r  0x1000aca0       0x24 C:/Users/ASUS/.pico-sdk/toolchain/14_2_Rel1/bin/../lib/gcc/arm-none-eabi/14.2.1/thumb/v6-m/nofp\libg.a(libc_a-sbrkr.o)
                0x1000aca0                _sbrk_r
 .text.__errno  0x1000acc4        0xc C:/Users/ASUS/.pico-sdk/toolchain/14_2_Rel1/bin/../lib/gcc/arm-none-eabi/14.2.1/thumb/v6-m/nofp\libg.a(libc_a-errno.o)
                0x1000acc4                __errno
 .text.__retarget_lock_acquire_recursive
                0x1000acd0        0x4 C:/Users/ASUS/.pico-sdk/toolchain/14_2_Rel1/bin/../lib/gcc/arm-none-eabi/14.2.1/thumb/v6-m/nofp\libg.a(libc_a-lock.o)
                0x1000acd0                __retarget_lock_acquire_recursive
 .text.__retarget_lock_release_recursive
                0x1000acd4        0x4 C:/Users/ASUS/.pico-sdk/toolchain/14_2_Rel1/bin/../lib/gcc/arm-none-eabi/14.2.1/thumb/v6-m/nofp\libg.a(libc_a-lock.o)
                0x1000acd4                __retarget_lock_release_recursive
 .text.sysconf  0x1000acd8       0x1c C:/Users/ASUS/.pico-sdk/toolchain/14_2_Rel1/bin/../lib/gcc/arm-none-eabi/14.2.1/thumb/v6-m/nofp\libg.a(libc_a-sysconf.o)
                0x1000acd8                sysconf
 .text.strlen   0x1000acf4       0x5c C:/Users/ASUS/.pico-sdk/toolchain/14_2_Rel1/bin/../lib/gcc/arm-none-eabi/14.2.1/thumb/v6-m/nofp\libg.a(libc_a-strlen-stub.o)
                0x1000acf4                strlen
 .text._malloc_trim_r
                0x1000ad50       0xb4 C:/Users/ASUS/.pico-sdk/toolchain/14_2_Rel1/bin/../lib/gcc/arm-none-eabi/14.2.1/thumb/v6-m/nofp\libg.a(libc_a-freer.o)
                0x1000ad50                _malloc_trim_r
 .text._free_r  0x1000ae04      0x1f0 C:/Users/ASUS/.pico-sdk/toolchain/14_2_Rel1/bin/../lib/gcc/arm-none-eabi/14.2.1/thumb/v6-m/nofp\libg.a(libc_a-freer.o)
                0x1000ae04                _free_r
 *(.fini)
 .fini          0x1000aff4        0x4 C:/Users/ASUS/.pico-sdk/toolchain/14_2_Rel1/bin/../lib/gcc/arm-none-eabi/14.2.1/thumb/v6-m/nofp/crti.o
                0x1000aff4                _fini
 .fini.__stub   0x1000aff8      0x140 linker stubs
 *crtbegin.o(.ctors)
 *crtbegin?.o(.ctors)
 *(EXCLUDE_FILE(*crtend.o *crtend?.o) .ctors)
 *(SORT_BY_NAME(.ctors.*))
 *(.ctors)
 *crtbegin.o(.dtors)
 *crtbegin?.o(.dtors)
 *(EXCLUDE_FILE(*crtend.o *crtend?.o) .dtors)
 *(SORT_BY_NAME(.dtors.*))
 *(.dtors)
                0x1000b138                        . = ALIGN (0x4)
                0x1000b138                        PROVIDE (__preinit_array_start = .)
 *(SORT_BY_NAME(.preinit_array.*))
 .preinit_array.00100
                0x1000b138        0x4 CMakeFiles/USB_DEVICE_AND_KEYBOARD.dir/C_/Users/ASUS/.pico-sdk/sdk/2.2.0/src/rp2_common/pico_runtime_init/runtime_init.c.obj
                0x1000b138                __pre_init_runtime_init_early_resets
 .preinit_array.00101
                0x1000b13c        0x4 CMakeFiles/USB_DEVICE_AND_KEYBOARD.dir/C_/Users/ASUS/.pico-sdk/sdk/2.2.0/src/rp2_common/pico_runtime_init/runtime_init.c.obj
                0x1000b13c                __pre_init_runtime_init_usb_power_down
 .preinit_array.00275
                0x1000b140        0x4 CMakeFiles/USB_DEVICE_AND_KEYBOARD.dir/C_/Users/ASUS/.pico-sdk/sdk/2.2.0/src/rp2_common/pico_bit_ops/bit_ops_aeabi.S.obj
 .preinit_array.00300
                0x1000b144        0x4 CMakeFiles/USB_DEVICE_AND_KEYBOARD.dir/C_/Users/ASUS/.pico-sdk/sdk/2.2.0/src/rp2_common/pico_mem_ops/mem_ops_aeabi.S.obj
 .preinit_array.00350
                0x1000b148        0x4 CMakeFiles/USB_DEVICE_AND_KEYBOARD.dir/C_/Users/ASUS/.pico-sdk/sdk/2.2.0/src/rp2_common/pico_double/double_aeabi_rp2040.S.obj
 .preinit_array.00350
                0x1000b14c        0x4 CMakeFiles/USB_DEVICE_AND_KEYBOARD.dir/C_/Users/ASUS/.pico-sdk/sdk/2.2.0/src/rp2_common/pico_float/float_aeabi_rp2040.S.obj
 .preinit_array.00500
                0x1000b150        0x4 CMakeFiles/USB_DEVICE_AND_KEYBOARD.dir/C_/Users/ASUS/.pico-sdk/sdk/2.2.0/src/rp2_common/pico_runtime_init/runtime_init.c.obj
                0x1000b150                __pre_init_runtime_init_clocks
 .preinit_array.00600
                0x1000b154        0x4 CMakeFiles/USB_DEVICE_AND_KEYBOARD.dir/C_/Users/ASUS/.pico-sdk/sdk/2.2.0/src/rp2_common/pico_runtime_init/runtime_init.c.obj
                0x1000b154                __pre_init_runtime_init_post_clock_resets
 .preinit_array.00700
                0x1000b158        0x4 CMakeFiles/USB_DEVICE_AND_KEYBOARD.dir/C_/Users/ASUS/.pico-sdk/sdk/2.2.0/src/rp2_common/pico_runtime_init/runtime_init.c.obj
                0x1000b158                __pre_init_runtime_init_rp2040_gpio_ie_disable
 .preinit_array.01000
                0x1000b15c        0x4 CMakeFiles/USB_DEVICE_AND_KEYBOARD.dir/C_/Users/ASUS/.pico-sdk/sdk/2.2.0/src/rp2_common/pico_runtime_init/runtime_init.c.obj
                0x1000b15c                __pre_init_runtime_init_spin_locks_reset
 .preinit_array.01100
                0x1000b160        0x4 CMakeFiles/USB_DEVICE_AND_KEYBOARD.dir/C_/Users/ASUS/.pico-sdk/sdk/2.2.0/src/common/pico_sync/mutex.c.obj
                0x1000b160                __pre_init_runtime_init_mutex
 .preinit_array.10080
                0x1000b164        0x4 CMakeFiles/USB_DEVICE_AND_KEYBOARD.dir/C_/Users/ASUS/.pico-sdk/sdk/2.2.0/src/rp2_common/pico_runtime_init/runtime_init.c.obj
                0x1000b164                __pre_init_runtime_init_install_ram_vector_table
 .preinit_array.11000
                0x1000b168        0x4 CMakeFiles/USB_DEVICE_AND_KEYBOARD.dir/C_/Users/ASUS/.pico-sdk/sdk/2.2.0/src/common/pico_time/time.c.obj
                0x1000b168                __pre_init_runtime_init_default_alarm_pool
 .preinit_array.YYYYY
                0x1000b16c        0x4 CMakeFiles/USB_DEVICE_AND_KEYBOARD.dir/C_/Users/ASUS/.pico-sdk/sdk/2.2.0/src/rp2_common/pico_runtime/runtime.c.obj
                0x1000b16c                __pre_init_first_per_core_initializer
 .preinit_array.ZZZZZ.01200
                0x1000b170        0x4 CMakeFiles/USB_DEVICE_AND_KEYBOARD.dir/C_/Users/ASUS/.pico-sdk/sdk/2.2.0/src/rp2_common/hardware_irq/irq.c.obj
                0x1000b170                __pre_init_runtime_init_per_core_irq_priorities
 *(.preinit_array)
                0x1000b174                        PROVIDE (__preinit_array_end = .)
                0x1000b174                        . = ALIGN (0x4)
                0x1000b174                        PROVIDE (__init_array_start = .)
 *(SORT_BY_NAME(.init_array.*))
 *(.init_array)
 .init_array    0x1000b174        0x4 C:/Users/ASUS/.pico-sdk/toolchain/14_2_Rel1/bin/../lib/gcc/arm-none-eabi/14.2.1/thumb/v6-m/nofp/crtbegin.o
                0x1000b178                        PROVIDE (__init_array_end = .)
                0x1000b178                        . = ALIGN (0x4)
                [!provide]                        PROVIDE (__fini_array_start = .)
 *(SORT_BY_NAME(.fini_array.*))
 *(.fini_array)
                [!provide]                        PROVIDE (__fini_array_end = .)
 *(.eh_frame*)
 .eh_frame      0x1000b178        0x0 C:/Users/ASUS/.pico-sdk/toolchain/14_2_Rel1/bin/../lib/gcc/arm-none-eabi/14.2.1/thumb/v6-m/nofp/crtbegin.o
                0x1000b178                        . = ALIGN (0x4)

.glue_7         0x1000b178        0x0
 .glue_7        0x1000b178        0x0 linker stubs

.glue_7t        0x1000b178        0x0
 .glue_7t       0x1000b178        0x0 linker stubs

.vfp11_veneer   0x1000b178        0x0
 .vfp11_veneer  0x1000b178        0x0 linker stubs

.v4_bx          0x1000b178        0x0
 .v4_bx         0x1000b178        0x0 linker stubs

.iplt           0x1000b178        0x0
 .iplt          0x1000b178        0x0 C:/Users/ASUS/.pico-sdk/toolchain/14_2_Rel1/bin/../lib/gcc/arm-none-eabi/14.2.1/thumb/v6-m/nofp/crtbegin.o

.rodata         0x1000b178      0x8fc
 *(EXCLUDE_FILE(*libm.a: *libc.a:*lib_a-mem*.o *libgcc.a:) .rodata*)
 .rodata.main.str1.4
                0x1000b178      0x304 CMakeFiles/USB_DEVICE_AND_KEYBOARD.dir/main_device.c.obj
                                 0x32 (size before relaxing)
 .rodata.tuh_hid_mount_cb.str1.4
                0x1000b47c       0x53 CMakeFiles/USB_DEVICE_AND_KEYBOARD.dir/main_host.c.obj
 .rodata.tuh_hid_umount_cb.str1.4
                0x1000b47c       0x24 CMakeFiles/USB_DEVICE_AND_KEYBOARD.dir/main_host.c.obj
 .rodata.str1.4
                0x1000b47c       0x1a CMakeFiles/USB_DEVICE_AND_KEYBOARD.dir/main_host.c.obj
 .rodata        0x1000b47c       0x1c CMakeFiles/USB_DEVICE_AND_KEYBOARD.dir/main_host.c.obj
 .rodata.str1.4
                0x1000b498       0x34 CMakeFiles/USB_DEVICE_AND_KEYBOARD.dir/usb_descriptors.c.obj
 .rodata.__compound_literal.0
                0x1000b498        0x2 CMakeFiles/USB_DEVICE_AND_KEYBOARD.dir/usb_descriptors.c.obj
 *fill*         0x1000b49a        0x2 
 .rodata.desc_fs_configuration
                0x1000b49c       0x64 CMakeFiles/USB_DEVICE_AND_KEYBOARD.dir/usb_descriptors.c.obj
                0x1000b49c                desc_fs_configuration
 .rodata.desc_hid_report
                0x1000b500       0xd6 CMakeFiles/USB_DEVICE_AND_KEYBOARD.dir/usb_descriptors.c.obj
                0x1000b500                desc_hid_report
 *fill*         0x1000b5d6        0x2 
 .rodata.desc_device
                0x1000b5d8       0x12 CMakeFiles/USB_DEVICE_AND_KEYBOARD.dir/usb_descriptors.c.obj
                0x1000b5d8                desc_device
 .rodata.panic.str1.4
                0x1000b5ea       0x12 CMakeFiles/USB_DEVICE_AND_KEYBOARD.dir/C_/Users/ASUS/.pico-sdk/sdk/2.2.0/src/rp2_common/pico_platform_panic/panic.c.obj
 .rodata.spin_lock_claim_unused.str1.4
                0x1000b5ea       0x1b CMakeFiles/USB_DEVICE_AND_KEYBOARD.dir/C_/Users/ASUS/.pico-sdk/sdk/2.2.0/src/rp2_common/hardware_sync/sync.c.obj
 *fill*         0x1000b5ea        0x6 
 .rodata.at_the_end_of_time
                0x1000b5f0        0x8 CMakeFiles/USB_DEVICE_AND_KEYBOARD.dir/C_/Users/ASUS/.pico-sdk/sdk/2.2.0/src/common/pico_time/time.c.obj
                0x1000b5f0                at_the_end_of_time
 .rodata.timer_hardware_alarm_claim.str1.4
                0x1000b5f8       0x22 CMakeFiles/USB_DEVICE_AND_KEYBOARD.dir/C_/Users/ASUS/.pico-sdk/sdk/2.2.0/src/rp2_common/hardware_timer/timer.c.obj
 .rodata.hard_assertion_failure.str1.4
                0x1000b5f8        0xc CMakeFiles/USB_DEVICE_AND_KEYBOARD.dir/C_/Users/ASUS/.pico-sdk/sdk/2.2.0/src/rp2_common/pico_runtime/runtime.c.obj
 .rodata.missing_double_func_shim.str1.4
                0x1000b5f8       0x18 CMakeFiles/USB_DEVICE_AND_KEYBOARD.dir/C_/Users/ASUS/.pico-sdk/sdk/2.2.0/src/rp2_common/pico_double/double_init_rom_rp2040.c.obj
 .rodata.missing_float_func_shim.str1.4
                0x1000b5f8        0x1 CMakeFiles/USB_DEVICE_AND_KEYBOARD.dir/C_/Users/ASUS/.pico-sdk/sdk/2.2.0/src/rp2_common/pico_float/float_init_rom_rp2040.c.obj
 .rodata.__wrap_malloc.str1.4
                0x1000b5f8        0xe CMakeFiles/USB_DEVICE_AND_KEYBOARD.dir/C_/Users/ASUS/.pico-sdk/sdk/2.2.0/src/rp2_common/pico_malloc/malloc.c.obj
 .rodata.str1.4
                0x1000b5f8       0x4c CMakeFiles/USB_DEVICE_AND_KEYBOARD.dir/C_/Users/ASUS/.pico-sdk/sdk/2.2.0/src/rp2_common/pico_standard_binary_info/standard_binary_info.c.obj
 .rodata.__bi_84
                0x1000b5f8        0xc CMakeFiles/USB_DEVICE_AND_KEYBOARD.dir/C_/Users/ASUS/.pico-sdk/sdk/2.2.0/src/rp2_common/pico_standard_binary_info/standard_binary_info.c.obj
 .rodata.__bi_78
                0x1000b604        0xc CMakeFiles/USB_DEVICE_AND_KEYBOARD.dir/C_/Users/ASUS/.pico-sdk/sdk/2.2.0/src/rp2_common/pico_standard_binary_info/standard_binary_info.c.obj
 .rodata.__bi_54
                0x1000b610        0xc CMakeFiles/USB_DEVICE_AND_KEYBOARD.dir/C_/Users/ASUS/.pico-sdk/sdk/2.2.0/src/rp2_common/pico_standard_binary_info/standard_binary_info.c.obj
 .rodata.__bi_48
                0x1000b61c        0xc CMakeFiles/USB_DEVICE_AND_KEYBOARD.dir/C_/Users/ASUS/.pico-sdk/sdk/2.2.0/src/rp2_common/pico_standard_binary_info/standard_binary_info.c.obj
 .rodata.__bi_42
                0x1000b628        0xc CMakeFiles/USB_DEVICE_AND_KEYBOARD.dir/C_/Users/ASUS/.pico-sdk/sdk/2.2.0/src/rp2_common/pico_standard_binary_info/standard_binary_info.c.obj
 .rodata.__bi_34
                0x1000b634        0xc CMakeFiles/USB_DEVICE_AND_KEYBOARD.dir/C_/Users/ASUS/.pico-sdk/sdk/2.2.0/src/rp2_common/pico_standard_binary_info/standard_binary_info.c.obj
 .rodata.__bi_26
                0x1000b640        0xc CMakeFiles/USB_DEVICE_AND_KEYBOARD.dir/C_/Users/ASUS/.pico-sdk/sdk/2.2.0/src/rp2_common/pico_standard_binary_info/standard_binary_info.c.obj
 .rodata._ftoa.str1.4
                0x1000b64c       0x15 CMakeFiles/USB_DEVICE_AND_KEYBOARD.dir/C_/Users/ASUS/.pico-sdk/sdk/2.2.0/src/rp2_common/pico_printf/printf.c.obj
 .rodata._vsnprintf
                0x1000b64c      0x19c CMakeFiles/USB_DEVICE_AND_KEYBOARD.dir/C_/Users/ASUS/.pico-sdk/sdk/2.2.0/src/rp2_common/pico_printf/printf.c.obj
 .rodata.pow10.0
                0x1000b7e8       0x50 CMakeFiles/USB_DEVICE_AND_KEYBOARD.dir/C_/Users/ASUS/.pico-sdk/sdk/2.2.0/src/rp2_common/pico_printf/printf.c.obj
 .rodata.crlf_str.0
                0x1000b838        0x2 CMakeFiles/USB_DEVICE_AND_KEYBOARD.dir/C_/Users/ASUS/.pico-sdk/sdk/2.2.0/src/rp2_common/pico_stdio/stdio.c.obj
 .rodata.str1.4
                0x1000b83a       0x2c CMakeFiles/USB_DEVICE_AND_KEYBOARD.dir/C_/Users/ASUS/.pico-sdk/sdk/2.2.0/src/rp2_common/pico_stdio_uart/stdio_uart.c.obj
 *fill*         0x1000b83a        0x2 
 .rodata.__bi_45.4
                0x1000b83c        0xc CMakeFiles/USB_DEVICE_AND_KEYBOARD.dir/C_/Users/ASUS/.pico-sdk/sdk/2.2.0/src/rp2_common/pico_stdio_uart/stdio_uart.c.obj
 .rodata.__bi_49.5
                0x1000b848        0x8 CMakeFiles/USB_DEVICE_AND_KEYBOARD.dir/C_/Users/ASUS/.pico-sdk/sdk/2.2.0/src/rp2_common/pico_stdio_uart/stdio_uart.c.obj
 .rodata.__bi_50.6
                0x1000b850        0x8 CMakeFiles/USB_DEVICE_AND_KEYBOARD.dir/C_/Users/ASUS/.pico-sdk/sdk/2.2.0/src/rp2_common/pico_stdio_uart/stdio_uart.c.obj
 .rodata.usb_nrzi_decoder_debug_program
                0x1000b858        0x8 CMakeFiles/USB_DEVICE_AND_KEYBOARD.dir/Pico-PIO-USB/src/pio_usb.c.obj
 .rodata.usb_nrzi_decoder_debug_program_instructions
                0x1000b860       0x14 CMakeFiles/USB_DEVICE_AND_KEYBOARD.dir/Pico-PIO-USB/src/pio_usb.c.obj
 .rodata.usb_nrzi_decoder_program
                0x1000b874        0x8 CMakeFiles/USB_DEVICE_AND_KEYBOARD.dir/Pico-PIO-USB/src/pio_usb.c.obj
 .rodata.usb_nrzi_decoder_program_instructions
                0x1000b87c       0x14 CMakeFiles/USB_DEVICE_AND_KEYBOARD.dir/Pico-PIO-USB/src/pio_usb.c.obj
 .rodata.usb_edge_detector_debug_program
                0x1000b890        0x8 CMakeFiles/USB_DEVICE_AND_KEYBOARD.dir/Pico-PIO-USB/src/pio_usb.c.obj
 .rodata.usb_edge_detector_debug_program_instructions
                0x1000b898       0x22 CMakeFiles/USB_DEVICE_AND_KEYBOARD.dir/Pico-PIO-USB/src/pio_usb.c.obj
 *fill*         0x1000b8ba        0x2 
 .rodata.usb_edge_detector_program
                0x1000b8bc        0x8 CMakeFiles/USB_DEVICE_AND_KEYBOARD.dir/Pico-PIO-USB/src/pio_usb.c.obj
 .rodata.usb_edge_detector_program_instructions
                0x1000b8c4       0x22 CMakeFiles/USB_DEVICE_AND_KEYBOARD.dir/Pico-PIO-USB/src/pio_usb.c.obj
 .rodata.pio_usb_host_send_setup.str1.4
                0x1000b8e6       0x15 CMakeFiles/USB_DEVICE_AND_KEYBOARD.dir/Pico-PIO-USB/src/pio_usb_host.c.obj