Archive member included to satisfy reference by file (symbol)

C:/Users/ASUS/.pico-sdk/toolchain/14_2_Rel1/bin/../lib/gcc/arm-none-eabi/14.2.1/thumb/v6-m/nofp\libgcc.a(_dvmd_tls.o)
                              CMakeFiles/USB_DEVICE_AND_KEYBOARD.dir/C_/Users/ASUS/.pico-sdk/sdk/2.2.0/src/rp2_common/pico_divider/divider_hardware.S.obj (__aeabi_idiv0)
C:/Users/ASUS/.pico-sdk/toolchain/14_2_Rel1/bin/../lib/gcc/arm-none-eabi/14.2.1/thumb/v6-m/nofp\libg.a(libc_a-calloc.o)
                              CMakeFiles/USB_DEVICE_AND_KEYBOARD.dir/C_/Users/ASUS/.pico-sdk/sdk/2.2.0/src/rp2_common/pico_malloc/malloc.c.obj (calloc)
C:/Users/ASUS/.pico-sdk/toolchain/14_2_Rel1/bin/../lib/gcc/arm-none-eabi/14.2.1/thumb/v6-m/nofp\libg.a(libc_a-callocr.o)
                              C:/Users/ASUS/.pico-sdk/toolchain/14_2_Rel1/bin/../lib/gcc/arm-none-eabi/14.2.1/thumb/v6-m/nofp\libg.a(libc_a-calloc.o) (_calloc_r)
C:/Users/ASUS/.pico-sdk/toolchain/14_2_Rel1/bin/../lib/gcc/arm-none-eabi/14.2.1/thumb/v6-m/nofp\libg.a(libc_a-malloc.o)
                              CMakeFiles/USB_DEVICE_AND_KEYBOARD.dir/C_/Users/ASUS/.pico-sdk/sdk/2.2.0/src/rp2_common/pico_malloc/malloc.c.obj (malloc)
C:/Users/ASUS/.pico-sdk/toolchain/14_2_Rel1/bin/../lib/gcc/arm-none-eabi/14.2.1/thumb/v6-m/nofp\libg.a(libc_a-mallocr.o)
                              C:/Users/ASUS/.pico-sdk/toolchain/14_2_Rel1/bin/../lib/gcc/arm-none-eabi/14.2.1/thumb/v6-m/nofp\libg.a(libc_a-callocr.o) (_malloc_r)
C:/Users/ASUS/.pico-sdk/toolchain/14_2_Rel1/bin/../lib/gcc/arm-none-eabi/14.2.1/thumb/v6-m/nofp\libg.a(libc_a-mlock.o)
                              C:/Users/ASUS/.pico-sdk/toolchain/14_2_Rel1/bin/../lib/gcc/arm-none-eabi/14.2.1/thumb/v6-m/nofp\libg.a(libc_a-mallocr.o) (__malloc_lock)
C:/Users/ASUS/.pico-sdk/toolchain/14_2_Rel1/bin/../lib/gcc/arm-none-eabi/14.2.1/thumb/v6-m/nofp\libg.a(libc_a-realloc.o)
                              CMakeFiles/USB_DEVICE_AND_KEYBOARD.dir/C_/Users/ASUS/.pico-sdk/sdk/2.2.0/src/rp2_common/pico_malloc/malloc.c.obj (realloc)
C:/Users/ASUS/.pico-sdk/toolchain/14_2_Rel1/bin/../lib/gcc/arm-none-eabi/14.2.1/thumb/v6-m/nofp\libg.a(libc_a-reallocr.o)
                              C:/Users/ASUS/.pico-sdk/toolchain/14_2_Rel1/bin/../lib/gcc/arm-none-eabi/14.2.1/thumb/v6-m/nofp\libg.a(libc_a-realloc.o) (_realloc_r)
C:/Users/ASUS/.pico-sdk/toolchain/14_2_Rel1/bin/../lib/gcc/arm-none-eabi/14.2.1/thumb/v6-m/nofp\libg.a(libc_a-memcmp.o)
                              CMakeFiles/USB_DEVICE_AND_KEYBOARD.dir/C_/Users/ASUS/.pico-sdk/sdk/2.2.0/src/rp2_common/pico_atomic/atomic.c.obj (memcmp)
C:/Users/ASUS/.pico-sdk/toolchain/14_2_Rel1/bin/../lib/gcc/arm-none-eabi/14.2.1/thumb/v6-m/nofp\libg.a(libc_a-memmove.o)
                              C:/Users/ASUS/.pico-sdk/toolchain/14_2_Rel1/bin/../lib/gcc/arm-none-eabi/14.2.1/thumb/v6-m/nofp\libg.a(libc_a-reallocr.o) (memmove)
C:/Users/ASUS/.pico-sdk/toolchain/14_2_Rel1/bin/../lib/gcc/arm-none-eabi/14.2.1/thumb/v6-m/nofp\libg.a(libc_a-lcltime_r.o)
                              CMakeFiles/USB_DEVICE_AND_KEYBOARD.dir/C_/Users/ASUS/.pico-sdk/sdk/2.2.0/src/common/pico_util/datetime.c.obj (localtime_r)
C:/Users/ASUS/.pico-sdk/toolchain/14_2_Rel1/bin/../lib/gcc/arm-none-eabi/14.2.1/thumb/v6-m/nofp\libg.a(libc_a-mktime.o)
                              CMakeFiles/USB_DEVICE_AND_KEYBOARD.dir/C_/Users/ASUS/.pico-sdk/sdk/2.2.0/src/common/pico_util/datetime.c.obj (mktime)
C:/Users/ASUS/.pico-sdk/toolchain/14_2_Rel1/bin/../lib/gcc/arm-none-eabi/14.2.1/thumb/v6-m/nofp\libg.a(libc_a-month_lengths.o)
                              C:/Users/ASUS/.pico-sdk/toolchain/14_2_Rel1/bin/../lib/gcc/arm-none-eabi/14.2.1/thumb/v6-m/nofp\libg.a(libc_a-lcltime_r.o) (__month_lengths)
C:/Users/ASUS/.pico-sdk/toolchain/14_2_Rel1/bin/../lib/gcc/arm-none-eabi/14.2.1/thumb/v6-m/nofp\libg.a(libc_a-tzcalc_limits.o)
                              C:/Users/ASUS/.pico-sdk/toolchain/14_2_Rel1/bin/../lib/gcc/arm-none-eabi/14.2.1/thumb/v6-m/nofp\libg.a(libc_a-lcltime_r.o) (__tzcalc_limits)
C:/Users/ASUS/.pico-sdk/toolchain/14_2_Rel1/bin/../lib/gcc/arm-none-eabi/14.2.1/thumb/v6-m/nofp\libg.a(libc_a-tzlock.o)
                              C:/Users/ASUS/.pico-sdk/toolchain/14_2_Rel1/bin/../lib/gcc/arm-none-eabi/14.2.1/thumb/v6-m/nofp\libg.a(libc_a-lcltime_r.o) (__tz_lock)
C:/Users/ASUS/.pico-sdk/toolchain/14_2_Rel1/bin/../lib/gcc/arm-none-eabi/14.2.1/thumb/v6-m/nofp\libg.a(libc_a-tzset.o)
                              C:/Users/ASUS/.pico-sdk/toolchain/14_2_Rel1/bin/../lib/gcc/arm-none-eabi/14.2.1/thumb/v6-m/nofp\libg.a(libc_a-lcltime_r.o) (_tzset_unlocked)
C:/Users/ASUS/.pico-sdk/toolchain/14_2_Rel1/bin/../lib/gcc/arm-none-eabi/14.2.1/thumb/v6-m/nofp\libg.a(libc_a-tzset_r.o)
                              C:/Users/ASUS/.pico-sdk/toolchain/14_2_Rel1/bin/../lib/gcc/arm-none-eabi/14.2.1/thumb/v6-m/nofp\libg.a(libc_a-tzset.o) (_tzset_unlocked_r)
C:/Users/ASUS/.pico-sdk/toolchain/14_2_Rel1/bin/../lib/gcc/arm-none-eabi/14.2.1/thumb/v6-m/nofp\libg.a(libc_a-tzvars.o)
[...]
Memory Configuration

Name             Origin             Length             Attributes
FLASH            0x10000000         0x00200000         xr
RAM              0x20000000         0x00040000         xrw
SCRATCH_X        0x20040000         0x00001000         xrw
SCRATCH_Y        0x20041000         0x00001000         xrw
*default*        0x00000000         0xffffffff

Linker script and memory map

LOAD C:/Users/ASUS/.pico-sdk/toolchain/14_2_Rel1/bin/../lib/gcc/arm-none-eabi/14.2.1/thumb/v6-m/nofp/crti.o
LOAD C:/Users/ASUS/.pico-sdk/toolchain/14_2_Rel1/bin/../lib/gcc/arm-none-eabi/14.2.1/thumb/v6-m/nofp/crtbegin.o
LOAD C:/Users/ASUS/.pico-sdk/toolchain/14_2_Rel1/bin/../lib/gcc/arm-none-eabi/14.2.1/thumb/v6-m/nofp/crt0.o

.flash_begin    0x10000000        0x0
                0x10000000                        __flash_binary_start = .

.boot2          0x10000000      0x100
                0x10000000                        __boot2_start__ = .
 *(.boot2)
 .boot2         0x10000000      0x100 pico-sdk/src/rp2040/boot_stage2/CMakeFiles/bs2_default_library.dir/./bs2_default_padded_checksummed.S.obj
                0x10000100                        __boot2_end__ = .
                0x00000001                        ASSERT (((__boot2_end__ - __boot2_start__) == 0x100), ERROR: Pico second stage bootloader must be 256 bytes in size)

.text           0x10000100     0xa8d8
                0x10000100                        __logical_binary_start = .
 *(.vectors)
 .vectors       0x10000100       0xd4 CMakeFiles/USB_DEVICE_AND_KEYBOARD.dir/C_/Users/ASUS/.pico-sdk/sdk/2.2.0/src/rp2_common/pico_crt0/crt0.S.obj
                0x10000100                __VECTOR_TABLE
                0x10000100                __vectors
                0x100001c0                isr_irq13
                0x100001c0                isr_irq27
                0x100001c0                isr_irq31
                0x100001c0                isr_irq12
                0x100001c0                isr_irq5
                0x100001c0                isr_irq11
                0x100001c0                isr_irq3
                0x100001c0                isr_irq23
                0x100001c0                __unhandled_user_irq
                0x100001c0                isr_irq26
                0x100001c0                isr_irq28
                0x100001c0                isr_irq19
                0x100001c0                isr_irq0
                0x100001c0                isr_irq6
                0x100001c0                isr_irq29
                0x100001c0                isr_irq16
                0x100001c0                isr_irq22
                0x100001c0                isr_irq18
                0x100001c0                isr_irq17
                0x100001c0                isr_irq14
                0x100001c0                __vectors_end
                0x100001c0                __default_isrs_start
                0x100001c0                isr_irq2
                0x100001c0                isr_irq10
                0x100001c0                isr_irq8
                0x100001c0                isr_irq24
                0x100001c0                isr_irq1
                0x100001c0                isr_irq7
                0x100001c0                isr_irq21
                0x100001c0                isr_irq20
                0x100001c0                isr_irq15
                0x100001c0                isr_irq25
                0x100001c0                isr_irq4
                0x100001c0                isr_irq30
                0x100001c0                isr_irq9
                0x100001c6                unhandled_user_irq_num_in_r0
                0x100001c8                isr_invalid
                0x100001ca                isr_nmi
                0x100001cc                isr_hardfault
                0x100001ce                isr_svcall
                0x100001d0                isr_pendsv
                0x100001d2                isr_systick
                0x100001d4                __default_isrs_end
 *(.binary_info_header)
 .binary_info_header
                0x100001d4       0x14 CMakeFiles/USB_DEVICE_AND_KEYBOARD.dir/C_/Users/ASUS/.pico-sdk/sdk/2.2.0/src/rp2_common/pico_crt0/crt0.S.obj
                0x100001e8                        __binary_info_header_end = .
 *(.embedded_block)
                0x100001e8                        __embedded_block_end = .
 *(.reset)
 .reset         0x100001e8       0x9c CMakeFiles/USB_DEVICE_AND_KEYBOARD.dir/C_/Users/ASUS/.pico-sdk/sdk/2.2.0/src/rp2_common/pico_crt0/crt0.S.obj
                0x100001e8                _entry_point
 *(.init)
 .init          0x10000284        0x4 C:/Users/ASUS/.pico-sdk/toolchain/14_2_Rel1/bin/../lib/gcc/arm-none-eabi/14.2.1/thumb/v6-m/nofp/crti.o
                0x10000284                _init
 *(EXCLUDE_FILE(*libm.a: *libc.a:*lib_a-mem*.o *libgcc.a:) .text*)
 .text.register_tm_clones
                0x10000288       0x28 C:/Users/ASUS/.pico-sdk/toolchain/14_2_Rel1/bin/../lib/gcc/arm-none-eabi/14.2.1/thumb/v6-m/nofp/crtbegin.o
 .text.frame_dummy
                0x100002b0       0x24 C:/Users/ASUS/.pico-sdk/toolchain/14_2_Rel1/bin/../lib/gcc/arm-none-eabi/14.2.1/thumb/v6-m/nofp/crtbegin.o
 .text.startup.main
                0x100002d4       0x64 CMakeFiles/USB_DEVICE_AND_KEYBOARD.dir/main_device.c.obj
                0x100002d4                main
 .text.tud_cdc_rx_cb
                0x10000338       0x14 CMakeFiles/USB_DEVICE_AND_KEYBOARD.dir/main_device.c.obj
                0x10000338                tud_cdc_rx_cb
 .text.core1_main
                0x1000034c       0x74 CMakeFiles/USB_DEVICE_AND_KEYBOARD.dir/main_host.c.obj
                0x1000034c                core1_main
 .text.tuh_hid_mount_cb
                0x100003c0       0x94 CMakeFiles/USB_DEVICE_AND_KEYBOARD.dir/main_host.c.obj
                0x100003c0                tuh_hid_mount_cb
 .text.tuh_hid_umount_cb
                0x10000454       0x2c CMakeFiles/USB_DEVICE_AND_KEYBOARD.dir/main_host.c.obj
                0x10000454                tuh_hid_umount_cb
 .text.tuh_hid_report_received_cb
                0x10000480      0x2c8 CMakeFiles/USB_DEVICE_AND_KEYBOARD.dir/main_host.c.obj
                0x10000480                tuh_hid_report_received_cb
 .text.tud_descriptor_device_cb
                0x10000748        0x8 CMakeFiles/USB_DEVICE_AND_KEYBOARD.dir/usb_descriptors.c.obj
                0x10000748                tud_descriptor_device_cb
 .text.tud_descriptor_configuration_cb
                0x10000750        0x8 CMakeFiles/USB_DEVICE_AND_KEYBOARD.dir/usb_descriptors.c.obj
                0x10000750                tud_descriptor_configuration_cb
 .text.tud_descriptor_string_cb
                0x10000758       0x74 CMakeFiles/USB_DEVICE_AND_KEYBOARD.dir/usb_descriptors.c.obj
                0x10000758                tud_descriptor_string_cb
 .text.tud_hid_descriptor_report_cb
                0x100007cc        0x8 CMakeFiles/USB_DEVICE_AND_KEYBOARD.dir/usb_descriptors.c.obj
                0x100007cc                tud_hid_descriptor_report_cb
 .text.tud_hid_set_report_cb
                0x100007d4        0x4 CMakeFiles/USB_DEVICE_AND_KEYBOARD.dir/usb_descriptors.c.obj
                0x100007d4                tud_hid_set_report_cb
 .text.tud_hid_get_report_cb
                0x100007d8        0x4 CMakeFiles/USB_DEVICE_AND_KEYBOARD.dir/usb_descriptors.c.obj
                0x100007d8                tud_hid_get_report_cb
 .text.tud_hid_report_complete_cb
                0x100007dc        0x4 CMakeFiles/USB_DEVICE_AND_KEYBOARD.dir/usb_descriptors.c.obj
                0x100007dc                tud_hid_report_complete_cb
 .text.kbd_to_con
                0x100007e0      0x328 CMakeFiles/USB_DEVICE_AND_KEYBOARD.dir/converter.c.obj
                0x100007e0                kbd_to_con
 .text.mouse_to_con
                0x10000b08       0xc0 CMakeFiles/USB_DEVICE_AND_KEYBOARD.dir/converter.c.obj
                0x10000b08                mouse_to_con
 .text.hcd_configure
                0x10000bc8       0x20 CMakeFiles/USB_DEVICE_AND_KEYBOARD.dir/C_/Users/ASUS/.pico-sdk/sdk/2.2.0/lib/tinyusb/src/portable/raspberrypi/pio_usb/hcd_pio_usb.c.obj
                0x10000bc8                hcd_configure
 .text.hcd_init
                0x10000be8       0x10 CMakeFiles/USB_DEVICE_AND_KEYBOARD.dir/C_/Users/ASUS/.pico-sdk/sdk/2.2.0/lib/tinyusb/src/portable/raspberrypi/pio_usb/hcd_pio_usb.c.obj
                0x10000be8                hcd_init
 .text.hcd_port_reset
                0x10000bf8        0xc CMakeFiles/USB_DEVICE_AND_KEYBOARD.dir/C_/Users/ASUS/.pico-sdk/sdk/2.2.0/lib/tinyusb/src/portable/raspberrypi/pio_usb/hcd_pio_usb.c.obj
                0x10000bf8                hcd_port_reset
 .text.hcd_port_reset_end
                0x10000c04        0xc CMakeFiles/USB_DEVICE_AND_KEYBOARD.dir/C_/Users/ASUS/.pico-sdk/sdk/2.2.0/lib/tinyusb/src/portable/raspberrypi/pio_usb/hcd_pio_usb.c.obj
                0x10000c04                hcd_port_reset_end
 .text.hcd_port_connect_status
                0x10000c10       0x40 CMakeFiles/USB_DEVICE_AND_KEYBOARD.dir/C_/Users/ASUS/.pico-sdk/sdk/2.2.0/lib/tinyusb/src/portable/raspberrypi/pio_usb/hcd_pio_usb.c.obj
                0x10000c10                hcd_port_connect_status
 .text.hcd_port_speed_get
                0x10000c50       0x1c CMakeFiles/USB_DEVICE_AND_KEYBOARD.dir/C_/Users/ASUS/.pico-sdk/sdk/2.2.0/lib/tinyusb/src/portable/raspberrypi/pio_usb/hcd_pio_usb.c.obj
                0x10000c50                hcd_port_speed_get
 .text.hcd_device_close
                0x10000c6c        0xc CMakeFiles/USB_DEVICE_AND_KEYBOARD.dir/C_/Users/ASUS/.pico-sdk/sdk/2.2.0/lib/tinyusb/src/portable/raspberrypi/pio_usb/hcd_pio_usb.c.obj
                0x10000c6c                hcd_device_close
 .text.hcd_int_enable
                0x10000c78        0x4 CMakeFiles/USB_DEVICE_AND_KEYBOARD.dir/C_/Users/ASUS/.pico-sdk/sdk/2.2.0/lib/tinyusb/src/portable/raspberrypi/pio_usb/hcd_pio_usb.c.obj
                0x10000c78                hcd_int_enable
 .text.hcd_edpt_open
                0x10000c7c       0x38 CMakeFiles/USB_DEVICE_AND_KEYBOARD.dir/C_/Users/ASUS/.pico-sdk/sdk/2.2.0/lib/tinyusb/src/portable/raspberrypi/pio_usb/hcd_pio_usb.c.obj
                0x10000c7c                hcd_edpt_open
 .text.hcd_edpt_xfer
                0x10000cb4       0x18 CMakeFiles/USB_DEVICE_AND_KEYBOARD.dir/C_/Users/ASUS/.pico-sdk/sdk/2.2.0/lib/tinyusb/src/portable/raspberrypi/pio_usb/hcd_pio_usb.c.obj
                0x10000cb4                hcd_edpt_xfer
 .text.hcd_edpt_abort_xfer
                0x10000ccc        0xc CMakeFiles/USB_DEVICE_AND_KEYBOARD.dir/C_/Users/ASUS/.pico-sdk/sdk/2.2.0/lib/tinyusb/src/portable/raspberrypi/pio_usb/hcd_pio_usb.c.obj
                0x10000ccc                hcd_edpt_abort_xfer
 .text.hcd_setup_send
                0x10000cd8        0xc CMakeFiles/USB_DEVICE_AND_KEYBOARD.dir/C_/Users/ASUS/.pico-sdk/sdk/2.2.0/lib/tinyusb/src/portable/raspberrypi/pio_usb/hcd_pio_usb.c.obj
                0x10000cd8                hcd_setup_send
 .text.gpio_set_function
                0x10000ce4       0x34 CMakeFiles/USB_DEVICE_AND_KEYBOARD.dir/C_/Users/ASUS/.pico-sdk/sdk/2.2.0/src/rp2_common/hardware_gpio/gpio.c.obj
                0x10000ce4                gpio_set_function
 .text.gpio_set_pulls
                0x10000d18       0x28 CMakeFiles/USB_DEVICE_AND_KEYBOARD.dir/C_/Users/ASUS/.pico-sdk/sdk/2.2.0/src/rp2_common/hardware_gpio/gpio.c.obj
                0x10000d18                gpio_set_pulls
 .text.gpio_set_inover
                0x10000d40       0x24 CMakeFiles/USB_DEVICE_AND_KEYBOARD.dir/C_/Users/ASUS/.pico-sdk/sdk/2.2.0/src/rp2_common/hardware_gpio/gpio.c.obj
                0x10000d40                gpio_set_inover
 .text.gpio_set_outover
                0x10000d64       0x24 CMakeFiles/USB_DEVICE_AND_KEYBOARD.dir/C_/Users/ASUS/.pico-sdk/sdk/2.2.0/src/rp2_common/hardware_gpio/gpio.c.obj
                0x10000d64                gpio_set_outover
 .text.gpio_set_oeover
                0x10000d88       0x24 CMakeFiles/USB_DEVICE_AND_KEYBOARD.dir/C_/Users/ASUS/.pico-sdk/sdk/2.2.0/src/rp2_common/hardware_gpio/gpio.c.obj
                0x10000d88                gpio_set_oeover
 .text.gpio_set_slew_rate
                0x10000dac       0x20 CMakeFiles/USB_DEVICE_AND_KEYBOARD.dir/C_/Users/ASUS/.pico-sdk/sdk/2.2.0/src/rp2_common/hardware_gpio/gpio.c.obj
                0x10000dac                gpio_set_slew_rate
 .text.gpio_set_drive_strength
                0x10000dcc       0x24 CMakeFiles/USB_DEVICE_AND_KEYBOARD.dir/C_/Users/ASUS/.pico-sdk/sdk/2.2.0/src/rp2_common/hardware_gpio/gpio.c.obj
                0x10000dcc                gpio_set_drive_strength
 .text.gpio_init
                0x10000df0       0x40 CMakeFiles/USB_DEVICE_AND_KEYBOARD.dir/C_/Users/ASUS/.pico-sdk/sdk/2.2.0/src/rp2_common/hardware_gpio/gpio.c.obj
                0x10000df0                gpio_init
 .text.rp2040_chip_version
                0x10000e30        0xc CMakeFiles/USB_DEVICE_AND_KEYBOARD.dir/C_/Users/ASUS/.pico-sdk/sdk/2.2.0/src/rp2040/pico_platform/platform.c.obj
                0x10000e30                rp2040_chip_version
 .text.panic    0x10000e3c       0x30 CMakeFiles/USB_DEVICE_AND_KEYBOARD.dir/C_/Users/ASUS/.pico-sdk/sdk/2.2.0/src/rp2_common/pico_platform_panic/panic.c.obj
                0x10000e3c                panic
 .text.hw_claim_lock
                0x10000e6c       0x18 CMakeFiles/USB_DEVICE_AND_KEYBOARD.dir/C_/Users/ASUS/.pico-sdk/sdk/2.2.0/src/common/hardware_claim/claim.c.obj
                0x10000e6c                hw_claim_lock
 .text.hw_claim_unlock
                0x10000e84       0x14 CMakeFiles/USB_DEVICE_AND_KEYBOARD.dir/C_/Users/ASUS/.pico-sdk/sdk/2.2.0/src/common/hardware_claim/claim.c.obj
                0x10000e84                hw_claim_unlock
 .text.hw_claim_or_assert
                0x10000e98       0x44 CMakeFiles/USB_DEVICE_AND_KEYBOARD.dir/C_/Users/ASUS/.pico-sdk/sdk/2.2.0/src/common/hardware_claim/claim.c.obj
                0x10000e98                hw_claim_or_assert
 .text.hw_claim_unused_from_range
                0x10000edc       0x88 CMakeFiles/USB_DEVICE_AND_KEYBOARD.dir/C_/Users/ASUS/.pico-sdk/sdk/2.2.0/src/common/hardware_claim/claim.c.obj
                0x10000edc                hw_claim_unused_from_range
 .text.next_striped_spin_lock_num
                0x10000f64       0x18 CMakeFiles/USB_DEVICE_AND_KEYBOARD.dir/C_/Users/ASUS/.pico-sdk/sdk/2.2.0/src/rp2_common/hardware_sync/sync.c.obj
                0x10000f64                next_striped_spin_lock_num
 .text.spin_lock_claim_unused
                0x10000f7c       0x24 CMakeFiles/USB_DEVICE_AND_KEYBOARD.dir/C_/Users/ASUS/.pico-sdk/sdk/2.2.0/src/rp2_common/hardware_sync/sync.c.obj
                0x10000f7c                spin_lock_claim_unused
 .text.spin_locks_reset
                0x10000fa0       0x1c CMakeFiles/USB_DEVICE_AND_KEYBOARD.dir/C_/Users/ASUS/.pico-sdk/sdk/2.2.0/src/rp2_common/hardware_sync_spin_lock/sync_spin_lock.c.obj
                0x10000fa0                spin_locks_reset
 .text.runtime_init_per_core_irq_priorities
                0x10000fbc       0x24 CMakeFiles/USB_DEVICE_AND_KEYBOARD.dir/C_/Users/ASUS/.pico-sdk/sdk/2.2.0/src/rp2_common/hardware_irq/irq.c.obj
                0x10000fbc                runtime_init_per_core_irq_priorities
 .text.irq_set_enabled
                0x10000fe0       0x24 CMakeFiles/USB_DEVICE_AND_KEYBOARD.dir/C_/Users/ASUS/.pico-sdk/sdk/2.2.0/src/rp2_common/hardware_irq/irq.c.obj
                0x10000fe0                irq_set_enabled
 .text.irq_is_enabled
                0x10001004       0x18 CMakeFiles/USB_DEVICE_AND_KEYBOARD.dir/C_/Users/ASUS/.pico-sdk/sdk/2.2.0/src/rp2_common/hardware_irq/irq.c.obj
                0x10001004                irq_is_enabled
 .text.irq_set_exclusive_handler
                0x1000101c       0x54 CMakeFiles/USB_DEVICE_AND_KEYBOARD.dir/C_/Users/ASUS/.pico-sdk/sdk/2.2.0/src/rp2_common/hardware_irq/irq.c.obj
                0x1000101c                irq_set_exclusive_handler
 .text.irq_add_shared_handler
                0x10001070      0x1f4 CMakeFiles/USB_DEVICE_AND_KEYBOARD.dir/C_/Users/ASUS/.pico-sdk/sdk/2.2.0/src/rp2_common/hardware_irq/irq.c.obj
                0x10001070                irq_add_shared_handler
 .text.irq_add_tail_to_free_list
                0x10001264       0xb4 CMakeFiles/USB_DEVICE_AND_KEYBOARD.dir/C_/Users/ASUS/.pico-sdk/sdk/2.2.0/src/rp2_common/hardware_irq/irq.c.obj
                0x10001264                irq_add_tail_to_free_list
 .text.lock_init
                0x10001318       0x10 CMakeFiles/USB_DEVICE_AND_KEYBOARD.dir/C_/Users/ASUS/.pico-sdk/sdk/2.2.0/src/common/pico_sync/lock_core.c.obj
                0x10001318                lock_init
 .text.runtime_init_mutex
                0x10001328       0x50 CMakeFiles/USB_DEVICE_AND_KEYBOARD.dir/C_/Users/ASUS/.pico-sdk/sdk/2.2.0/src/common/pico_sync/mutex.c.obj
                0x10001328                runtime_init_mutex
 .text.mutex_init
                0x10001378       0x1c CMakeFiles/USB_DEVICE_AND_KEYBOARD.dir/C_/Users/ASUS/.pico-sdk/sdk/2.2.0/src/common/pico_sync/mutex.c.obj
                0x10001378                mutex_init
 .text.critical_section_init
                0x10001394       0x1c CMakeFiles/USB_DEVICE_AND_KEYBOARD.dir/C_/Users/ASUS/.pico-sdk/sdk/2.2.0/src/common/pico_sync/critical_section.c.obj
                0x10001394                critical_section_init
 .text.sleep_until_callback
                0x100013b0       0x30 CMakeFiles/USB_DEVICE_AND_KEYBOARD.dir/C_/Users/ASUS/.pico-sdk/sdk/2.2.0/src/common/pico_time/time.c.obj
 .text.alarm_pool_irq_handler
                0x100013e0      0x300 CMakeFiles/USB_DEVICE_AND_KEYBOARD.dir/C_/Users/ASUS/.pico-sdk/sdk/2.2.0/src/common/pico_time/time.c.obj
 .text.runtime_init_default_alarm_pool
                0x100016e0       0xdc CMakeFiles/USB_DEVICE_AND_KEYBOARD.dir/C_/Users/ASUS/.pico-sdk/sdk/2.2.0/src/common/pico_time/time.c.obj
                0x100016e0                runtime_init_default_alarm_pool
 .text.alarm_pool_create_on_timer
                0x100017bc       0xb4 CMakeFiles/USB_DEVICE_AND_KEYBOARD.dir/C_/Users/ASUS/.pico-sdk/sdk/2.2.0/src/common/pico_time/time.c.obj
                0x100017bc                alarm_pool_create_on_timer
 .text.alarm_pool_add_alarm_at_force_in_context
                0x10001870       0xb0 CMakeFiles/USB_DEVICE_AND_KEYBOARD.dir/C_/Users/ASUS/.pico-sdk/sdk/2.2.0/src/common/pico_time/time.c.obj
                0x10001870                alarm_pool_add_alarm_at_force_in_context
 .text.alarm_pool_cancel_alarm
                0x10001920       0x74 CMakeFiles/USB_DEVICE_AND_KEYBOARD.dir/C_/Users/ASUS/.pico-sdk/sdk/2.2.0/src/common/pico_time/time.c.obj
                0x10001920                alarm_pool_cancel_alarm
 .text.sleep_ms
                0x10001994       0xfc CMakeFiles/USB_DEVICE_AND_KEYBOARD.dir/C_/Users/ASUS/.pico-sdk/sdk/2.2.0/src/common/pico_time/time.c.obj
                0x10001994                sleep_ms
 .text.best_effort_wfe_or_timeout
                0x10001a90      0x10c CMakeFiles/USB_DEVICE_AND_KEYBOARD.dir/C_/Users/ASUS/.pico-sdk/sdk/2.2.0/src/common/pico_time/time.c.obj
                0x10001a90                best_effort_wfe_or_timeout
 .text.alarm_pool_add_repeating_timer_us
                0x10001b9c      0x124 CMakeFiles/USB_DEVICE_AND_KEYBOARD.dir/C_/Users/ASUS/.pico-sdk/sdk/2.2.0/src/common/pico_time/time.c.obj
                0x10001b9c                alarm_pool_add_repeating_timer_us
 .text.alarm_pool_get_default_timer
                0x10001cc0        0x8 CMakeFiles/USB_DEVICE_AND_KEYBOARD.dir/C_/Users/ASUS/.pico-sdk/sdk/2.2.0/src/common/pico_time/time.c.obj
                0x10001cc0                alarm_pool_get_default_timer
 .text.timer_hardware_alarm_claim
                0x10001cc8       0x14 CMakeFiles/USB_DEVICE_AND_KEYBOARD.dir/C_/Users/ASUS/.pico-sdk/sdk/2.2.0/src/rp2_common/hardware_timer/timer.c.obj
                0x10001cc8                timer_hardware_alarm_claim
 .text.timer_time_us_64
                0x10001cdc       0x10 CMakeFiles/USB_DEVICE_AND_KEYBOARD.dir/C_/Users/ASUS/.pico-sdk/sdk/2.2.0/src/rp2_common/hardware_timer/timer.c.obj
                0x10001cdc                timer_time_us_64
 .text.time_us_64
                0x10001cec       0x14 CMakeFiles/USB_DEVICE_AND_KEYBOARD.dir/C_/Users/ASUS/.pico-sdk/sdk/2.2.0/src/rp2_common/hardware_timer/timer.c.obj
                0x10001cec                time_us_64
 .text.busy_wait_us
                0x10001d00       0x68 CMakeFiles/USB_DEVICE_AND_KEYBOARD.dir/C_/Users/ASUS/.pico-sdk/sdk/2.2.0/src/rp2_common/hardware_timer/timer.c.obj
                0x10001d00                busy_wait_us
 .text.busy_wait_ms
                0x10001d68       0x9c CMakeFiles/USB_DEVICE_AND_KEYBOARD.dir/C_/Users/ASUS/.pico-sdk/sdk/2.2.0/src/rp2_common/hardware_timer/timer.c.obj
                0x10001d68                busy_wait_ms
 .text.busy_wait_until
                0x10001e04       0x20 CMakeFiles/USB_DEVICE_AND_KEYBOARD.dir/C_/Users/ASUS/.pico-sdk/sdk/2.2.0/src/rp2_common/hardware_timer/timer.c.obj
                0x10001e04                busy_wait_until
 .text.clock_configure_int_divider
                0x10001e24       0xf4 CMakeFiles/USB_DEVICE_AND_KEYBOARD.dir/C_/Users/ASUS/.pico-sdk/sdk/2.2.0/src/rp2_common/hardware_clocks/clocks.c.obj
                0x10001e24                clock_configure_int_divider
 .text.clock_configure_undivided
                0x10001f18       0xe8 CMakeFiles/USB_DEVICE_AND_KEYBOARD.dir/C_/Users/ASUS/.pico-sdk/sdk/2.2.0/src/rp2_common/hardware_clocks/clocks.c.obj
                0x10001f18                clock_configure_undivided
 .text.clock_get_hz
                0x10002000        0xc CMakeFiles/USB_DEVICE_AND_KEYBOARD.dir/C_/Users/ASUS/.pico-sdk/sdk/2.2.0/src/rp2_common/hardware_clocks/clocks.c.obj
                0x10002000                clock_get_hz
 .text.set_sys_clock_pll
                0x1000200c      0x1b8 CMakeFiles/USB_DEVICE_AND_KEYBOARD.dir/C_/Users/ASUS/.pico-sdk/sdk/2.2.0/src/rp2_common/hardware_clocks/clocks.c.obj
                0x1000200c                set_sys_clock_pll
 .text.check_sys_clock_khz
                0x100021c4      0x26c CMakeFiles/USB_DEVICE_AND_KEYBOARD.dir/C_/Users/ASUS/.pico-sdk/sdk/2.2.0/src/rp2_common/hardware_clocks/clocks.c.obj
                0x100021c4                check_sys_clock_khz
 .text.pll_init
                0x10002430       0xa4 CMakeFiles/USB_DEVICE_AND_KEYBOARD.dir/C_/Users/ASUS/.pico-sdk/sdk/2.2.0/src/rp2_common/hardware_pll/pll.c.obj
                0x10002430                pll_init
 .text.tick_start
                0x100024d4       0x10 CMakeFiles/USB_DEVICE_AND_KEYBOARD.dir/C_/Users/ASUS/.pico-sdk/sdk/2.2.0/src/rp2_common/hardware_ticks/ticks.c.obj
                0x100024d4                tick_start
 .text.rom_func_lookup
                0x100024e4       0x10 CMakeFiles/USB_DEVICE_AND_KEYBOARD.dir/C_/Users/ASUS/.pico-sdk/sdk/2.2.0/src/rp2_common/pico_bootrom/bootrom.c.obj
                0x100024e4                rom_func_lookup
 .text.rom_data_lookup
                0x100024f4       0x10 CMakeFiles/USB_DEVICE_AND_KEYBOARD.dir/C_/Users/ASUS/.pico-sdk/sdk/2.2.0/src/rp2_common/pico_bootrom/bootrom.c.obj
                0x100024f4                rom_data_lookup
 .text.rom_funcs_lookup
                0x10002504       0x44 CMakeFiles/USB_DEVICE_AND_KEYBOARD.dir/C_/Users/ASUS/.pico-sdk/sdk/2.2.0/src/rp2_common/pico_bootrom/bootrom.c.obj
                0x10002504                rom_funcs_lookup
 .text.xosc_init
                0x10002548       0x28 CMakeFiles/USB_DEVICE_AND_KEYBOARD.dir/C_/Users/ASUS/.pico-sdk/sdk/2.2.0/src/rp2_common/hardware_xosc/xosc.c.obj
                0x10002548                xosc_init
 .text.first_per_core_initializer
                0x10002570        0x4 CMakeFiles/USB_DEVICE_AND_KEYBOARD.dir/C_/Users/ASUS/.pico-sdk/sdk/2.2.0/src/rp2_common/pico_runtime/runtime.c.obj
 .text.hard_assertion_failure
                0x10002574        0xc CMakeFiles/USB_DEVICE_AND_KEYBOARD.dir/C_/Users/ASUS/.pico-sdk/sdk/2.2.0/src/rp2_common/pico_runtime/runtime.c.obj
                0x10002574                hard_assertion_failure
 .text.runtime_run_initializers
                0x10002580       0x28 CMakeFiles/USB_DEVICE_AND_KEYBOARD.dir/C_/Users/ASUS/.pico-sdk/sdk/2.2.0/src/rp2_common/pico_runtime/runtime.c.obj
                0x10002580                runtime_run_initializers
 .text.runtime_run_per_core_initializers
                0x100025a8       0x28 CMakeFiles/USB_DEVICE_AND_KEYBOARD.dir/C_/Users/ASUS/.pico-sdk/sdk/2.2.0/src/rp2_common/pico_runtime/runtime.c.obj
                0x100025a8                runtime_run_per_core_initializers
 .text.runtime_init_early_resets
                0x100025d0       0x2c CMakeFiles/USB_DEVICE_AND_KEYBOARD.dir/C_/Users/ASUS/.pico-sdk/sdk/2.2.0/src/rp2_common/pico_runtime_init/runtime_init.c.obj
                0x100025d0                runtime_init_early_resets
 .text.runtime_init_usb_power_down
                0x100025fc       0x1c CMakeFiles/USB_DEVICE_AND_KEYBOARD.dir/C_/Users/ASUS/.pico-sdk/sdk/2.2.0/src/rp2_common/pico_runtime_init/runtime_init.c.obj
                0x100025fc                runtime_init_usb_power_down
 .text.runtime_init_post_clock_resets
                0x10002618       0x20 CMakeFiles/USB_DEVICE_AND_KEYBOARD.dir/C_/Users/ASUS/.pico-sdk/sdk/2.2.0/src/rp2_common/pico_runtime_init/runtime_init.c.obj
                0x10002618                runtime_init_post_clock_resets
 .text.runtime_init_rp2040_gpio_ie_disable
                0x10002638       0x14 CMakeFiles/USB_DEVICE_AND_KEYBOARD.dir/C_/Users/ASUS/.pico-sdk/sdk/2.2.0/src/rp2_common/pico_runtime_init/runtime_init.c.obj
                0x10002638                runtime_init_rp2040_gpio_ie_disable
 .text.runtime_init_spin_locks_reset
                0x1000264c        0x8 CMakeFiles/USB_DEVICE_AND_KEYBOARD.dir/C_/Users/ASUS/.pico-sdk/sdk/2.2.0/src/rp2_common/pico_runtime_init/runtime_init.c.obj
                0x1000264c                runtime_init_spin_locks_reset
 .text.runtime_init_install_ram_vector_table
                0x10002654       0xb4 CMakeFiles/USB_DEVICE_AND_KEYBOARD.dir/C_/Users/ASUS/.pico-sdk/sdk/2.2.0/src/rp2_common/pico_runtime_init/runtime_init.c.obj
                0x10002654                runtime_init_install_ram_vector_table
 .text.runtime_init_clocks
                0x10002708       0xd8 CMakeFiles/USB_DEVICE_AND_KEYBOARD.dir/C_/Users/ASUS/.pico-sdk/sdk/2.2.0/src/rp2_common/pico_runtime_init/runtime_init_clocks.c.obj
                0x10002708                runtime_init_clocks
 .text          0x100027e0       0x10 CMakeFiles/USB_DEVICE_AND_KEYBOARD.dir/C_/Users/ASUS/.pico-sdk/sdk/2.2.0/src/rp2_common/pico_bit_ops/bit_ops_aeabi.S.obj
 .text.ctzsi    0x100027f0        0xc CMakeFiles/USB_DEVICE_AND_KEYBOARD.dir/C_/Users/ASUS/.pico-sdk/sdk/2.2.0/src/rp2_common/pico_bit_ops/bit_ops_aeabi.S.obj
                0x100027f0                __wrap___ctzsi2
 .text.__wrap___aeabi_idiv
                0x100027fc       0x50 CMakeFiles/USB_DEVICE_AND_KEYBOARD.dir/C_/Users/ASUS/.pico-sdk/sdk/2.2.0/src/rp2_common/pico_divider/divider_hardware.S.obj
                0x100027fc                __wrap___aeabi_idivmod
                0x100027fc                divmod_s32s32
                0x100027fc                div_s32s32
                0x100027fc                __wrap___aeabi_idiv
                0x10002804                divmod_s32s32_unsafe
                0x10002830                divmod_s32s32_savestate
 .text.__wrap___aeabi_uidiv
                0x1000284c       0x4c CMakeFiles/USB_DEVICE_AND_KEYBOARD.dir/C_/Users/ASUS/.pico-sdk/sdk/2.2.0/src/rp2_common/pico_divider/divider_hardware.S.obj
                0x1000284c                __wrap___aeabi_uidiv
                0x1000284c                __wrap___aeabi_uidivmod
                0x1000284c                div_u32u32
                0x1000284c                divmod_u32u32
                0x10002854                divmod_u32u32_unsafe
                0x1000287c                divmod_u32u32_savestate
 .text.__wrap___aeabi_ldiv
                0x10002898      0x424 CMakeFiles/USB_DEVICE_AND_KEYBOARD.dir/C_/Users/ASUS/.pico-sdk/sdk/2.2.0/src/rp2_common/pico_divider/divider_hardware.S.obj
                0x10002898                div_s64s64
                0x10002898                divmod_s64s64
                0x10002898                __wrap___aeabi_ldivmod
                0x100028c8                divmod_u64u64
                0x100028c8                div_u64u64
                0x100028c8                __wrap___aeabi_uldivmod
                0x100028d8                divmod_u64u64_savestate
                0x100028f8                divmod_s64s64_unsafe
                0x10002980                divmod_u64u64_unsafe
 .text.__wrap___aeabi_darithmetic
                0x10002cbc       0x60 CMakeFiles/USB_DEVICE_AND_KEYBOARD.dir/C_/Users/ASUS/.pico-sdk/sdk/2.2.0/src/rp2_common/pico_double/double_aeabi_rp2040.S.obj
                0x10002cbc                __wrap___aeabi_drsub
                0x10002cc2                __wrap___aeabi_dsub
                0x10002ccc                __wrap___aeabi_dadd
                0x10002cd6                __wrap___aeabi_ddiv
                0x10002d0a                __wrap___aeabi_dmul
 .text.__wrap___aeabi_cdcmple
                0x10002d1c       0x6c CMakeFiles/USB_DEVICE_AND_KEYBOARD.dir/C_/Users/ASUS/.pico-sdk/sdk/2.2.0/src/rp2_common/pico_double/double_aeabi_rp2040.S.obj
                0x10002d1c                __wrap___aeabi_cdrcmple
                0x10002d2c                __wrap___aeabi_cdcmpeq
                0x10002d2c                __wrap___aeabi_cdcmple
 .text.__wrap___aeabi_dcmplt
                0x10002d88        0xc CMakeFiles/USB_DEVICE_AND_KEYBOARD.dir/C_/Users/ASUS/.pico-sdk/sdk/2.2.0/src/rp2_common/pico_double/double_aeabi_rp2040.S.obj
                0x10002d88                __wrap___aeabi_dcmplt
 .text.__wrap___aeabi_dcmple
                0x10002d94       0x10 CMakeFiles/USB_DEVICE_AND_KEYBOARD.dir/C_/Users/ASUS/.pico-sdk/sdk/2.2.0/src/rp2_common/pico_double/double_aeabi_rp2040.S.obj
                0x10002d94                __wrap___aeabi_dcmple
 .text.__wrap___aeabi_dcmpge
                0x10002da4       0x10 CMakeFiles/USB_DEVICE_AND_KEYBOARD.dir/C_/Users/ASUS/.pico-sdk/sdk/2.2.0/src/rp2_common/pico_double/double_aeabi_rp2040.S.obj
                0x10002da4                __wrap___aeabi_dcmpge
 .text.__wrap___aeabi_dcmpgt
                0x10002db4        0xa CMakeFiles/USB_DEVICE_AND_KEYBOARD.dir/C_/Users/ASUS/.pico-sdk/sdk/2.2.0/src/rp2_common/pico_double/double_aeabi_rp2040.S.obj
                0x10002db4                __wrap___aeabi_dcmpgt
 .text.__wrap___aeabi_dcmpun
                0x10002dbe       0x18 CMakeFiles/USB_DEVICE_AND_KEYBOARD.dir/C_/Users/ASUS/.pico-sdk/sdk/2.2.0/src/rp2_common/pico_double/double_aeabi_rp2040.S.obj
                0x10002dbe                __wrap___aeabi_dcmpun
 *fill*         0x10002dd6        0x2 
 .text.__wrap___aeabi_i2d
                0x10002dd8       0x38 CMakeFiles/USB_DEVICE_AND_KEYBOARD.dir/C_/Users/ASUS/.pico-sdk/sdk/2.2.0/src/rp2_common/pico_double/double_aeabi_rp2040.S.obj
                0x10002dd8                uint2double
                0x10002dd8                __wrap___aeabi_ui2d
                0x10002de0                int2double
                0x10002de0                __wrap___aeabi_i2d
 .text.__wrap___aeabi_d2iz
                0x10002e10       0x48 CMakeFiles/USB_DEVICE_AND_KEYBOARD.dir/C_/Users/ASUS/.pico-sdk/sdk/2.2.0/src/rp2_common/pico_double/double_aeabi_rp2040.S.obj
                0x10002e10                double2int_z
                0x10002e10                __wrap___aeabi_d2iz
 .text.__wrap___aeabi_d2uiz
                0x10002e58       0x10 CMakeFiles/USB_DEVICE_AND_KEYBOARD.dir/C_/Users/ASUS/.pico-sdk/sdk/2.2.0/src/rp2_common/pico_double/double_aeabi_rp2040.S.obj
                0x10002e58                double2uint
                0x10002e58                __wrap___aeabi_d2uiz
                0x10002e58                double2uint_z
 .text.missing_double_func_shim
                0x10002e68        0xc CMakeFiles/USB_DEVICE_AND_KEYBOARD.dir/C_/Users/ASUS/.pico-sdk/sdk/2.2.0/src/rp2_common/pico_double/double_init_rom_rp2040.c.obj
 .text.__aeabi_double_init
                0x10002e74       0xa0 CMakeFiles/USB_DEVICE_AND_KEYBOARD.dir/C_/Users/ASUS/.pico-sdk/sdk/2.2.0/src/rp2_common/pico_double/double_init_rom_rp2040.c.obj
                0x10002e74                __aeabi_double_init
 .text.double_table_shim_on_use_helper
                0x10002f14       0x2c CMakeFiles/USB_DEVICE_AND_KEYBOARD.dir/C_/Users/ASUS/.pico-sdk/sdk/2.2.0/src/rp2_common/pico_double/double_v1_rom_shim_rp2040.S.obj
                0x10002f14                double_table_shim_on_use_helper
 .text.__aeabi_lmul
                0x10002f40       0x32 CMakeFiles/USB_DEVICE_AND_KEYBOARD.dir/C_/Users/ASUS/.pico-sdk/sdk/2.2.0/src/rp2_common/pico_int64_ops/pico_int64_ops_aeabi.S.obj
                0x10002f40                __wrap___aeabi_lmul
 *fill*         0x10002f72        0x2 
 .text.__wrap___aeabi_farithmetic
                0x10002f74       0x48 CMakeFiles/USB_DEVICE_AND_KEYBOARD.dir/C_/Users/ASUS/.pico-sdk/sdk/2.2.0/src/rp2_common/pico_float/float_aeabi_rp2040.S.obj
                0x10002f74                __wrap___aeabi_frsub
                0x10002f7a                __wrap___aeabi_fsub
                0x10002f80                __wrap___aeabi_fadd
                0x10002f86                __wrap___aeabi_fdiv
                0x10002fae                __wrap___aeabi_fmul
 .text.__wrap___aeabi_ui2f
                0x10002fbc        0xa CMakeFiles/USB_DEVICE_AND_KEYBOARD.dir/C_/Users/ASUS/.pico-sdk/sdk/2.2.0/src/rp2_common/pico_float/float_aeabi_rp2040.S.obj
                0x10002fbc                __wrap___aeabi_ui2f
                0x10002fbc                uint2float
 *fill*         0x10002fc6        0x2 
 .text.__wrap___aeabi_i2f
                0x10002fc8       0x44 CMakeFiles/USB_DEVICE_AND_KEYBOARD.dir/C_/Users/ASUS/.pico-sdk/sdk/2.2.0/src/rp2_common/pico_float/float_aeabi_rp2040.S.obj
                0x10002fc8                __wrap___aeabi_i2f
                0x10002fc8                int2float
 .text.__wrap___aeabi_f2uiz
                0x1000300c        0xc CMakeFiles/USB_DEVICE_AND_KEYBOARD.dir/C_/Users/ASUS/.pico-sdk/sdk/2.2.0/src/rp2_common/pico_float/float_aeabi_rp2040.S.obj
                0x1000300c                float2uint_z
                0x1000300c                __wrap___aeabi_f2uiz
                0x1000300c                float2uint
 .text.missing_float_func_shim
                0x10003018        0xc CMakeFiles/USB_DEVICE_AND_KEYBOARD.dir/C_/Users/ASUS/.pico-sdk/sdk/2.2.0/src/rp2_common/pico_float/float_init_rom_rp2040.c.obj
 .text.__aeabi_float_init
                0x10003024       0x5c CMakeFiles/USB_DEVICE_AND_KEYBOARD.dir/C_/Users/ASUS/.pico-sdk/sdk/2.2.0/src/rp2_common/pico_float/float_init_rom_rp2040.c.obj
                0x10003024                __aeabi_float_init
 .text.__wrap_malloc
                0x10003080       0x3c CMakeFiles/USB_DEVICE_AND_KEYBOARD.dir/C_/Users/ASUS/.pico-sdk/sdk/2.2.0/src/rp2_common/pico_malloc/malloc.c.obj
                0x10003080                __wrap_malloc
 .text.__wrap_calloc
                0x100030bc       0x44 CMakeFiles/USB_DEVICE_AND_KEYBOARD.dir/C_/Users/ASUS/.pico-sdk/sdk/2.2.0/src/rp2_common/pico_malloc/malloc.c.obj
                0x100030bc                __wrap_calloc
 .text          0x10003100       0x10 CMakeFiles/USB_DEVICE_AND_KEYBOARD.dir/C_/Users/ASUS/.pico-sdk/sdk/2.2.0/src/rp2_common/pico_mem_ops/mem_ops_aeabi.S.obj
                0x10003100                __aeabi_mem_init
 .text.memset   0x10003110        0xc CMakeFiles/USB_DEVICE_AND_KEYBOARD.dir/C_/Users/ASUS/.pico-sdk/sdk/2.2.0/src/rp2_common/pico_mem_ops/mem_ops_aeabi.S.obj
                0x10003110                __wrap_memset
 .text.memcpy   0x1000311c        0xc CMakeFiles/USB_DEVICE_AND_KEYBOARD.dir/C_/Users/ASUS/.pico-sdk/sdk/2.2.0/src/rp2_common/pico_mem_ops/mem_ops_aeabi.S.obj
                0x1000311c                __wrap_memcpy
                0x1000311c                __wrap___aeabi_memcpy
 .text._out_buffer
                0x10003128        0x8 CMakeFiles/USB_DEVICE_AND_KEYBOARD.dir/C_/Users/ASUS/.pico-sdk/sdk/2.2.0/src/rp2_common/pico_printf/printf.c.obj
 .text._out_null
                0x10003130        0x4 CMakeFiles/USB_DEVICE_AND_KEYBOARD.dir/C_/Users/ASUS/.pico-sdk/sdk/2.2.0/src/rp2_common/pico_printf/printf.c.obj
 .text._out_rev
                0x10003134       0xac CMakeFiles/USB_DEVICE_AND_KEYBOARD.dir/C_/Users/ASUS/.pico-sdk/sdk/2.2.0/src/rp2_common/pico_printf/printf.c.obj
 .text._ntoa_format
                0x100031e0      0x1cc CMakeFiles/USB_DEVICE_AND_KEYBOARD.dir/C_/Users/ASUS/.pico-sdk/sdk/2.2.0/src/rp2_common/pico_printf/printf.c.obj
 .text._out_char
                0x100033ac       0x10 CMakeFiles/USB_DEVICE_AND_KEYBOARD.dir/C_/Users/ASUS/.pico-sdk/sdk/2.2.0/src/rp2_common/pico_printf/printf.c.obj
 .text._out_fct
                0x100033bc       0x10 CMakeFiles/USB_DEVICE_AND_KEYBOARD.dir/C_/Users/ASUS/.pico-sdk/sdk/2.2.0/src/rp2_common/pico_printf/printf.c.obj
 .text._ftoa    0x100033cc      0x4a8 CMakeFiles/USB_DEVICE_AND_KEYBOARD.dir/C_/Users/ASUS/.pico-sdk/sdk/2.2.0/src/rp2_common/pico_printf/printf.c.obj
 .text._etoa    0x10003874      0x57c CMakeFiles/USB_DEVICE_AND_KEYBOARD.dir/C_/Users/ASUS/.pico-sdk/sdk/2.2.0/src/rp2_common/pico_printf/printf.c.obj
 .text._vsnprintf
                0x10003df0      0xbe0 CMakeFiles/USB_DEVICE_AND_KEYBOARD.dir/C_/Users/ASUS/.pico-sdk/sdk/2.2.0/src/rp2_common/pico_printf/printf.c.obj
 .text.__wrap_sprintf
                0x100049d0       0x2c CMakeFiles/USB_DEVICE_AND_KEYBOARD.dir/C_/Users/ASUS/.pico-sdk/sdk/2.2.0/src/rp2_common/pico_printf/printf.c.obj
                0x100049d0                __wrap_sprintf
 .text.vfctprintf
                0x100049fc       0x24 CMakeFiles/USB_DEVICE_AND_KEYBOARD.dir/C_/Users/ASUS/.pico-sdk/sdk/2.2.0/src/rp2_common/pico_printf/printf.c.obj
                0x100049fc                vfctprintf
 .text.weak_raw_vprintf
                0x10004a20       0x30 CMakeFiles/USB_DEVICE_AND_KEYBOARD.dir/C_/Users/ASUS/.pico-sdk/sdk/2.2.0/src/rp2_common/pico_printf/printf.c.obj
                0x10004a20                weak_raw_vprintf
 .text._exit    0x10004a50        0x4 CMakeFiles/USB_DEVICE_AND_KEYBOARD.dir/C_/Users/ASUS/.pico-sdk/sdk/2.2.0/src/rp2_common/pico_clib_interface/newlib_interface.c.obj
                0x10004a50                _exit
 .text._sbrk    0x10004a54       0x34 CMakeFiles/USB_DEVICE_AND_KEYBOARD.dir/C_/Users/ASUS/.pico-sdk/sdk/2.2.0/src/rp2_common/pico_clib_interface/newlib_interface.c.obj
                0x10004a54                _sbrk
 .text.exit     0x10004a88        0x8 CMakeFiles/USB_DEVICE_AND_KEYBOARD.dir/C_/Users/ASUS/.pico-sdk/sdk/2.2.0/src/rp2_common/pico_clib_interface/newlib_interface.c.obj
                0x10004a88                exit
 .text.runtime_init
                0x10004a90       0x2c CMakeFiles/USB_DEVICE_AND_KEYBOARD.dir/C_/Users/ASUS/.pico-sdk/sdk/2.2.0/src/rp2_common/pico_clib_interface/newlib_interface.c.obj
                0x10004a90                runtime_init
 .text.stdio_out_chars_no_crlf
                0x10004abc       0x10 CMakeFiles/USB_DEVICE_AND_KEYBOARD.dir/C_/Users/ASUS/.pico-sdk/sdk/2.2.0/src/rp2_common/pico_stdio/stdio.c.obj
 .text.stdio_out_chars_crlf
                0x10004acc       0xb0 CMakeFiles/USB_DEVICE_AND_KEYBOARD.dir/C_/Users/ASUS/.pico-sdk/sdk/2.2.0/src/rp2_common/pico_stdio/stdio.c.obj
 .text.stdio_buffered_printer
                0x10004b7c       0x64 CMakeFiles/USB_DEVICE_AND_KEYBOARD.dir/C_/Users/ASUS/.pico-sdk/sdk/2.2.0/src/rp2_common/pico_stdio/stdio.c.obj
 .text.stdio_put_string
                0x10004be0       0xfc CMakeFiles/USB_DEVICE_AND_KEYBOARD.dir/C_/Users/ASUS/.pico-sdk/sdk/2.2.0/src/rp2_common/pico_stdio/stdio.c.obj
                0x10004be0                stdio_put_string
 .text.__wrap_putchar
                0x10004cdc       0x94 CMakeFiles/USB_DEVICE_AND_KEYBOARD.dir/C_/Users/ASUS/.pico-sdk/sdk/2.2.0/src/rp2_common/pico_stdio/stdio.c.obj
                0x10004cdc                __wrap_putchar
                0x10004cdc                stdio_putchar
 .text.__wrap_puts
                0x10004d70       0x3c CMakeFiles/USB_DEVICE_AND_KEYBOARD.dir/C_/Users/ASUS/.pico-sdk/sdk/2.2.0/src/rp2_common/pico_stdio/stdio.c.obj
                0x10004d70                stdio_puts
                0x10004d70                __wrap_puts
 .text.__wrap_vprintf
                0x10004dac       0xcc CMakeFiles/USB_DEVICE_AND_KEYBOARD.dir/C_/Users/ASUS/.pico-sdk/sdk/2.2.0/src/rp2_common/pico_stdio/stdio.c.obj
                0x10004dac                stdio_vprintf
                0x10004dac                __wrap_vprintf
 .text.__wrap_printf
                0x10004e78       0x18 CMakeFiles/USB_DEVICE_AND_KEYBOARD.dir/C_/Users/ASUS/.pico-sdk/sdk/2.2.0/src/rp2_common/pico_stdio/stdio.c.obj
                0x10004e78                __wrap_printf
                0x10004e78                stdio_printf
 .text.pio_usb_bus_init
                0x10004e90      0x198 CMakeFiles/USB_DEVICE_AND_KEYBOARD.dir/Pico-PIO-USB/src/pio_usb.c.obj
                0x10004e90                pio_usb_bus_init
 .text.pio_usb_host_add_port
                0x10005028      0x10c CMakeFiles/USB_DEVICE_AND_KEYBOARD.dir/Pico-PIO-USB/src/pio_usb.c.obj
                0x10005028                pio_usb_host_add_port
 .text.pio_usb_host_init
                0x10005134      0x1e8 CMakeFiles/USB_DEVICE_AND_KEYBOARD.dir/Pico-PIO-USB/src/pio_usb_host.c.obj
                0x10005134                pio_usb_host_init
 .text.pio_usb_host_port_reset_start
                0x1000531c       0x40 CMakeFiles/USB_DEVICE_AND_KEYBOARD.dir/Pico-PIO-USB/src/pio_usb_host.c.obj
                0x1000531c                pio_usb_host_port_reset_start
 .text.pio_usb_host_port_reset_end
                0x1000535c       0x48 CMakeFiles/USB_DEVICE_AND_KEYBOARD.dir/Pico-PIO-USB/src/pio_usb_host.c.obj
                0x1000535c                pio_usb_host_port_reset_end
 .text.pio_usb_host_close_device
                0x100053a4       0x38 CMakeFiles/USB_DEVICE_AND_KEYBOARD.dir/Pico-PIO-USB/src/pio_usb_host.c.obj
                0x100053a4                pio_usb_host_close_device
 .text.pio_usb_host_endpoint_open
                0x100053dc       0xb8 CMakeFiles/USB_DEVICE_AND_KEYBOARD.dir/Pico-PIO-USB/src/pio_usb_host.c.obj
                0x100053dc                pio_usb_host_endpoint_open
 .text.pio_usb_host_send_setup
                0x10005494       0x60 CMakeFiles/USB_DEVICE_AND_KEYBOARD.dir/Pico-PIO-USB/src/pio_usb_host.c.obj
                0x10005494                pio_usb_host_send_setup
 .text.pio_usb_host_endpoint_transfer
                0x100054f4       0x90 CMakeFiles/USB_DEVICE_AND_KEYBOARD.dir/Pico-PIO-USB/src/pio_usb_host.c.obj
                0x100054f4                pio_usb_host_endpoint_transfer
 .text.pio_usb_host_endpoint_abort_transfer
                0x10005584       0xb4 CMakeFiles/USB_DEVICE_AND_KEYBOARD.dir/Pico-PIO-USB/src/pio_usb_host.c.obj
                0x10005584                pio_usb_host_endpoint_abort_transfer
 .text.calc_usb_crc16
                0x10005638       0x34 CMakeFiles/USB_DEVICE_AND_KEYBOARD.dir/Pico-PIO-USB/src/usb_crc.c.obj
                0x10005638                calc_usb_crc16
 .text.core1_trampoline
                0x1000566c        0x4 CMakeFiles/USB_DEVICE_AND_KEYBOARD.dir/C_/Users/ASUS/.pico-sdk/sdk/2.2.0/src/rp2_common/pico_multicore/multicore.c.obj
 .text.core1_wrapper
                0x10005670        0xc CMakeFiles/USB_DEVICE_AND_KEYBOARD.dir/C_/Users/ASUS/.pico-sdk/sdk/2.2.0/src/rp2_common/pico_multicore/multicore.c.obj
                0x10005670                core1_wrapper
 .text.multicore_reset_core1
                0x1000567c       0x60 CMakeFiles/USB_DEVICE_AND_KEYBOARD.dir/C_/Users/ASUS/.pico-sdk/sdk/2.2.0/src/rp2_common/pico_multicore/multicore.c.obj
                0x1000567c                multicore_reset_core1
 .text.multicore_launch_core1_raw
                0x100056dc       0x8c CMakeFiles/USB_DEVICE_AND_KEYBOARD.dir/C_/Users/ASUS/.pico-sdk/sdk/2.2.0/src/rp2_common/pico_multicore/multicore.c.obj
                0x100056dc                multicore_launch_core1_raw
 .text.multicore_launch_core1
                0x10005768       0x58 CMakeFiles/USB_DEVICE_AND_KEYBOARD.dir/C_/Users/ASUS/.pico-sdk/sdk/2.2.0/src/rp2_common/pico_multicore/multicore.c.obj
                0x10005768                multicore_launch_core1
 .text.pio_sm_claim
                0x100057c0       0x30 CMakeFiles/USB_DEVICE_AND_KEYBOARD.dir/C_/Users/ASUS/.pico-sdk/sdk/2.2.0/src/rp2_common/hardware_pio/pio.c.obj
                0x100057c0                pio_sm_claim
 .text.pio_add_program
                0x100057f0       0xf8 CMakeFiles/USB_DEVICE_AND_KEYBOARD.dir/C_/Users/ASUS/.pico-sdk/sdk/2.2.0/src/rp2_common/hardware_pio/pio.c.obj
                0x100057f0                pio_add_program
 .text.pio_add_program_at_offset
                0x100058e8       0xb0 CMakeFiles/USB_DEVICE_AND_KEYBOARD.dir/C_/Users/ASUS/.pico-sdk/sdk/2.2.0/src/rp2_common/hardware_pio/pio.c.obj
                0x100058e8                pio_add_program_at_offset
 .text.pio_sm_set_pins_with_mask64
                0x10005998       0xa8 CMakeFiles/USB_DEVICE_AND_KEYBOARD.dir/C_/Users/ASUS/.pico-sdk/sdk/2.2.0/src/rp2_common/hardware_pio/pio.c.obj
                0x10005998                pio_sm_set_pins_with_mask64
 .text.pio_sm_set_pindirs_with_mask64
                0x10005a40       0xac CMakeFiles/USB_DEVICE_AND_KEYBOARD.dir/C_/Users/ASUS/.pico-sdk/sdk/2.2.0/src/rp2_common/hardware_pio/pio.c.obj
                0x10005a40                pio_sm_set_pindirs_with_mask64
 .text.pio_sm_set_consecutive_pindirs
                0x10005aec       0xb4 CMakeFiles/USB_DEVICE_AND_KEYBOARD.dir/C_/Users/ASUS/.pico-sdk/sdk/2.2.0/src/rp2_common/hardware_pio/pio.c.obj
                0x10005aec                pio_sm_set_consecutive_pindirs
 .text.pio_sm_init
                0x10005ba0       0x9c CMakeFiles/USB_DEVICE_AND_KEYBOARD.dir/C_/Users/ASUS/.pico-sdk/sdk/2.2.0/src/rp2_common/hardware_pio/pio.c.obj
                0x10005ba0                pio_sm_init
 .text.dma_claim_mask
                0x10005c3c       0x44 CMakeFiles/USB_DEVICE_AND_KEYBOARD.dir/C_/Users/ASUS/.pico-sdk/sdk/2.2.0/src/rp2_common/hardware_dma/dma.c.obj
                0x10005c3c                dma_claim_mask
 .text.dcd_init
                0x10005c80       0x90 CMakeFiles/USB_DEVICE_AND_KEYBOARD.dir/C_/Users/ASUS/.pico-sdk/sdk/2.2.0/lib/tinyusb/src/portable/raspberrypi/rp2040/dcd_rp2040.c.obj
                0x10005c80                dcd_init
 .text.dcd_int_enable
                0x10005d10        0xc CMakeFiles/USB_DEVICE_AND_KEYBOARD.dir/C_/Users/ASUS/.pico-sdk/sdk/2.2.0/lib/tinyusb/src/portable/raspberrypi/rp2040/dcd_rp2040.c.obj
                0x10005d10                dcd_int_enable
 .text.dcd_set_address
                0x10005d1c       0x14 CMakeFiles/USB_DEVICE_AND_KEYBOARD.dir/C_/Users/ASUS/.pico-sdk/sdk/2.2.0/lib/tinyusb/src/portable/raspberrypi/rp2040/dcd_rp2040.c.obj
                0x10005d1c                dcd_set_address
 .text.dcd_sof_enable
                0x10005d30       0x1c CMakeFiles/USB_DEVICE_AND_KEYBOARD.dir/C_/Users/ASUS/.pico-sdk/sdk/2.2.0/lib/tinyusb/src/portable/raspberrypi/rp2040/dcd_rp2040.c.obj
                0x10005d30                dcd_sof_enable
 .text.dcd_edpt0_status_complete
                0x10005d4c       0x1c CMakeFiles/USB_DEVICE_AND_KEYBOARD.dir/C_/Users/ASUS/.pico-sdk/sdk/2.2.0/lib/tinyusb/src/portable/raspberrypi/rp2040/dcd_rp2040.c.obj
                0x10005d4c                dcd_edpt0_status_complete
 .text.dcd_edpt_open
                0x10005d68      0x114 CMakeFiles/USB_DEVICE_AND_KEYBOARD.dir/C_/Users/ASUS/.pico-sdk/sdk/2.2.0/lib/tinyusb/src/portable/raspberrypi/rp2040/dcd_rp2040.c.obj
                0x10005d68                dcd_edpt_open
 .text.dcd_edpt_close_all
                0x10005e7c        0x8 CMakeFiles/USB_DEVICE_AND_KEYBOARD.dir/C_/Users/ASUS/.pico-sdk/sdk/2.2.0/lib/tinyusb/src/portable/raspberrypi/rp2040/dcd_rp2040.c.obj
                0x10005e7c                dcd_edpt_close_all
 .text.dcd_edpt_xfer
                0x10005e84       0x24 CMakeFiles/USB_DEVICE_AND_KEYBOARD.dir/C_/Users/ASUS/.pico-sdk/sdk/2.2.0/lib/tinyusb/src/portable/raspberrypi/rp2040/dcd_rp2040.c.obj
                0x10005e84                dcd_edpt_xfer
 .text.dcd_edpt_stall
                0x10005ea8       0x3c CMakeFiles/USB_DEVICE_AND_KEYBOARD.dir/C_/Users/ASUS/.pico-sdk/sdk/2.2.0/lib/tinyusb/src/portable/raspberrypi/rp2040/dcd_rp2040.c.obj
                0x10005ea8                dcd_edpt_stall
 .text.dcd_edpt_clear_stall
                0x10005ee4       0x30 CMakeFiles/USB_DEVICE_AND_KEYBOARD.dir/C_/Users/ASUS/.pico-sdk/sdk/2.2.0/lib/tinyusb/src/portable/raspberrypi/rp2040/dcd_rp2040.c.obj
                0x10005ee4                dcd_edpt_clear_stall
 .text.rp2040_usb_init
                0x10005f14       0x40 CMakeFiles/USB_DEVICE_AND_KEYBOARD.dir/C_/Users/ASUS/.pico-sdk/sdk/2.2.0/lib/tinyusb/src/portable/raspberrypi/rp2040/rp2040_usb.c.obj
                0x10005f14                rp2040_usb_init
 .text.hw_endpoint_xfer_start
                0x10005f54       0x40 CMakeFiles/USB_DEVICE_AND_KEYBOARD.dir/C_/Users/ASUS/.pico-sdk/sdk/2.2.0/lib/tinyusb/src/portable/raspberrypi/rp2040/rp2040_usb.c.obj
                0x10005f54                hw_endpoint_xfer_start
 .text.tud_vendor_control_xfer_cb
                0x10005f94        0x4 CMakeFiles/USB_DEVICE_AND_KEYBOARD.dir/C_/Users/ASUS/.pico-sdk/sdk/2.2.0/lib/tinyusb/src/device/usbd.c.obj
                0x10005f94                tud_vendor_control_xfer_cb
 .text.tud_event_hook_cb
                0x10005f98        0x4 CMakeFiles/USB_DEVICE_AND_KEYBOARD.dir/C_/Users/ASUS/.pico-sdk/sdk/2.2.0/lib/tinyusb/src/device/usbd.c.obj
                0x10005f98                tud_event_hook_cb
 .text.tud_sof_cb
                0x10005f9c        0x4 CMakeFiles/USB_DEVICE_AND_KEYBOARD.dir/C_/Users/ASUS/.pico-sdk/sdk/2.2.0/lib/tinyusb/src/device/usbd.c.obj
                0x10005f9c                tud_sof_cb
 .text.tud_descriptor_bos_cb
                0x10005fa0        0x4 CMakeFiles/USB_DEVICE_AND_KEYBOARD.dir/C_/Users/ASUS/.pico-sdk/sdk/2.2.0/lib/tinyusb/src/device/usbd.c.obj
                0x10005fa0                tud_descriptor_bos_cb
 .text.tud_descriptor_device_qualifier_cb
                0x10005fa4        0x4 CMakeFiles/USB_DEVICE_AND_KEYBOARD.dir/C_/Users/ASUS/.pico-sdk/sdk/2.2.0/lib/tinyusb/src/device/usbd.c.obj
                0x10005fa4                tud_descriptor_device_qualifier_cb
 .text.tud_descriptor_other_speed_configuration_cb
                0x10005fa8        0x4 CMakeFiles/USB_DEVICE_AND_KEYBOARD.dir/C_/Users/ASUS/.pico-sdk/sdk/2.2.0/lib/tinyusb/src/device/usbd.c.obj
                0x10005fa8                tud_descriptor_other_speed_configuration_cb
 .text.tud_mount_cb
                0x10005fac        0x4 CMakeFiles/USB_DEVICE_AND_KEYBOARD.dir/C_/Users/ASUS/.pico-sdk/sdk/2.2.0/lib/tinyusb/src/device/usbd.c.obj
                0x10005fac                tud_mount_cb
 .text.tud_umount_cb
                0x10005fb0        0x4 CMakeFiles/USB_DEVICE_AND_KEYBOARD.dir/C_/Users/ASUS/.pico-sdk/sdk/2.2.0/lib/tinyusb/src/device/usbd.c.obj
                0x10005fb0                tud_umount_cb
 .text.tud_suspend_cb
                0x10005fb4        0x4 CMakeFiles/USB_DEVICE_AND_KEYBOARD.dir/C_/Users/ASUS/.pico-sdk/sdk/2.2.0/lib/tinyusb/src/device/usbd.c.obj
                0x10005fb4                tud_suspend_cb
 .text.tud_resume_cb
                0x10005fb8        0x4 CMakeFiles/USB_DEVICE_AND_KEYBOARD.dir/C_/Users/ASUS/.pico-sdk/sdk/2.2.0/lib/tinyusb/src/device/usbd.c.obj
                0x10005fb8                tud_resume_cb
 .text.tud_mounted
                0x10005fbc       0x10 CMakeFiles/USB_DEVICE_AND_KEYBOARD.dir/C_/Users/ASUS/.pico-sdk/sdk/2.2.0/lib/tinyusb/src/device/usbd.c.obj
                0x10005fbc                tud_mounted
 .text.tud_suspended
                0x10005fcc       0x10 CMakeFiles/USB_DEVICE_AND_KEYBOARD.dir/C_/Users/ASUS/.pico-sdk/sdk/2.2.0/lib/tinyusb/src/device/usbd.c.obj
                0x10005fcc                tud_suspended
 .text.tud_rhport_init
                0x10005fdc       0xf4 CMakeFiles/USB_DEVICE_AND_KEYBOARD.dir/C_/Users/ASUS/.pico-sdk/sdk/2.2.0/lib/tinyusb/src/device/usbd.c.obj
                0x10005fdc                tud_rhport_init
 .text.tud_task_ext
                0x100060d0      0x800 CMakeFiles/USB_DEVICE_AND_KEYBOARD.dir/C_/Users/ASUS/.pico-sdk/sdk/2.2.0/lib/tinyusb/src/device/usbd.c.obj
                0x100060d0                tud_task_ext
 .text.usbd_open_edpt_pair
                0x100068d0       0x9c CMakeFiles/USB_DEVICE_AND_KEYBOARD.dir/C_/Users/ASUS/.pico-sdk/sdk/2.2.0/lib/tinyusb/src/device/usbd.c.obj
                0x100068d0                usbd_open_edpt_pair
 .text.usbd_edpt_open
                0x1000696c       0x34 CMakeFiles/USB_DEVICE_AND_KEYBOARD.dir/C_/Users/ASUS/.pico-sdk/sdk/2.2.0/lib/tinyusb/src/device/usbd.c.obj
                0x1000696c                usbd_edpt_open
 .text.usbd_edpt_claim
                0x100069a0       0x28 CMakeFiles/USB_DEVICE_AND_KEYBOARD.dir/C_/Users/ASUS/.pico-sdk/sdk/2.2.0/lib/tinyusb/src/device/usbd.c.obj
                0x100069a0                usbd_edpt_claim
 .text.usbd_edpt_release
                0x100069c8       0x28 CMakeFiles/USB_DEVICE_AND_KEYBOARD.dir/C_/Users/ASUS/.pico-sdk/sdk/2.2.0/lib/tinyusb/src/device/usbd.c.obj
                0x100069c8                usbd_edpt_release
 .text.usbd_edpt_xfer
                0x100069f0       0x4c CMakeFiles/USB_DEVICE_AND_KEYBOARD.dir/C_/Users/ASUS/.pico-sdk/sdk/2.2.0/lib/tinyusb/src/device/usbd.c.obj
                0x100069f0                usbd_edpt_xfer
 .text.tud_control_status
                0x10006a3c       0x2c CMakeFiles/USB_DEVICE_AND_KEYBOARD.dir/C_/Users/ASUS/.pico-sdk/sdk/2.2.0/lib/tinyusb/src/device/usbd_control.c.obj
                0x10006a3c                tud_control_status
 .text.tud_control_xfer
                0x10006a68       0xa8 CMakeFiles/USB_DEVICE_AND_KEYBOARD.dir/C_/Users/ASUS/.pico-sdk/sdk/2.2.0/lib/tinyusb/src/device/usbd_control.c.obj
                0x10006a68                tud_control_xfer
 .text.usbd_control_reset
                0x10006b10       0x14 CMakeFiles/USB_DEVICE_AND_KEYBOARD.dir/C_/Users/ASUS/.pico-sdk/sdk/2.2.0/lib/tinyusb/src/device/usbd_control.c.obj
                0x10006b10                usbd_control_reset
 .text.usbd_control_set_complete_callback
                0x10006b24        0xc CMakeFiles/USB_DEVICE_AND_KEYBOARD.dir/C_/Users/ASUS/.pico-sdk/sdk/2.2.0/lib/tinyusb/src/device/usbd_control.c.obj
                0x10006b24                usbd_control_set_complete_callback
 .text.usbd_control_set_request
                0x10006b30       0x1c CMakeFiles/USB_DEVICE_AND_KEYBOARD.dir/C_/Users/ASUS/.pico-sdk/sdk/2.2.0/lib/tinyusb/src/device/usbd_control.c.obj
                0x10006b30                usbd_control_set_request
 .text.usbd_control_xfer_cb
                0x10006b4c       0xec CMakeFiles/USB_DEVICE_AND_KEYBOARD.dir/C_/Users/ASUS/.pico-sdk/sdk/2.2.0/lib/tinyusb/src/device/usbd_control.c.obj
                0x10006b4c                usbd_control_xfer_cb
 .text._prep_out_transaction.isra.0
                0x10006c38       0x70 CMakeFiles/USB_DEVICE_AND_KEYBOARD.dir/C_/Users/ASUS/.pico-sdk/sdk/2.2.0/lib/tinyusb/src/class/cdc/cdc_device.c.obj
 .text.tud_cdc_n_read
                0x10006ca8       0x9c CMakeFiles/USB_DEVICE_AND_KEYBOARD.dir/C_/Users/ASUS/.pico-sdk/sdk/2.2.0/lib/tinyusb/src/class/cdc/cdc_device.c.obj
                0x10006ca8                tud_cdc_n_read
 .text.tud_cdc_n_write_flush
                0x10006d44       0x7c CMakeFiles/USB_DEVICE_AND_KEYBOARD.dir/C_/Users/ASUS/.pico-sdk/sdk/2.2.0/lib/tinyusb/src/class/cdc/cdc_device.c.obj
                0x10006d44                tud_cdc_n_write_flush
 .text.tud_cdc_n_write
                0x10006dc0       0x44 CMakeFiles/USB_DEVICE_AND_KEYBOARD.dir/C_/Users/ASUS/.pico-sdk/sdk/2.2.0/lib/tinyusb/src/class/cdc/cdc_device.c.obj
                0x10006dc0                tud_cdc_n_write
 .text.cdcd_init
                0x10006e04       0x7c CMakeFiles/USB_DEVICE_AND_KEYBOARD.dir/C_/Users/ASUS/.pico-sdk/sdk/2.2.0/lib/tinyusb/src/class/cdc/cdc_device.c.obj
                0x10006e04                cdcd_init
 .text.cdcd_deinit
                0x10006e80       0x30 CMakeFiles/USB_DEVICE_AND_KEYBOARD.dir/C_/Users/ASUS/.pico-sdk/sdk/2.2.0/lib/tinyusb/src/class/cdc/cdc_device.c.obj
                0x10006e80                cdcd_deinit
 .text.cdcd_reset
                0x10006eb0       0x4c CMakeFiles/USB_DEVICE_AND_KEYBOARD.dir/C_/Users/ASUS/.pico-sdk/sdk/2.2.0/lib/tinyusb/src/class/cdc/cdc_device.c.obj
                0x10006eb0                cdcd_reset
 .text.cdcd_open
                0x10006efc       0xa4 CMakeFiles/USB_DEVICE_AND_KEYBOARD.dir/C_/Users/ASUS/.pico-sdk/sdk/2.2.0/lib/tinyusb/src/class/cdc/cdc_device.c.obj
                0x10006efc                cdcd_open
 .text.cdcd_control_xfer_cb
                0x10006fa0       0xe8 CMakeFiles/USB_DEVICE_AND_KEYBOARD.dir/C_/Users/ASUS/.pico-sdk/sdk/2.2.0/lib/tinyusb/src/class/cdc/cdc_device.c.obj
                0x10006fa0                cdcd_control_xfer_cb
 .text.cdcd_xfer_cb
                0x10007088      0x100 CMakeFiles/USB_DEVICE_AND_KEYBOARD.dir/C_/Users/ASUS/.pico-sdk/sdk/2.2.0/lib/tinyusb/src/class/cdc/cdc_device.c.obj
                0x10007088                cdcd_xfer_cb
 .text.tud_hid_set_protocol_cb
                0x10007188        0x4 CMakeFiles/USB_DEVICE_AND_KEYBOARD.dir/C_/Users/ASUS/.pico-sdk/sdk/2.2.0/lib/tinyusb/src/class/hid/hid_device.c.obj
                0x10007188                tud_hid_set_protocol_cb
 .text.tud_hid_set_idle_cb
                0x1000718c        0x4 CMakeFiles/USB_DEVICE_AND_KEYBOARD.dir/C_/Users/ASUS/.pico-sdk/sdk/2.2.0/lib/tinyusb/src/class/hid/hid_device.c.obj
                0x1000718c                tud_hid_set_idle_cb
 .text.tud_hid_report_failed_cb
                0x10007190        0x4 CMakeFiles/USB_DEVICE_AND_KEYBOARD.dir/C_/Users/ASUS/.pico-sdk/sdk/2.2.0/lib/tinyusb/src/class/hid/hid_device.c.obj
                0x10007190                tud_hid_report_failed_cb
 .text.tud_hid_n_gamepad_report
                0x10007194       0xd4 CMakeFiles/USB_DEVICE_AND_KEYBOARD.dir/C_/Users/ASUS/.pico-sdk/sdk/2.2.0/lib/tinyusb/src/class/hid/hid_device.c.obj
                0x10007194                tud_hid_n_gamepad_report
 .text.hidd_init
                0x10007268       0x14 CMakeFiles/USB_DEVICE_AND_KEYBOARD.dir/C_/Users/ASUS/.pico-sdk/sdk/2.2.0/lib/tinyusb/src/class/hid/hid_device.c.obj
                0x10007268                hidd_init
 .text.hidd_deinit
                0x1000727c        0x4 CMakeFiles/USB_DEVICE_AND_KEYBOARD.dir/C_/Users/ASUS/.pico-sdk/sdk/2.2.0/lib/tinyusb/src/class/hid/hid_device.c.obj
                0x1000727c                hidd_deinit
 .text.hidd_reset
                0x10007280       0x14 CMakeFiles/USB_DEVICE_AND_KEYBOARD.dir/C_/Users/ASUS/.pico-sdk/sdk/2.2.0/lib/tinyusb/src/class/hid/hid_device.c.obj
                0x10007280                hidd_reset
 .text.hidd_open
                0x10007294       0x8c CMakeFiles/USB_DEVICE_AND_KEYBOARD.dir/C_/Users/ASUS/.pico-sdk/sdk/2.2.0/lib/tinyusb/src/class/hid/hid_device.c.obj
                0x10007294                hidd_open
 .text.hidd_control_xfer_cb
                0x10007320      0x198 CMakeFiles/USB_DEVICE_AND_KEYBOARD.dir/C_/Users/ASUS/.pico-sdk/sdk/2.2.0/lib/tinyusb/src/class/hid/hid_device.c.obj
                0x10007320                hidd_control_xfer_cb
 .text.hidd_xfer_cb
                0x100074b8       0x7c CMakeFiles/USB_DEVICE_AND_KEYBOARD.dir/C_/Users/ASUS/.pico-sdk/sdk/2.2.0/lib/tinyusb/src/class/hid/hid_device.c.obj
                0x100074b8                hidd_xfer_cb
 .text.tusb_time_delay_ms_api
                0x10007534        0x8 CMakeFiles/USB_DEVICE_AND_KEYBOARD.dir/C_/Users/ASUS/.pico-sdk/sdk/2.2.0/lib/tinyusb/src/tusb.c.obj
                0x10007534                tusb_time_delay_ms_api
 .text.tu_edpt_claim
                0x1000753c       0x50 CMakeFiles/USB_DEVICE_AND_KEYBOARD.dir/C_/Users/ASUS/.pico-sdk/sdk/2.2.0/lib/tinyusb/src/tusb.c.obj
                0x1000753c                tu_edpt_claim
 .text.tu_edpt_release
                0x1000758c       0x38 CMakeFiles/USB_DEVICE_AND_KEYBOARD.dir/C_/Users/ASUS/.pico-sdk/sdk/2.2.0/lib/tinyusb/src/tusb.c.obj
                0x1000758c                tu_edpt_release
 .text.tu_edpt_validate
                0x100075c4       0x7c CMakeFiles/USB_DEVICE_AND_KEYBOARD.dir/C_/Users/ASUS/.pico-sdk/sdk/2.2.0/lib/tinyusb/src/tusb.c.obj
                0x100075c4                tu_edpt_validate
 .text.tu_edpt_bind_driver
                0x10007640       0x34 CMakeFiles/USB_DEVICE_AND_KEYBOARD.dir/C_/Users/ASUS/.pico-sdk/sdk/2.2.0/lib/tinyusb/src/tusb.c.obj
                0x10007640                tu_edpt_bind_driver
 .text.tu_desc_get_interface_total_len
                0x10007674       0x50 CMakeFiles/USB_DEVICE_AND_KEYBOARD.dir/C_/Users/ASUS/.pico-sdk/sdk/2.2.0/lib/tinyusb/src/tusb.c.obj
                0x10007674                tu_desc_get_interface_total_len
 .text.tu_fifo_config
                0x100076c4       0x6c CMakeFiles/USB_DEVICE_AND_KEYBOARD.dir/C_/Users/ASUS/.pico-sdk/sdk/2.2.0/lib/tinyusb/src/common/tusb_fifo.c.obj
                0x100076c4                tu_fifo_config
 .text.tu_fifo_count
                0x10007730       0x2c CMakeFiles/USB_DEVICE_AND_KEYBOARD.dir/C_/Users/ASUS/.pico-sdk/sdk/2.2.0/lib/tinyusb/src/common/tusb_fifo.c.obj
                0x10007730                tu_fifo_count
 .text.tu_fifo_empty
                0x1000775c       0x10 CMakeFiles/USB_DEVICE_AND_KEYBOARD.dir/C_/Users/ASUS/.pico-sdk/sdk/2.2.0/lib/tinyusb/src/common/tusb_fifo.c.obj
                0x1000775c                tu_fifo_empty
 .text.tu_fifo_remaining
                0x1000776c       0x2c CMakeFiles/USB_DEVICE_AND_KEYBOARD.dir/C_/Users/ASUS/.pico-sdk/sdk/2.2.0/lib/tinyusb/src/common/tusb_fifo.c.obj
                0x1000776c                tu_fifo_remaining
 .text.tu_fifo_read
                0x10007798       0x9c CMakeFiles/USB_DEVICE_AND_KEYBOARD.dir/C_/Users/ASUS/.pico-sdk/sdk/2.2.0/lib/tinyusb/src/common/tusb_fifo.c.obj
                0x10007798                tu_fifo_read
 .text.tu_fifo_read_n
                0x10007834       0xe8 CMakeFiles/USB_DEVICE_AND_KEYBOARD.dir/C_/Users/ASUS/.pico-sdk/sdk/2.2.0/lib/tinyusb/src/common/tusb_fifo.c.obj
                0x10007834                tu_fifo_read_n
 .text.tu_fifo_write
                0x1000791c       0xa4 CMakeFiles/USB_DEVICE_AND_KEYBOARD.dir/C_/Users/ASUS/.pico-sdk/sdk/2.2.0/lib/tinyusb/src/common/tusb_fifo.c.obj
                0x1000791c                tu_fifo_write
 .text.tu_fifo_write_n
                0x100079c0      0x178 CMakeFiles/USB_DEVICE_AND_KEYBOARD.dir/C_/Users/ASUS/.pico-sdk/sdk/2.2.0/lib/tinyusb/src/common/tusb_fifo.c.obj
                0x100079c0                tu_fifo_write_n
 .text.tu_fifo_clear
                0x10007b38       0x40 CMakeFiles/USB_DEVICE_AND_KEYBOARD.dir/C_/Users/ASUS/.pico-sdk/sdk/2.2.0/lib/tinyusb/src/common/tusb_fifo.c.obj
                0x10007b38                tu_fifo_clear
 .text.tu_fifo_set_overwritable
                0x10007b78       0x48 CMakeFiles/USB_DEVICE_AND_KEYBOARD.dir/C_/Users/ASUS/.pico-sdk/sdk/2.2.0/lib/tinyusb/src/common/tusb_fifo.c.obj
                0x10007b78                tu_fifo_set_overwritable
 .text._control_blocking_complete_cb
                0x10007bc0        0x8 CMakeFiles/USB_DEVICE_AND_KEYBOARD.dir/C_/Users/ASUS/.pico-sdk/sdk/2.2.0/lib/tinyusb/src/host/usbh.c.obj
 .text.process_removing_device
                0x10007bc8      0x160 CMakeFiles/USB_DEVICE_AND_KEYBOARD.dir/C_/Users/ASUS/.pico-sdk/sdk/2.2.0/lib/tinyusb/src/host/usbh.c.obj
 .text.usbh_control_xfer_cb.isra.0
                0x10007d28      0x23c CMakeFiles/USB_DEVICE_AND_KEYBOARD.dir/C_/Users/ASUS/.pico-sdk/sdk/2.2.0/lib/tinyusb/src/host/usbh.c.obj
 .text.tuh_event_hook_cb
                0x10007f64        0x4 CMakeFiles/USB_DEVICE_AND_KEYBOARD.dir/C_/Users/ASUS/.pico-sdk/sdk/2.2.0/lib/tinyusb/src/host/usbh.c.obj
                0x10007f64                tuh_event_hook_cb
 .text.tuh_vid_pid_get
                0x10007f68       0x38 CMakeFiles/USB_DEVICE_AND_KEYBOARD.dir/C_/Users/ASUS/.pico-sdk/sdk/2.2.0/lib/tinyusb/src/host/usbh.c.obj
                0x10007f68                tuh_vid_pid_get
 .text.tuh_configure
                0x10007fa0        0x8 CMakeFiles/USB_DEVICE_AND_KEYBOARD.dir/C_/Users/ASUS/.pico-sdk/sdk/2.2.0/lib/tinyusb/src/host/usbh.c.obj
                0x10007fa0                tuh_configure
 .text.tuh_rhport_init
                0x10007fa8      0x13c CMakeFiles/USB_DEVICE_AND_KEYBOARD.dir/C_/Users/ASUS/.pico-sdk/sdk/2.2.0/lib/tinyusb/src/host/usbh.c.obj
                0x10007fa8                tuh_rhport_init
 .text.tuh_control_xfer
                0x100080e4      0x148 CMakeFiles/USB_DEVICE_AND_KEYBOARD.dir/C_/Users/ASUS/.pico-sdk/sdk/2.2.0/lib/tinyusb/src/host/usbh.c.obj
                0x100080e4                tuh_control_xfer
 .text.enum_new_device.isra.0
                0x1000822c       0xe4 CMakeFiles/USB_DEVICE_AND_KEYBOARD.dir/C_/Users/ASUS/.pico-sdk/sdk/2.2.0/lib/tinyusb/src/host/usbh.c.obj
 .text.tuh_task_ext.part.0
                0x10008310      0x228 CMakeFiles/USB_DEVICE_AND_KEYBOARD.dir/C_/Users/ASUS/.pico-sdk/sdk/2.2.0/lib/tinyusb/src/host/usbh.c.obj
 .text.tuh_task_ext
                0x10008538       0x18 CMakeFiles/USB_DEVICE_AND_KEYBOARD.dir/C_/Users/ASUS/.pico-sdk/sdk/2.2.0/lib/tinyusb/src/host/usbh.c.obj
                0x10008538                tuh_task_ext
 .text.process_enumeration
                0x10008550      0x634 CMakeFiles/USB_DEVICE_AND_KEYBOARD.dir/C_/Users/ASUS/.pico-sdk/sdk/2.2.0/lib/tinyusb/src/host/usbh.c.obj
 .text.usbh_get_rhport
                0x10008b84       0x20 CMakeFiles/USB_DEVICE_AND_KEYBOARD.dir/C_/Users/ASUS/.pico-sdk/sdk/2.2.0/lib/tinyusb/src/host/usbh.c.obj
                0x10008b84                usbh_get_rhport
 .text.usbh_get_enum_buf
                0x10008ba4        0x8 CMakeFiles/USB_DEVICE_AND_KEYBOARD.dir/C_/Users/ASUS/.pico-sdk/sdk/2.2.0/lib/tinyusb/src/host/usbh.c.obj
                0x10008ba4                usbh_get_enum_buf
 .text.usbh_edpt_claim
                0x10008bac       0x48 CMakeFiles/USB_DEVICE_AND_KEYBOARD.dir/C_/Users/ASUS/.pico-sdk/sdk/2.2.0/lib/tinyusb/src/host/usbh.c.obj
                0x10008bac                usbh_edpt_claim
 .text.usbh_edpt_release
                0x10008bf4       0x48 CMakeFiles/USB_DEVICE_AND_KEYBOARD.dir/C_/Users/ASUS/.pico-sdk/sdk/2.2.0/lib/tinyusb/src/host/usbh.c.obj
                0x10008bf4                usbh_edpt_release
 .text.usbh_edpt_xfer_with_callback
                0x10008c3c       0x70 CMakeFiles/USB_DEVICE_AND_KEYBOARD.dir/C_/Users/ASUS/.pico-sdk/sdk/2.2.0/lib/tinyusb/src/host/usbh.c.obj
                0x10008c3c                usbh_edpt_xfer_with_callback
 .text.tuh_edpt_open
                0x10008cac       0x50 CMakeFiles/USB_DEVICE_AND_KEYBOARD.dir/C_/Users/ASUS/.pico-sdk/sdk/2.2.0/lib/tinyusb/src/host/usbh.c.obj
                0x10008cac                tuh_edpt_open
 .text.hcd_devtree_get_info
                0x10008cfc       0x40 CMakeFiles/USB_DEVICE_AND_KEYBOARD.dir/C_/Users/ASUS/.pico-sdk/sdk/2.2.0/lib/tinyusb/src/host/usbh.c.obj
                0x10008cfc                hcd_devtree_get_info
 .text.tuh_descriptor_get_hid_report
                0x10008d3c      0x160 CMakeFiles/USB_DEVICE_AND_KEYBOARD.dir/C_/Users/ASUS/.pico-sdk/sdk/2.2.0/lib/tinyusb/src/host/usbh.c.obj
                0x10008d3c                tuh_descriptor_get_hid_report
 .text.usbh_driver_set_config_complete
                0x10008e9c      0x19c CMakeFiles/USB_DEVICE_AND_KEYBOARD.dir/C_/Users/ASUS/.pico-sdk/sdk/2.2.0/lib/tinyusb/src/host/usbh.c.obj
                0x10008e9c                usbh_driver_set_config_complete
 .text.connection_port_reset_complete
                0x10009038       0x34 CMakeFiles/USB_DEVICE_AND_KEYBOARD.dir/C_/Users/ASUS/.pico-sdk/sdk/2.2.0/lib/tinyusb/src/host/hub.c.obj
 .text.hub_clear_feature_complete_stub
                0x1000906c       0x2c CMakeFiles/USB_DEVICE_AND_KEYBOARD.dir/C_/Users/ASUS/.pico-sdk/sdk/2.2.0/lib/tinyusb/src/host/hub.c.obj
 .text.config_set_port_power
                0x10009098       0x54 CMakeFiles/USB_DEVICE_AND_KEYBOARD.dir/C_/Users/ASUS/.pico-sdk/sdk/2.2.0/lib/tinyusb/src/host/hub.c.obj
 .text.config_port_power_complete
                0x100090ec       0x8c CMakeFiles/USB_DEVICE_AND_KEYBOARD.dir/C_/Users/ASUS/.pico-sdk/sdk/2.2.0/lib/tinyusb/src/host/hub.c.obj
 .text.connection_clear_conn_change_complete
                0x10009178       0x90 CMakeFiles/USB_DEVICE_AND_KEYBOARD.dir/C_/Users/ASUS/.pico-sdk/sdk/2.2.0/lib/tinyusb/src/host/hub.c.obj
 .text.hub_get_status_complete
                0x10009208       0x8c CMakeFiles/USB_DEVICE_AND_KEYBOARD.dir/C_/Users/ASUS/.pico-sdk/sdk/2.2.0/lib/tinyusb/src/host/hub.c.obj
 .text.hub_port_get_status_complete
                0x10009294      0x168 CMakeFiles/USB_DEVICE_AND_KEYBOARD.dir/C_/Users/ASUS/.pico-sdk/sdk/2.2.0/lib/tinyusb/src/host/hub.c.obj
 .text.hub_port_clear_feature
                0x100093fc       0x48 CMakeFiles/USB_DEVICE_AND_KEYBOARD.dir/C_/Users/ASUS/.pico-sdk/sdk/2.2.0/lib/tinyusb/src/host/hub.c.obj
                0x100093fc                hub_port_clear_feature
 .text.hub_port_get_status
                0x10009444       0x54 CMakeFiles/USB_DEVICE_AND_KEYBOARD.dir/C_/Users/ASUS/.pico-sdk/sdk/2.2.0/lib/tinyusb/src/host/hub.c.obj
                0x10009444                hub_port_get_status
 .text.hub_init
                0x10009498       0x14 CMakeFiles/USB_DEVICE_AND_KEYBOARD.dir/C_/Users/ASUS/.pico-sdk/sdk/2.2.0/lib/tinyusb/src/host/hub.c.obj
                0x10009498                hub_init
 .text.hub_deinit
                0x100094ac        0x4 CMakeFiles/USB_DEVICE_AND_KEYBOARD.dir/C_/Users/ASUS/.pico-sdk/sdk/2.2.0/lib/tinyusb/src/host/hub.c.obj
                0x100094ac                hub_deinit
 .text.hub_open
                0x100094b0       0x54 CMakeFiles/USB_DEVICE_AND_KEYBOARD.dir/C_/Users/ASUS/.pico-sdk/sdk/2.2.0/lib/tinyusb/src/host/hub.c.obj
                0x100094b0                hub_open
 .text.hub_close
                0x10009504       0x24 CMakeFiles/USB_DEVICE_AND_KEYBOARD.dir/C_/Users/ASUS/.pico-sdk/sdk/2.2.0/lib/tinyusb/src/host/hub.c.obj
                0x10009504                hub_close
 .text.hub_edpt_status_xfer
                0x10009528       0x28 CMakeFiles/USB_DEVICE_AND_KEYBOARD.dir/C_/Users/ASUS/.pico-sdk/sdk/2.2.0/lib/tinyusb/src/host/hub.c.obj
                0x10009528                hub_edpt_status_xfer
 .text.hub_set_config
                0x10009550       0x54 CMakeFiles/USB_DEVICE_AND_KEYBOARD.dir/C_/Users/ASUS/.pico-sdk/sdk/2.2.0/lib/tinyusb/src/host/hub.c.obj
                0x10009550                hub_set_config
 .text.hub_xfer_cb
                0x100095a4      0x118 CMakeFiles/USB_DEVICE_AND_KEYBOARD.dir/C_/Users/ASUS/.pico-sdk/sdk/2.2.0/lib/tinyusb/src/host/hub.c.obj
                0x100095a4                hub_xfer_cb
 .text.process_set_config
                0x100096bc      0x23c CMakeFiles/USB_DEVICE_AND_KEYBOARD.dir/C_/Users/ASUS/.pico-sdk/sdk/2.2.0/lib/tinyusb/src/class/hid/hid_host.c.obj
 .text.tuh_hid_interface_protocol
                0x100098f8       0x2c CMakeFiles/USB_DEVICE_AND_KEYBOARD.dir/C_/Users/ASUS/.pico-sdk/sdk/2.2.0/lib/tinyusb/src/class/hid/hid_host.c.obj
                0x100098f8                tuh_hid_interface_protocol
 .text.tuh_hid_receive_report
                0x10009924       0x5c CMakeFiles/USB_DEVICE_AND_KEYBOARD.dir/C_/Users/ASUS/.pico-sdk/sdk/2.2.0/lib/tinyusb/src/class/hid/hid_host.c.obj
                0x10009924                tuh_hid_receive_report
 .text.hidh_init
                0x10009980       0x14 CMakeFiles/USB_DEVICE_AND_KEYBOARD.dir/C_/Users/ASUS/.pico-sdk/sdk/2.2.0/lib/tinyusb/src/class/hid/hid_host.c.obj
                0x10009980                hidh_init
 .text.hidh_deinit
                0x10009994        0x4 CMakeFiles/USB_DEVICE_AND_KEYBOARD.dir/C_/Users/ASUS/.pico-sdk/sdk/2.2.0/lib/tinyusb/src/class/hid/hid_host.c.obj
                0x10009994                hidh_deinit
 .text.hidh_xfer_cb
                0x10009998      0x130 CMakeFiles/USB_DEVICE_AND_KEYBOARD.dir/C_/Users/ASUS/.pico-sdk/sdk/2.2.0/lib/tinyusb/src/class/hid/hid_host.c.obj
                0x10009998                hidh_xfer_cb
 .text.hidh_close
                0x10009ac8      0x160 CMakeFiles/USB_DEVICE_AND_KEYBOARD.dir/C_/Users/ASUS/.pico-sdk/sdk/2.2.0/lib/tinyusb/src/class/hid/hid_host.c.obj
                0x10009ac8                hidh_close
 .text.hidh_open
                0x10009c28      0x15c CMakeFiles/USB_DEVICE_AND_KEYBOARD.dir/C_/Users/ASUS/.pico-sdk/sdk/2.2.0/lib/tinyusb/src/class/hid/hid_host.c.obj
                0x10009c28                hidh_open
 .text.hidh_set_config
                0x10009d84       0xec CMakeFiles/USB_DEVICE_AND_KEYBOARD.dir/C_/Users/ASUS/.pico-sdk/sdk/2.2.0/lib/tinyusb/src/class/hid/hid_host.c.obj
                0x10009d84                hidh_set_config
 .text.calloc   0x10009e70       0x18 C:/Users/ASUS/.pico-sdk/toolchain/14_2_Rel1/bin/../lib/gcc/arm-none-eabi/14.2.1/thumb/v6-m/nofp\libg.a(libc_a-calloc.o)
                0x10009e70                calloc
 .text._calloc_r
                0x10009e88       0xa8 C:/Users/ASUS/.pico-sdk/toolchain/14_2_Rel1/bin/../lib/gcc/arm-none-eabi/14.2.1/thumb/v6-m/nofp\libg.a(libc_a-callocr.o)
                0x10009e88                _calloc_r
 .text.malloc   0x10009f30       0x14 C:/Users/ASUS/.pico-sdk/toolchain/14_2_Rel1/bin/../lib/gcc/arm-none-eabi/14.2.1/thumb/v6-m/nofp\libg.a(libc_a-malloc.o)
                0x10009f30                malloc
 .text._malloc_r
                0x10009f44      0x5cc C:/Users/ASUS/.pico-sdk/toolchain/14_2_Rel1/bin/../lib/gcc/arm-none-eabi/14.2.1/thumb/v6-m/nofp\libg.a(libc_a-mallocr.o)
                0x10009f44                _malloc_r
 .text.__malloc_lock
                0x1000a510       0x10 C:/Users/ASUS/.pico-sdk/toolchain/14_2_Rel1/bin/../lib/gcc/arm-none-eabi/14.2.1/thumb/v6-m/nofp\libg.a(libc_a-mlock.o)
                0x1000a510                __malloc_lock
 .text.__malloc_unlock
                0x1000a520       0x10 C:/Users/ASUS/.pico-sdk/toolchain/14_2_Rel1/bin/../lib/gcc/arm-none-eabi/14.2.1/thumb/v6-m/nofp\libg.a(libc_a-mlock.o)
                0x1000a520                __malloc_unlock
 .text._sbrk_r  0x1000a530       0x24 C:/Users/ASUS/.pico-sdk/toolchain/14_2_Rel1/bin/../lib/gcc/arm-none-eabi/14.2.1/thumb/v6-m/nofp\libg.a(libc_a-sbrkr.o)
                0x1000a530                _sbrk_r
 .text.__errno  0x1000a554        0xc C:/Users/ASUS/.pico-sdk/toolchain/14_2_Rel1/bin/../lib/gcc/arm-none-eabi/14.2.1/thumb/v6-m/nofp\libg.a(libc_a-errno.o)
                0x1000a554                __errno
 .text.__retarget_lock_acquire_recursive
                0x1000a560        0x4 C:/Users/ASUS/.pico-sdk/toolchain/14_2_Rel1/bin/../lib/gcc/arm-none-eabi/14.2.1/thumb/v6-m/nofp\libg.a(libc_a-lock.o)
                0x1000a560                __retarget_lock_acquire_recursive
 .text.__retarget_lock_release_recursive
                0x1000a564        0x4 C:/Users/ASUS/.pico-sdk/toolchain/14_2_Rel1/bin/../lib/gcc/arm-none-eabi/14.2.1/thumb/v6-m/nofp\libg.a(libc_a-lock.o)
                0x1000a564                __retarget_lock_release_recursive
 .text.sysconf  0x1000a568       0x1c C:/Users/ASUS/.pico-sdk/toolchain/14_2_Rel1/bin/../lib/gcc/arm-none-eabi/14.2.1/thumb/v6-m/nofp\libg.a(libc_a-sysconf.o)
                0x1000a568                sysconf
 .text.strlen   0x1000a584       0x5c C:/Users/ASUS/.pico-sdk/toolchain/14_2_Rel1/bin/../lib/gcc/arm-none-eabi/14.2.1/thumb/v6-m/nofp\libg.a(libc_a-strlen-stub.o)
                0x1000a584                strlen
 .text._malloc_trim_r
                0x1000a5e0       0xb4 C:/Users/ASUS/.pico-sdk/toolchain/14_2_Rel1/bin/../lib/gcc/arm-none-eabi/14.2.1/thumb/v6-m/nofp\libg.a(libc_a-freer.o)
                0x1000a5e0                _malloc_trim_r
 .text._free_r  0x1000a694      0x1f0 C:/Users/ASUS/.pico-sdk/toolchain/14_2_Rel1/bin/../lib/gcc/arm-none-eabi/14.2.1/thumb/v6-m/nofp\libg.a(libc_a-freer.o)
                0x1000a694                _free_r
 *(.fini)
 .fini          0x1000a884        0x4 C:/Users/ASUS/.pico-sdk/toolchain/14_2_Rel1/bin/../lib/gcc/arm-none-eabi/14.2.1/thumb/v6-m/nofp/crti.o
                0x1000a884                _fini
 .fini.__stub   0x1000a888      0x110 linker stubs
 *crtbegin.o(.ctors)
 *crtbegin?.o(.ctors)
 *(EXCLUDE_FILE(*crtend.o *crtend?.o) .ctors)
 *(SORT_BY_NAME(.ctors.*))
 *(.ctors)
 *crtbegin.o(.dtors)
 *crtbegin?.o(.dtors)
 *(EXCLUDE_FILE(*crtend.o *crtend?.o) .dtors)
 *(SORT_BY_NAME(.dtors.*))
 *(.dtors)
                0x1000a998                        . = ALIGN (0x4)
                0x1000a998                        PROVIDE (__preinit_array_start = .)
 *(SORT_BY_NAME(.preinit_array.*))
 .preinit_array.00100
                0x1000a998        0x4 CMakeFiles/USB_DEVICE_AND_KEYBOARD.dir/C_/Users/ASUS/.pico-sdk/sdk/2.2.0/src/rp2_common/pico_runtime_init/runtime_init.c.obj
                0x1000a998                __pre_init_runtime_init_early_resets
 .preinit_array.00101
                0x1000a99c        0x4 CMakeFiles/USB_DEVICE_AND_KEYBOARD.dir/C_/Users/ASUS/.pico-sdk/sdk/2.2.0/src/rp2_common/pico_runtime_init/runtime_init.c.obj
                0x1000a99c                __pre_init_runtime_init_usb_power_down
 .preinit_array.00275
                0x1000a9a0        0x4 CMakeFiles/USB_DEVICE_AND_KEYBOARD.dir/C_/Users/ASUS/.pico-sdk/sdk/2.2.0/src/rp2_common/pico_bit_ops/bit_ops_aeabi.S.obj
 .preinit_array.00300
                0x1000a9a4        0x4 CMakeFiles/USB_DEVICE_AND_KEYBOARD.dir/C_/Users/ASUS/.pico-sdk/sdk/2.2.0/src/rp2_common/pico_mem_ops/mem_ops_aeabi.S.obj
 .preinit_array.00350
                0x1000a9a8        0x4 CMakeFiles/USB_DEVICE_AND_KEYBOARD.dir/C_/Users/ASUS/.pico-sdk/sdk/2.2.0/src/rp2_common/pico_double/double_aeabi_rp2040.S.obj
 .preinit_array.00350
                0x1000a9ac        0x4 CMakeFiles/USB_DEVICE_AND_KEYBOARD.dir/C_/Users/ASUS/.pico-sdk/sdk/2.2.0/src/rp2_common/pico_float/float_aeabi_rp2040.S.obj
 .preinit_array.00500
                0x1000a9b0        0x4 CMakeFiles/USB_DEVICE_AND_KEYBOARD.dir/C_/Users/ASUS/.pico-sdk/sdk/2.2.0/src/rp2_common/pico_runtime_init/runtime_init.c.obj
                0x1000a9b0                __pre_init_runtime_init_clocks
 .preinit_array.00600
                0x1000a9b4        0x4 CMakeFiles/USB_DEVICE_AND_KEYBOARD.dir/C_/Users/ASUS/.pico-sdk/sdk/2.2.0/src/rp2_common/pico_runtime_init/runtime_init.c.obj
                0x1000a9b4                __pre_init_runtime_init_post_clock_resets
 .preinit_array.00700
                0x1000a9b8        0x4 CMakeFiles/USB_DEVICE_AND_KEYBOARD.dir/C_/Users/ASUS/.pico-sdk/sdk/2.2.0/src/rp2_common/pico_runtime_init/runtime_init.c.obj
                0x1000a9b8                __pre_init_runtime_init_rp2040_gpio_ie_disable
 .preinit_array.01000
                0x1000a9bc        0x4 CMakeFiles/USB_DEVICE_AND_KEYBOARD.dir/C_/Users/ASUS/.pico-sdk/sdk/2.2.0/src/rp2_common/pico_runtime_init/runtime_init.c.obj
                0x1000a9bc                __pre_init_runtime_init_spin_locks_reset
 .preinit_array.01100
                0x1000a9c0        0x4 CMakeFiles/USB_DEVICE_AND_KEYBOARD.dir/C_/Users/ASUS/.pico-sdk/sdk/2.2.0/src/common/pico_sync/mutex.c.obj
                0x1000a9c0                __pre_init_runtime_init_mutex
 .preinit_array.10080
                0x1000a9c4        0x4 CMakeFiles/USB_DEVICE_AND_KEYBOARD.dir/C_/Users/ASUS/.pico-sdk/sdk/2.2.0/src/rp2_common/pico_runtime_init/runtime_init.c.obj
                0x1000a9c4                __pre_init_runtime_init_install_ram_vector_table
 .preinit_array.11000
                0x1000a9c8        0x4 CMakeFiles/USB_DEVICE_AND_KEYBOARD.dir/C_/Users/ASUS/.pico-sdk/sdk/2.2.0/src/common/pico_time/time.c.obj
                0x1000a9c8                __pre_init_runtime_init_default_alarm_pool
 .preinit_array.YYYYY
                0x1000a9cc        0x4 CMakeFiles/USB_DEVICE_AND_KEYBOARD.dir/C_/Users/ASUS/.pico-sdk/sdk/2.2.0/src/rp2_common/pico_runtime/runtime.c.obj
                0x1000a9cc                __pre_init_first_per_core_initializer
 .preinit_array.ZZZZZ.01200
                0x1000a9d0        0x4 CMakeFiles/USB_DEVICE_AND_KEYBOARD.dir/C_/Users/ASUS/.pico-sdk/sdk/2.2.0/src/rp2_common/hardware_irq/irq.c.obj
                0x1000a9d0                __pre_init_runtime_init_per_core_irq_priorities
 *(.preinit_array)
                0x1000a9d4                        PROVIDE (__preinit_array_end = .)
                0x1000a9d4                        . = ALIGN (0x4)
                0x1000a9d4                        PROVIDE (__init_array_start = .)
 *(SORT_BY_NAME(.init_array.*))
 *(.init_array)
 .init_array    0x1000a9d4        0x4 C:/Users/ASUS/.pico-sdk/toolchain/14_2_Rel1/bin/../lib/gcc/arm-none-eabi/14.2.1/thumb/v6-m/nofp/crtbegin.o
                0x1000a9d8                        PROVIDE (__init_array_end = .)
                0x1000a9d8                        . = ALIGN (0x4)
                [!provide]                        PROVIDE (__fini_array_start = .)
 *(SORT_BY_NAME(.fini_array.*))
 *(.fini_array)
                [!provide]                        PROVIDE (__fini_array_end = .)
 *(.eh_frame*)
 .eh_frame      0x1000a9d8        0x0 C:/Users/ASUS/.pico-sdk/toolchain/14_2_Rel1/bin/../lib/gcc/arm-none-eabi/14.2.1/thumb/v6-m/nofp/crtbegin.o
                0x1000a9d8                        . = ALIGN (0x4)

.glue_7         0x1000a9d8        0x0
 .glue_7        0x1000a9d8        0x0 linker stubs

.glue_7t        0x1000a9d8        0x0
 .glue_7t       0x1000a9d8        0x0 linker stubs

.vfp11_veneer   0x1000a9d8        0x0
 .vfp11_veneer  0x1000a9d8        0x0 linker stubs

.v4_bx          0x1000a9d8        0x0
 .v4_bx         0x1000a9d8        0x0 linker stubs

.iplt           0x1000a9d8        0x0
 .iplt          0x1000a9d8        0x0 C:/Users/ASUS/.pico-sdk/toolchain/14_2_Rel1/bin/../lib/gcc/arm-none-eabi/14.2.1/thumb/v6-m/nofp/crtbegin.o

.rodata         0x1000a9d8      0x9e0
 *(EXCLUDE_FILE(*libm.a: *libc.a:*lib_a-mem*.o *libgcc.a:) .rodata*)
 .rodata.main.str1.4
                0x1000a9d8      0x2f8 CMakeFiles/USB_DEVICE_AND_KEYBOARD.dir/main_device.c.obj
                                 0x32 (size before relaxing)
 .rodata.tuh_hid_mount_cb.str1.4
                0x1000acd0       0x53 CMakeFiles/USB_DEVICE_AND_KEYBOARD.dir/main_host.c.obj
 .rodata.tuh_hid_umount_cb.str1.4
                0x1000acd0       0x24 CMakeFiles/USB_DEVICE_AND_KEYBOARD.dir/main_host.c.obj
 .rodata.tuh_hid_report_received_cb.str1.4
                0x1000acd0       0x1f CMakeFiles/USB_DEVICE_AND_KEYBOARD.dir/main_host.c.obj
 .rodata.str1.4
                0x1000acd0       0x1a CMakeFiles/USB_DEVICE_AND_KEYBOARD.dir/main_host.c.obj
 .rodata.keycode2ascii
                0x1000acd0      0x100 CMakeFiles/USB_DEVICE_AND_KEYBOARD.dir/main_host.c.obj
 .rodata        0x1000add0       0x30 CMakeFiles/USB_DEVICE_AND_KEYBOARD.dir/main_host.c.obj
 .rodata.str1.4
                0x1000ae00       0x34 CMakeFiles/USB_DEVICE_AND_KEYBOARD.dir/usb_descriptors.c.obj
 .rodata.__compound_literal.0
                0x1000ae00        0x2 CMakeFiles/USB_DEVICE_AND_KEYBOARD.dir/usb_descriptors.c.obj
 *fill*         0x1000ae02        0x2 
 .rodata.desc_fs_configuration
                0x1000ae04       0x64 CMakeFiles/USB_DEVICE_AND_KEYBOARD.dir/usb_descriptors.c.obj
                0x1000ae04                desc_fs_configuration
 .rodata.desc_hid_report
                0x1000ae68       0xd6 CMakeFiles/USB_DEVICE_AND_KEYBOARD.dir/usb_descriptors.c.obj
                0x1000ae68                desc_hid_report
 *fill*         0x1000af3e        0x2 
 .rodata.desc_device
                0x1000af40       0x12 CMakeFiles/USB_DEVICE_AND_KEYBOARD.dir/usb_descriptors.c.obj
                0x1000af40                desc_device
 .rodata.panic.str1.4
                0x1000af52       0x12 CMakeFiles/USB_DEVICE_AND_KEYBOARD.dir/C_/Users/ASUS/.pico-sdk/sdk/2.2.0/src/rp2_common/pico_platform_panic/panic.c.obj
 .rodata.spin_lock_claim_unused.str1.4
                0x1000af52       0x1b CMakeFiles/USB_DEVICE_AND_KEYBOARD.dir/C_/Users/ASUS/.pico-sdk/sdk/2.2.0/src/rp2_common/hardware_sync/sync.c.obj
 .rodata.timer_hardware_alarm_claim.str1.4
                0x1000af52       0x22 CMakeFiles/USB_DEVICE_AND_KEYBOARD.dir/C_/Users/ASUS/.pico-sdk/sdk/2.2.0/src/rp2_common/hardware_timer/timer.c.obj
 .rodata.hard_assertion_failure.str1.4
                0x1000af52        0xc CMakeFiles/USB_DEVICE_AND_KEYBOARD.dir/C_/Users/ASUS/.pico-sdk/sdk/2.2.0/src/rp2_common/pico_runtime/runtime.c.obj
 .rodata.missing_double_func_shim.str1.4
                0x1000af52       0x18 CMakeFiles/USB_DEVICE_AND_KEYBOARD.dir/C_/Users/ASUS/.pico-sdk/sdk/2.2.0/src/rp2_common/pico_double/double_init_rom_rp2040.c.obj
 .rodata.missing_float_func_shim.str1.4
                0x1000af52        0x1 CMakeFiles/USB_DEVICE_AND_KEYBOARD.dir/C_/Users/ASUS/.pico-sdk/sdk/2.2.0/src/rp2_common/pico_float/float_init_rom_rp2040.c.obj
 .rodata.__wrap_malloc.str1.4
                0x1000af52        0xe CMakeFiles/USB_DEVICE_AND_KEYBOARD.dir/C_/Users/ASUS/.pico-sdk/sdk/2.2.0/src/rp2_common/pico_malloc/malloc.c.obj
 .rodata.str1.4
                0x1000af52       0x4c CMakeFiles/USB_DEVICE_AND_KEYBOARD.dir/C_/Users/ASUS/.pico-sdk/sdk/2.2.0/src/rp2_common/pico_standard_binary_info/standard_binary_info.c.obj
 *fill*         0x1000af52        0x2 
 .rodata.__bi_84
                0x1000af54        0xc CMakeFiles/USB_DEVICE_AND_KEYBOARD.dir/C_/Users/ASUS/.pico-sdk/sdk/2.2.0/src/rp2_common/pico_standard_binary_info/standard_binary_info.c.obj
 .rodata.__bi_78
                0x1000af60        0xc CMakeFiles/USB_DEVICE_AND_KEYBOARD.dir/C_/Users/ASUS/.pico-sdk/sdk/2.2.0/src/rp2_common/pico_standard_binary_info/standard_binary_info.c.obj
 .rodata.__bi_54
                0x1000af6c        0xc CMakeFiles/USB_DEVICE_AND_KEYBOARD.dir/C_/Users/ASUS/.pico-sdk/sdk/2.2.0/src/rp2_common/pico_standard_binary_info/standard_binary_info.c.obj
 .rodata.__bi_48
                0x1000af78        0xc CMakeFiles/USB_DEVICE_AND_KEYBOARD.dir/C_/Users/ASUS/.pico-sdk/sdk/2.2.0/src/rp2_common/pico_standard_binary_info/standard_binary_info.c.obj
 .rodata.__bi_42
                0x1000af84        0xc CMakeFiles/USB_DEVICE_AND_KEYBOARD.dir/C_/Users/ASUS/.pico-sdk/sdk/2.2.0/src/rp2_common/pico_standard_binary_info/standard_binary_info.c.obj
 .rodata.__bi_34
                0x1000af90        0xc CMakeFiles/USB_DEVICE_AND_KEYBOARD.dir/C_/Users/ASUS/.pico-sdk/sdk/2.2.0/src/rp2_common/pico_standard_binary_info/standard_binary_info.c.obj
 .rodata.__bi_26
                0x1000af9c        0xc CMakeFiles/USB_DEVICE_AND_KEYBOARD.dir/C_/Users/ASUS/.pico-sdk/sdk/2.2.0/src/rp2_common/pico_standard_binary_info/standard_binary_info.c.obj
 .rodata._ftoa.str1.4
                0x1000afa8       0x15 CMakeFiles/USB_DEVICE_AND_KEYBOARD.dir/C_/Users/ASUS/.pico-sdk/sdk/2.2.0/src/rp2_common/pico_printf/printf.c.obj
 .rodata._vsnprintf
                0x1000afa8      0x19c CMakeFiles/USB_DEVICE_AND_KEYBOARD.dir/C_/Users/ASUS/.pico-sdk/sdk/2.2.0/src/rp2_common/pico_printf/printf.c.obj
 *fill*         0x1000b144        0x4 
 .rodata.pow10.0
                0x1000b148       0x50 CMakeFiles/USB_DEVICE_AND_KEYBOARD.dir/C_/Users/ASUS/.pico-sdk/sdk/2.2.0/src/rp2_common/pico_printf/printf.c.obj
 .rodata.crlf_str.0
                0x1000b198        0x2 CMakeFiles/USB_DEVICE_AND_KEYBOARD.dir/C_/Users/ASUS/.pico-sdk/sdk/2.2.0/src/rp2_common/pico_stdio/stdio.c.obj
 *fill*         0x1000b19a        0x2 
 .rodata.usb_nrzi_decoder_debug_program
                0x1000b19c        0x8 CMakeFiles/USB_DEVICE_AND_KEYBOARD.dir/Pico-PIO-USB/src/pio_usb.c.obj
 .rodata.usb_nrzi_decoder_debug_program_instructions
                0x1000b1a4       0x14 CMakeFiles/USB_DEVICE_AND_KEYBOARD.dir/Pico-PIO-USB/src/pio_usb.c.obj
 .rodata.usb_nrzi_decoder_program
                0x1000b1b8        0x8 CMakeFiles/USB_DEVICE_AND_KEYBOARD.dir/Pico-PIO-USB/src/pio_usb.c.obj
 .rodata.usb_nrzi_decoder_program_instructions
                0x1000b1c0       0x14 CMakeFiles/USB_DEVICE_AND_KEYBOARD.dir/Pico-PIO-USB/src/pio_usb.c.obj
 .rodata.usb_edge_detector_debug_program
                0x1000b1d4        0x8 CMakeFiles/USB_DEVICE_AND_KEYBOARD.dir/Pico-PIO-USB/src/pio_usb.c.obj
 .rodata.usb_edge_detector_debug_program_instructions
                0x1000b1dc       0x22 CMakeFiles/USB_DEVICE_AND_KEYBOARD.dir/Pico-PIO-USB/src/pio_usb.c.obj
 *fill*         0x1000b1fe        0x2 
 .rodata.usb_edge_detector_program
                0x1000b200        0x8 CMakeFiles/USB_DEVICE_AND_KEYBOARD.dir/Pico-PIO-USB/src/pio_usb.c.obj
 .rodata.usb_edge_detector_program_instructions
                0x1000b208       0x22 CMakeFiles/USB_DEVICE_AND_KEYBOARD.dir/Pico-PIO-USB/src/pio_usb.c.obj
 .rodata.pio_usb_host_send_setup.str1.4
                0x1000b22a       0x15 CMakeFiles/USB_DEVICE_AND_KEYBOARD.dir/Pico-PIO-USB/src/pio_usb_host.c.obj
 .rodata.pio_usb_host_endpoint_transfer.str1.4
                0x1000b22a       0x15 CMakeFiles/USB_DEVICE_AND_KEYBOARD.dir/Pico-PIO-USB/src/pio_usb_host.c.obj
 .rodata.pio_sm_claim.str1.4
                0x1000b22a       0x40 CMakeFiles/USB_DEVICE_AND_KEYBOARD.dir/C_/Users/ASUS/.pico-sdk/sdk/2.2.0/src/rp2_common/hardware_pio/pio.c.obj
 .rodata.dma_channel_claim.str1.4
                0x1000b22a       0x22 CMakeFiles/USB_DEVICE_AND_KEYBOARD.dir/C_/Users/ASUS/.pico-sdk/sdk/2.2.0/src/rp2_common/hardware_dma/dma.c.obj
 .rodata.str1.4
                0x1000b22a       0x14 CMakeFiles/USB_DEVICE_AND_KEYBOARD.dir/C_/Users/ASUS/.pico-sdk/sdk/2.2.0/lib/tinyusb/src/portable/raspberrypi/rp2040/dcd_rp2040.c.obj
 .rodata.str1.4
                0x1000b22a       0x48 CMakeFiles/USB_DEVICE_AND_KEYBOARD.dir/C_/Users/ASUS/.pico-sdk/sdk/2.2.0/lib/tinyusb/src/portable/raspberrypi/rp2040/rp2040_usb.c.obj
 *fill*         0x1000b22a        0x2 
 .rodata.tud_task_ext
                0x1000b22c       0x8c CMakeFiles/USB_DEVICE_AND_KEYBOARD.dir/C_/Users/ASUS/.pico-sdk/sdk/2.2.0/lib/tinyusb/src/device/usbd.c.obj
 .rodata        0x1000b2b8       0x1c CMakeFiles/USB_DEVICE_AND_KEYBOARD.dir/C_/Users/ASUS/.pico-sdk/sdk/2.2.0/lib/tinyusb/src/device/usbd.c.obj
 .rodata._usbd_driver
                0x1000b2d4       0x40 CMakeFiles/USB_DEVICE_AND_KEYBOARD.dir/C_/Users/ASUS/.pico-sdk/sdk/2.2.0/lib/tinyusb/src/device/usbd.c.obj
 .rodata.hidd_control_xfer_cb
                0x1000b314       0x30 CMakeFiles/USB_DEVICE_AND_KEYBOARD.dir/C_/Users/ASUS/.pico-sdk/sdk/2.2.0/lib/tinyusb/src/class/hid/hid_device.c.obj
 .rodata.process_enumeration
                0x1000b344       0x34 CMakeFiles/USB_DEVICE_AND_KEYBOARD.dir/C_/Users/ASUS/.pico-sdk/sdk/2.2.0/lib/tinyusb/src/host/usbh.c.obj
 .rodata.usbh_class_drivers
                0x1000b378       0x38 CMakeFiles/USB_DEVICE_AND_KEYBOARD.dir/C_/Users/ASUS/.pico-sdk/sdk/2.2.0/lib/tinyusb/src/host/usbh.c.obj
 .rodata        0x1000b3b0        0x8 CMakeFiles/USB_DEVICE_AND_KEYBOARD.dir/C_/Users/ASUS/.pico-sdk/sdk/2.2.0/lib/tinyusb/src/host/hub.c.obj
                0x1000b3b8                        . = ALIGN (0x4)
 *(SORT_BY_ALIGNMENT(SORT_BY_NAME(.flashdata*)))
                0x1000b3b8                        . = ALIGN (0x4)

.ARM.extab
 *(.ARM.extab* .gnu.linkonce.armextab.*)
                0x1000b3b8                        __exidx_start = .

.ARM.exidx
 *(.ARM.exidx* .gnu.linkonce.armexidx.*)
                0x1000b3b8                        __exidx_end = .
                0x1000b3b8                        . = ALIGN (0x4)
                0x1000b3b8                        __binary_info_start = .

.binary_info    0x1000b3b8       0x1c
 *(.binary_info.keep.*)
 .binary_info.keep.__bi_ptr84
                0x1000b3b8        0x4 CMakeFiles/USB_DEVICE_AND_KEYBOARD.dir/C_/Users/ASUS/.pico-sdk/sdk/2.2.0/src/rp2_common/pico_standard_binary_info/standard_binary_info.c.obj
 .binary_info.keep.__bi_ptr78
                0x1000b3bc        0x4 CMakeFiles/USB_DEVICE_AND_KEYBOARD.dir/C_/Users/ASUS/.pico-sdk/sdk/2.2.0/src/rp2_common/pico_standard_binary_info/standard_binary_info.c.obj
 .binary_info.keep.__bi_ptr54
                0x1000b3c0        0x4 CMakeFiles/USB_DEVICE_AND_KEYBOARD.dir/C_/Users/ASUS/.pico-sdk/sdk/2.2.0/src/rp2_common/pico_standard_binary_info/standard_binary_info.c.obj
 .binary_info.keep.__bi_ptr48
                0x1000b3c4        0x4 CMakeFiles/USB_DEVICE_AND_KEYBOARD.dir/C_/Users/ASUS/.pico-sdk/sdk/2.2.0/src/rp2_common/pico_standard_binary_info/standard_binary_info.c.obj
 .binary_info.keep.__bi_ptr42
                0x1000b3c8        0x4 CMakeFiles/USB_DEVICE_AND_KEYBOARD.dir/C_/Users/ASUS/.pico-sdk/sdk/2.2.0/src/rp2_common/pico_standard_binary_info/standard_binary_info.c.obj
 .binary_info.keep.__bi_ptr34
                0x1000b3cc        0x4 CMakeFiles/USB_DEVICE_AND_KEYBOARD.dir/C_/Users/ASUS/.pico-sdk/sdk/2.2.0/src/rp2_common/pico_standard_binary_info/standard_binary_info.c.obj
 .binary_info.keep.__bi_ptr26
                0x1000b3d0        0x4 CMakeFiles/USB_DEVICE_AND_KEYBOARD.dir/C_/Users/ASUS/.pico-sdk/sdk/2.2.0/src/rp2_common/pico_standard_binary_info/standard_binary_info.c.obj
 *(.binary_info.*)
                0x1000b3d4                        __binary_info_end = .
                0x1000b3d4                        . = ALIGN (0x4)

.ram_vector_table
                0x20000000       0xc0
 *(.ram_vector_table)
 .ram_vector_table
                0x20000000       0xc0 CMakeFiles/USB_DEVICE_AND_KEYBOARD.dir/C_/Users/ASUS/.pico-sdk/sdk/2.2.0/src/rp2_common/pico_runtime_init/runtime_init.c.obj
                0x20000000                ram_vector_table

.uninitialized_data
                0x200000c0        0x0
                0x200000c0                        . = ALIGN (0x4)
 *(.uninitialized_data*)

.data           0x200000c0     0x4150 load address 0x1000b3d4
                0x200000c0                        __data_start__ = .
 *(vtable)
 *(.time_critical*)
 .time_critical.handle_endpoint_irq
                0x200000c0       0x90 CMakeFiles/USB_DEVICE_AND_KEYBOARD.dir/C_/Users/ASUS/.pico-sdk/sdk/2.2.0/lib/tinyusb/src/portable/raspberrypi/pio_usb/hcd_pio_usb.c.obj
 .time_critical.pio_usb_host_irq_handler