Archive member included to satisfy reference by file (symbol)

C:/Users/ASUS/.pico-sdk/toolchain/14_2_Rel1/bin/../lib/gcc/arm-none-eabi/14.2.1/thumb/v6-m/nofp\libgcc.a(_dvmd_tls.o)
                              CMakeFiles/USB_DEVICE_AND_KEYBOARD.dir/C_/Users/ASUS/.pico-sdk/sdk/2.2.0/src/rp2_common/pico_divider/divider_hardware.S.obj (__aeabi_idiv0)
C:/Users/ASUS/.pico-sdk/toolchain/14_2_Rel1/bin/../lib/gcc/arm-none-eabi/14.2.1/thumb/v6-m/nofp\libg.a(libc_a-calloc.o)
                              CMakeFiles/USB_DEVICE_AND_KEYBOARD.dir/C_/Users/ASUS/.pico-sdk/sdk/2.2.0/src/rp2_common/pico_malloc/malloc.c.obj (calloc)
C:/Users/ASUS/.pico-sdk/toolchain/14_2_Rel1/bin/../lib/gcc/arm-none-eabi/14.2.1/thumb/v6-m/nofp\libg.a(libc_a-callocr.o)
                              C:/Users/ASUS/.pico-sdk/toolchain/14_2_Rel1/bin/../lib/gcc/arm-none-eabi/14.2.1/thumb/v6-m/nofp\libg.a(libc_a-calloc.o) (_calloc_r)
C:/Users/ASUS/.pico-sdk/toolchain/14_2_Rel1/bin/../lib/gcc/arm-none-eabi/14.2.1/thumb/v6-m/nofp\libg.a(libc_a-malloc.o)
                              CMakeFiles/USB_DEVICE_AND_KEYBOARD.dir/C_/Users/ASUS/.pico-sdk/sdk/2.2.0/src/rp2_common/pico_malloc/malloc.c.obj (malloc)
C:/Users/ASUS/.pico-sdk/toolchain/14_2_Rel1/bin/../lib/gcc/arm-none-eabi/14.2.1/thumb/v6-m/nofp\libg.a(libc_a-mallocr.o)
                              C:/Users/ASUS/.pico-sdk/toolchain/14_2_Rel1/bin/../lib/gcc/arm-none-eabi/14.2.1/thumb/v6-m/nofp\libg.a(libc_a-callocr.o) (_malloc_r)
C:/Users/ASUS/.pico-sdk/toolchain/14_2_Rel1/bin/../lib/gcc/arm-none-eabi/14.2.1/thumb/v6-m/nofp\libg.a(libc_a-mlock.o)
                              C:/Users/ASUS/.pico-sdk/toolchain/14_2_Rel1/bin/../lib/gcc/arm-none-eabi/14.2.1/thumb/v6-m/nofp\libg.a(libc_a-mallocr.o) (__malloc_lock)
C:/Users/ASUS/.pico-sdk/toolchain/14_2_Rel1/bin/../lib/gcc/arm-none-eabi/14.2.1/thumb/v6-m/nofp\libg.a(libc_a-realloc.o)
                              CMakeFiles/USB_DEVICE_AND_KEYBOARD.dir/C_/Users/ASUS/.pico-sdk/sdk/2.2.0/src/rp2_common/pico_malloc/malloc.c.obj (realloc)
C:/Users/ASUS/.pico-sdk/toolchain/14_2_Rel1/bin/../lib/gcc/arm-none-eabi/14.2.1/thumb/v6-m/nofp\libg.a(libc_a-reallocr.o)
                              C:/Users/ASUS/.pico-sdk/toolchain/14_2_Rel1/bin/../lib/gcc/arm-none-eabi/14.2.1/thumb/v6-m/nofp\libg.a(libc_a-realloc.o) (_realloc_r)
C:/Users/ASUS/.pico-sdk/toolchain/14_2_Rel1/bin/../lib/gcc/arm-none-eabi/14.2.1/thumb/v6-m/nofp\libg.a(libc_a-memcmp.o)
                              CMakeFiles/USB_DEVICE_AND_KEYBOARD.dir/C_/Users/ASUS/.pico-sdk/sdk/2.2.0/src/rp2_common/pico_atomic/atomic.c.obj (memcmp)
C:/Users/ASUS/.pico-sdk/toolchain/14_2_Rel1/bin/../lib/gcc/arm-none-eabi/14.2.1/thumb/v6-m/nofp\libg.a(libc_a-memmove.o)
                              C:/Users/ASUS/.pico-sdk/toolchain/14_2_Rel1/bin/../lib/gcc/arm-none-eabi/14.2.1/thumb/v6-m/nofp\libg.a(libc_a-reallocr.o) (memmove)
C:/Users/ASUS/.pico-sdk/toolchain/14_2_Rel1/bin/../lib/gcc/arm-none-eabi/14.2.1/thumb/v6-m/nofp\libg.a(libc_a-lcltime_r.o)
                              CMakeFiles/USB_DEVICE_AND_KEYBOARD.dir/C_/Users/ASUS/.pico-sdk/sdk/2.2.0/src/common/pico_util/datetime.c.obj (localtime_r)
C:/Users/ASUS/.pico-sdk/toolchain/14_2_Rel1/bin/../lib/gcc/arm-none-eabi/14.2.1/thumb/v6-m/nofp\libg.a(libc_a-mktime.o)
                              CMakeFiles/USB_DEVICE_AND_KEYBOARD.dir/C_/Users/ASUS/.pico-sdk/sdk/2.2.0/src/common/pico_util/datetime.c.obj (mktime)
C:/Users/ASUS/.pico-sdk/toolchain/14_2_Rel1/bin/../lib/gcc/arm-none-eabi/14.2.1/thumb/v6-m/nofp\libg.a(libc_a-month_lengths.o)
                              C:/Users/ASUS/.pico-sdk/toolchain/14_2_Rel1/bin/../lib/gcc/arm-none-eabi/14.2.1/thumb/v6-m/nofp\libg.a(libc_a-lcltime_r.o) (__month_lengths)
C:/Users/ASUS/.pico-sdk/toolchain/14_2_Rel1/bin/../lib/gcc/arm-none-eabi/14.2.1/thumb/v6-m/nofp\libg.a(libc_a-tzcalc_limits.o)
                              C:/Users/ASUS/.pico-sdk/toolchain/14_2_Rel1/bin/../lib/gcc/arm-none-eabi/14.2.1/thumb/v6-m/nofp\libg.a(libc_a-lcltime_r.o) (__tzcalc_limits)
C:/Users/ASUS/.pico-sdk/toolchain/14_2_Rel1/bin/../lib/gcc/arm-none-eabi/14.2.1/thumb/v6-m/nofp\libg.a(libc_a-tzlock.o)
                              C:/Users/ASUS/.pico-sdk/toolchain/14_2_Rel1/bin/../lib/gcc/arm-none-eabi/14.2.1/thumb/v6-m/nofp\libg.a(libc_a-lcltime_r.o) (__tz_lock)
C:/Users/ASUS/.pico-sdk/toolchain/14_2_Rel1/bin/../lib/gcc/arm-none-eabi/14.2.1/thumb/v6-m/nofp\libg.a(libc_a-tzset.o)
                              C:/Users/ASUS/.pico-sdk/toolchain/14_2_Rel1/bin/../lib/gcc/arm-none-eabi/14.2.1/thumb/v6-m/nofp\libg.a(libc_a-lcltime_r.o) (_tzset_unlocked)
C:/Users/ASUS/.pico-sdk/toolchain/14_2_Rel1/bin/../lib/gcc/arm-none-eabi/14.2.1/thumb/v6-m/nofp\libg.a(libc_a-tzset_r.o)
                              C:/Users/ASUS/.pico-sdk/toolchain/14_2_Rel1/bin/../lib/gcc/arm-none-eabi/14.2.1/thumb/v6-m/nofp\libg.a(libc_a-tzset.o) (_tzset_unlocked_r)
C:/Users/ASUS/.pico-sdk/toolchain/14_2_Rel1/bin/../lib/gcc/arm-none-eabi/14.2.1/thumb/v6-m/nofp\libg.a(libc_a-tzvars.o)
[...]
Memory Configuration

Name             Origin             Length             Attributes
FLASH            0x10000000         0x00200000         xr
RAM              0x20000000         0x00040000         xrw
SCRATCH_X        0x20040000         0x00001000         xrw
SCRATCH_Y        0x20041000         0x00001000         xrw
*default*        0x00000000         0xffffffff

Linker script and memory map

LOAD C:/Users/ASUS/.pico-sdk/toolchain/14_2_Rel1/bin/../lib/gcc/arm-none-eabi/14.2.1/thumb/v6-m/nofp/crti.o
LOAD C:/Users/ASUS/.pico-sdk/toolchain/14_2_Rel1/bin/../lib/gcc/arm-none-eabi/14.2.1/thumb/v6-m/nofp/crtbegin.o
LOAD C:/Users/ASUS/.pico-sdk/toolchain/14_2_Rel1/bin/../lib/gcc/arm-none-eabi/14.2.1/thumb/v6-m/nofp/crt0.o

.flash_begin    0x10000000        0x0
                0x10000000                        __flash_binary_start = .

.boot2          0x10000000      0x100
                0x10000000                        __boot2_start__ = .
 *(.boot2)
 .boot2         0x10000000      0x100 pico-sdk/src/rp2040/boot_stage2/CMakeFiles/bs2_default_library.dir/./bs2_default_padded_checksummed.S.obj
                0x10000100                        __boot2_end__ = .
                0x00000001                        ASSERT (((__boot2_end__ - __boot2_start__) == 0x100), ERROR: Pico second stage bootloader must be 256 bytes in size)

.text           0x10000100     0xa4b8
                0x10000100                        __logical_binary_start = .
 *(.vectors)
 .vectors       0x10000100       0xd4 CMakeFiles/USB_DEVICE_AND_KEYBOARD.dir/C_/Users/ASUS/.pico-sdk/sdk/2.2.0/src/rp2_common/pico_crt0/crt0.S.obj
                0x10000100                __VECTOR_TABLE
                0x10000100                __vectors
                0x100001c0                isr_irq13
                0x100001c0                isr_irq27
                0x100001c0                isr_irq31
                0x100001c0                isr_irq12
                0x100001c0                isr_irq5
                0x100001c0                isr_irq11
                0x100001c0                isr_irq3
                0x100001c0                isr_irq23
                0x100001c0                __unhandled_user_irq
                0x100001c0                isr_irq26
                0x100001c0                isr_irq28
                0x100001c0                isr_irq19
                0x100001c0                isr_irq0
                0x100001c0                isr_irq6
                0x100001c0                isr_irq29
                0x100001c0                isr_irq16
                0x100001c0                isr_irq22
                0x100001c0                isr_irq18
                0x100001c0                isr_irq17
                0x100001c0                isr_irq14
                0x100001c0                __vectors_end
                0x100001c0                __default_isrs_start
                0x100001c0                isr_irq2
                0x100001c0                isr_irq10
                0x100001c0                isr_irq8
                0x100001c0                isr_irq24
                0x100001c0                isr_irq1
                0x100001c0                isr_irq7
                0x100001c0                isr_irq21
                0x100001c0                isr_irq20
                0x100001c0                isr_irq15
                0x100001c0                isr_irq25
                0x100001c0                isr_irq4
                0x100001c0                isr_irq30
                0x100001c0                isr_irq9
                0x100001c6                unhandled_user_irq_num_in_r0
                0x100001c8                isr_invalid
                0x100001ca                isr_nmi
                0x100001cc                isr_hardfault
                0x100001ce                isr_svcall
                0x100001d0                isr_pendsv
                0x100001d2                isr_systick
                0x100001d4                __default_isrs_end
 *(.binary_info_header)
 .binary_info_header
                0x100001d4       0x14 CMakeFiles/USB_DEVICE_AND_KEYBOARD.dir/C_/Users/ASUS/.pico-sdk/sdk/2.2.0/src/rp2_common/pico_crt0/crt0.S.obj
                0x100001e8                        __binary_info_header_end = .
 *(.embedded_block)
                0x100001e8                        __embedded_block_end = .
 *(.reset)
 .reset         0x100001e8       0x9c CMakeFiles/USB_DEVICE_AND_KEYBOARD.dir/C_/Users/ASUS/.pico-sdk/sdk/2.2.0/src/rp2_common/pico_crt0/crt0.S.obj
                0x100001e8                _entry_point
 *(.init)
 .init          0x10000284        0x4 C:/Users/ASUS/.pico-sdk/toolchain/14_2_Rel1/bin/../lib/gcc/arm-none-eabi/14.2.1/thumb/v6-m/nofp/crti.o
                0x10000284                _init
 *(EXCLUDE_FILE(*libm.a: *libc.a:*lib_a-mem*.o *libgcc.a:) .text*)
 .text.register_tm_clones
                0x10000288       0x28 C:/Users/ASUS/.pico-sdk/toolchain/14_2_Rel1/bin/../lib/gcc/arm-none-eabi/14.2.1/thumb/v6-m/nofp/crtbegin.o
 .text.frame_dummy
                0x100002b0       0x24 C:/Users/ASUS/.pico-sdk/toolchain/14_2_Rel1/bin/../lib/gcc/arm-none-eabi/14.2.1/thumb/v6-m/nofp/crtbegin.o
 .text.startup.main
                0x100002d4       0x64 CMakeFiles/USB_DEVICE_AND_KEYBOARD.dir/main_device.c.obj
                0x100002d4                main
 .text.tud_cdc_rx_cb
                0x10000338       0x14 CMakeFiles/USB_DEVICE_AND_KEYBOARD.dir/main_device.c.obj
                0x10000338                tud_cdc_rx_cb
 .text.core1_main
                0x1000034c       0x74 CMakeFiles/USB_DEVICE_AND_KEYBOARD.dir/main_host.c.obj
                0x1000034c                core1_main
 .text.tuh_hid_mount_cb
                0x100003c0       0x94 CMakeFiles/USB_DEVICE_AND_KEYBOARD.dir/main_host.c.obj
                0x100003c0                tuh_hid_mount_cb
 .text.tuh_hid_umount_cb
                0x10000454       0x2c CMakeFiles/USB_DEVICE_AND_KEYBOARD.dir/main_host.c.obj
                0x10000454                tuh_hid_umount_cb
 .text.tuh_hid_report_received_cb
                0x10000480      0x250 CMakeFiles/USB_DEVICE_AND_KEYBOARD.dir/main_host.c.obj
                0x10000480                tuh_hid_report_received_cb
 .text.tud_descriptor_device_cb
                0x100006d0        0x8 CMakeFiles/USB_DEVICE_AND_KEYBOARD.dir/usb_descriptors.c.obj
                0x100006d0                tud_descriptor_device_cb
 .text.tud_descriptor_configuration_cb
                0x100006d8        0x8 CMakeFiles/USB_DEVICE_AND_KEYBOARD.dir/usb_descriptors.c.obj
                0x100006d8                tud_descriptor_configuration_cb
 .text.tud_descriptor_string_cb
                0x100006e0       0x74 CMakeFiles/USB_DEVICE_AND_KEYBOARD.dir/usb_descriptors.c.obj
                0x100006e0                tud_descriptor_string_cb
 .text.tud_hid_descriptor_report_cb
                0x10000754        0x8 CMakeFiles/USB_DEVICE_AND_KEYBOARD.dir/usb_descriptors.c.obj
                0x10000754                tud_hid_descriptor_report_cb
 .text.tud_hid_set_report_cb
                0x1000075c        0x4 CMakeFiles/USB_DEVICE_AND_KEYBOARD.dir/usb_descriptors.c.obj
                0x1000075c                tud_hid_set_report_cb
 .text.tud_hid_get_report_cb
                0x10000760        0x4 CMakeFiles/USB_DEVICE_AND_KEYBOARD.dir/usb_descriptors.c.obj
                0x10000760                tud_hid_get_report_cb
 .text.tud_hid_report_complete_cb
                0x10000764        0x4 CMakeFiles/USB_DEVICE_AND_KEYBOARD.dir/usb_descriptors.c.obj
                0x10000764                tud_hid_report_complete_cb
 .text.hcd_configure
                0x10000768       0x20 CMakeFiles/USB_DEVICE_AND_KEYBOARD.dir/C_/Users/ASUS/.pico-sdk/sdk/2.2.0/lib/tinyusb/src/portable/raspberrypi/pio_usb/hcd_pio_usb.c.obj
                0x10000768                hcd_configure
 .text.hcd_init
                0x10000788       0x10 CMakeFiles/USB_DEVICE_AND_KEYBOARD.dir/C_/Users/ASUS/.pico-sdk/sdk/2.2.0/lib/tinyusb/src/portable/raspberrypi/pio_usb/hcd_pio_usb.c.obj
                0x10000788                hcd_init
 .text.hcd_port_reset
                0x10000798        0xc CMakeFiles/USB_DEVICE_AND_KEYBOARD.dir/C_/Users/ASUS/.pico-sdk/sdk/2.2.0/lib/tinyusb/src/portable/raspberrypi/pio_usb/hcd_pio_usb.c.obj
                0x10000798                hcd_port_reset
 .text.hcd_port_reset_end
                0x100007a4        0xc CMakeFiles/USB_DEVICE_AND_KEYBOARD.dir/C_/Users/ASUS/.pico-sdk/sdk/2.2.0/lib/tinyusb/src/portable/raspberrypi/pio_usb/hcd_pio_usb.c.obj
                0x100007a4                hcd_port_reset_end
 .text.hcd_port_connect_status
                0x100007b0       0x40 CMakeFiles/USB_DEVICE_AND_KEYBOARD.dir/C_/Users/ASUS/.pico-sdk/sdk/2.2.0/lib/tinyusb/src/portable/raspberrypi/pio_usb/hcd_pio_usb.c.obj
                0x100007b0                hcd_port_connect_status
 .text.hcd_port_speed_get
                0x100007f0       0x1c CMakeFiles/USB_DEVICE_AND_KEYBOARD.dir/C_/Users/ASUS/.pico-sdk/sdk/2.2.0/lib/tinyusb/src/portable/raspberrypi/pio_usb/hcd_pio_usb.c.obj
                0x100007f0                hcd_port_speed_get
 .text.hcd_device_close
                0x1000080c        0xc CMakeFiles/USB_DEVICE_AND_KEYBOARD.dir/C_/Users/ASUS/.pico-sdk/sdk/2.2.0/lib/tinyusb/src/portable/raspberrypi/pio_usb/hcd_pio_usb.c.obj
                0x1000080c                hcd_device_close
 .text.hcd_int_enable
                0x10000818        0x4 CMakeFiles/USB_DEVICE_AND_KEYBOARD.dir/C_/Users/ASUS/.pico-sdk/sdk/2.2.0/lib/tinyusb/src/portable/raspberrypi/pio_usb/hcd_pio_usb.c.obj
                0x10000818                hcd_int_enable
 .text.hcd_edpt_open
                0x1000081c       0x38 CMakeFiles/USB_DEVICE_AND_KEYBOARD.dir/C_/Users/ASUS/.pico-sdk/sdk/2.2.0/lib/tinyusb/src/portable/raspberrypi/pio_usb/hcd_pio_usb.c.obj
                0x1000081c                hcd_edpt_open
 .text.hcd_edpt_xfer
                0x10000854       0x18 CMakeFiles/USB_DEVICE_AND_KEYBOARD.dir/C_/Users/ASUS/.pico-sdk/sdk/2.2.0/lib/tinyusb/src/portable/raspberrypi/pio_usb/hcd_pio_usb.c.obj
                0x10000854                hcd_edpt_xfer
 .text.hcd_edpt_abort_xfer
                0x1000086c        0xc CMakeFiles/USB_DEVICE_AND_KEYBOARD.dir/C_/Users/ASUS/.pico-sdk/sdk/2.2.0/lib/tinyusb/src/portable/raspberrypi/pio_usb/hcd_pio_usb.c.obj
                0x1000086c                hcd_edpt_abort_xfer
 .text.hcd_setup_send
                0x10000878        0xc CMakeFiles/USB_DEVICE_AND_KEYBOARD.dir/C_/Users/ASUS/.pico-sdk/sdk/2.2.0/lib/tinyusb/src/portable/raspberrypi/pio_usb/hcd_pio_usb.c.obj
                0x10000878                hcd_setup_send
 .text.gpio_set_function
                0x10000884       0x34 CMakeFiles/USB_DEVICE_AND_KEYBOARD.dir/C_/Users/ASUS/.pico-sdk/sdk/2.2.0/src/rp2_common/hardware_gpio/gpio.c.obj
                0x10000884                gpio_set_function
 .text.gpio_set_pulls
                0x100008b8       0x28 CMakeFiles/USB_DEVICE_AND_KEYBOARD.dir/C_/Users/ASUS/.pico-sdk/sdk/2.2.0/src/rp2_common/hardware_gpio/gpio.c.obj
                0x100008b8                gpio_set_pulls
 .text.gpio_set_inover
                0x100008e0       0x24 CMakeFiles/USB_DEVICE_AND_KEYBOARD.dir/C_/Users/ASUS/.pico-sdk/sdk/2.2.0/src/rp2_common/hardware_gpio/gpio.c.obj
                0x100008e0                gpio_set_inover
 .text.gpio_set_outover
                0x10000904       0x24 CMakeFiles/USB_DEVICE_AND_KEYBOARD.dir/C_/Users/ASUS/.pico-sdk/sdk/2.2.0/src/rp2_common/hardware_gpio/gpio.c.obj
                0x10000904                gpio_set_outover
 .text.gpio_set_oeover
                0x10000928       0x24 CMakeFiles/USB_DEVICE_AND_KEYBOARD.dir/C_/Users/ASUS/.pico-sdk/sdk/2.2.0/src/rp2_common/hardware_gpio/gpio.c.obj
                0x10000928                gpio_set_oeover
 .text.gpio_set_slew_rate
                0x1000094c       0x20 CMakeFiles/USB_DEVICE_AND_KEYBOARD.dir/C_/Users/ASUS/.pico-sdk/sdk/2.2.0/src/rp2_common/hardware_gpio/gpio.c.obj
                0x1000094c                gpio_set_slew_rate
 .text.gpio_set_drive_strength
                0x1000096c       0x24 CMakeFiles/USB_DEVICE_AND_KEYBOARD.dir/C_/Users/ASUS/.pico-sdk/sdk/2.2.0/src/rp2_common/hardware_gpio/gpio.c.obj
                0x1000096c                gpio_set_drive_strength
 .text.gpio_init
                0x10000990       0x40 CMakeFiles/USB_DEVICE_AND_KEYBOARD.dir/C_/Users/ASUS/.pico-sdk/sdk/2.2.0/src/rp2_common/hardware_gpio/gpio.c.obj
                0x10000990                gpio_init
 .text.rp2040_chip_version
                0x100009d0        0xc CMakeFiles/USB_DEVICE_AND_KEYBOARD.dir/C_/Users/ASUS/.pico-sdk/sdk/2.2.0/src/rp2040/pico_platform/platform.c.obj
                0x100009d0                rp2040_chip_version
 .text.panic    0x100009dc       0x30 CMakeFiles/USB_DEVICE_AND_KEYBOARD.dir/C_/Users/ASUS/.pico-sdk/sdk/2.2.0/src/rp2_common/pico_platform_panic/panic.c.obj
                0x100009dc                panic
 .text.hw_claim_lock
                0x10000a0c       0x18 CMakeFiles/USB_DEVICE_AND_KEYBOARD.dir/C_/Users/ASUS/.pico-sdk/sdk/2.2.0/src/common/hardware_claim/claim.c.obj
                0x10000a0c                hw_claim_lock
 .text.hw_claim_unlock
                0x10000a24       0x14 CMakeFiles/USB_DEVICE_AND_KEYBOARD.dir/C_/Users/ASUS/.pico-sdk/sdk/2.2.0/src/common/hardware_claim/claim.c.obj
                0x10000a24                hw_claim_unlock
 .text.hw_claim_or_assert
                0x10000a38       0x44 CMakeFiles/USB_DEVICE_AND_KEYBOARD.dir/C_/Users/ASUS/.pico-sdk/sdk/2.2.0/src/common/hardware_claim/claim.c.obj
                0x10000a38                hw_claim_or_assert
 .text.hw_claim_unused_from_range
                0x10000a7c       0x88 CMakeFiles/USB_DEVICE_AND_KEYBOARD.dir/C_/Users/ASUS/.pico-sdk/sdk/2.2.0/src/common/hardware_claim/claim.c.obj
                0x10000a7c                hw_claim_unused_from_range
 .text.next_striped_spin_lock_num
                0x10000b04       0x18 CMakeFiles/USB_DEVICE_AND_KEYBOARD.dir/C_/Users/ASUS/.pico-sdk/sdk/2.2.0/src/rp2_common/hardware_sync/sync.c.obj
                0x10000b04                next_striped_spin_lock_num
 .text.spin_lock_claim_unused
                0x10000b1c       0x24 CMakeFiles/USB_DEVICE_AND_KEYBOARD.dir/C_/Users/ASUS/.pico-sdk/sdk/2.2.0/src/rp2_common/hardware_sync/sync.c.obj
                0x10000b1c                spin_lock_claim_unused
 .text.spin_locks_reset
                0x10000b40       0x1c CMakeFiles/USB_DEVICE_AND_KEYBOARD.dir/C_/Users/ASUS/.pico-sdk/sdk/2.2.0/src/rp2_common/hardware_sync_spin_lock/sync_spin_lock.c.obj
                0x10000b40                spin_locks_reset
 .text.runtime_init_per_core_irq_priorities
                0x10000b5c       0x24 CMakeFiles/USB_DEVICE_AND_KEYBOARD.dir/C_/Users/ASUS/.pico-sdk/sdk/2.2.0/src/rp2_common/hardware_irq/irq.c.obj
                0x10000b5c                runtime_init_per_core_irq_priorities
 .text.irq_set_enabled
                0x10000b80       0x24 CMakeFiles/USB_DEVICE_AND_KEYBOARD.dir/C_/Users/ASUS/.pico-sdk/sdk/2.2.0/src/rp2_common/hardware_irq/irq.c.obj
                0x10000b80                irq_set_enabled
 .text.irq_is_enabled
                0x10000ba4       0x18 CMakeFiles/USB_DEVICE_AND_KEYBOARD.dir/C_/Users/ASUS/.pico-sdk/sdk/2.2.0/src/rp2_common/hardware_irq/irq.c.obj
                0x10000ba4                irq_is_enabled
 .text.irq_set_exclusive_handler
                0x10000bbc       0x54 CMakeFiles/USB_DEVICE_AND_KEYBOARD.dir/C_/Users/ASUS/.pico-sdk/sdk/2.2.0/src/rp2_common/hardware_irq/irq.c.obj
                0x10000bbc                irq_set_exclusive_handler
 .text.irq_add_shared_handler
                0x10000c10      0x1f4 CMakeFiles/USB_DEVICE_AND_KEYBOARD.dir/C_/Users/ASUS/.pico-sdk/sdk/2.2.0/src/rp2_common/hardware_irq/irq.c.obj
                0x10000c10                irq_add_shared_handler
 .text.irq_add_tail_to_free_list
                0x10000e04       0xb4 CMakeFiles/USB_DEVICE_AND_KEYBOARD.dir/C_/Users/ASUS/.pico-sdk/sdk/2.2.0/src/rp2_common/hardware_irq/irq.c.obj
                0x10000e04                irq_add_tail_to_free_list
 .text.lock_init
                0x10000eb8       0x10 CMakeFiles/USB_DEVICE_AND_KEYBOARD.dir/C_/Users/ASUS/.pico-sdk/sdk/2.2.0/src/common/pico_sync/lock_core.c.obj
                0x10000eb8                lock_init
 .text.runtime_init_mutex
                0x10000ec8       0x50 CMakeFiles/USB_DEVICE_AND_KEYBOARD.dir/C_/Users/ASUS/.pico-sdk/sdk/2.2.0/src/common/pico_sync/mutex.c.obj
                0x10000ec8                runtime_init_mutex
 .text.mutex_init
                0x10000f18       0x1c CMakeFiles/USB_DEVICE_AND_KEYBOARD.dir/C_/Users/ASUS/.pico-sdk/sdk/2.2.0/src/common/pico_sync/mutex.c.obj
                0x10000f18                mutex_init
 .text.critical_section_init
                0x10000f34       0x1c CMakeFiles/USB_DEVICE_AND_KEYBOARD.dir/C_/Users/ASUS/.pico-sdk/sdk/2.2.0/src/common/pico_sync/critical_section.c.obj
                0x10000f34                critical_section_init
 .text.sleep_until_callback
                0x10000f50       0x30 CMakeFiles/USB_DEVICE_AND_KEYBOARD.dir/C_/Users/ASUS/.pico-sdk/sdk/2.2.0/src/common/pico_time/time.c.obj
 .text.alarm_pool_irq_handler
                0x10000f80      0x300 CMakeFiles/USB_DEVICE_AND_KEYBOARD.dir/C_/Users/ASUS/.pico-sdk/sdk/2.2.0/src/common/pico_time/time.c.obj
 .text.runtime_init_default_alarm_pool
                0x10001280       0xdc CMakeFiles/USB_DEVICE_AND_KEYBOARD.dir/C_/Users/ASUS/.pico-sdk/sdk/2.2.0/src/common/pico_time/time.c.obj
                0x10001280                runtime_init_default_alarm_pool
 .text.alarm_pool_create_on_timer
                0x1000135c       0xb4 CMakeFiles/USB_DEVICE_AND_KEYBOARD.dir/C_/Users/ASUS/.pico-sdk/sdk/2.2.0/src/common/pico_time/time.c.obj
                0x1000135c                alarm_pool_create_on_timer
 .text.alarm_pool_add_alarm_at_force_in_context
                0x10001410       0xb0 CMakeFiles/USB_DEVICE_AND_KEYBOARD.dir/C_/Users/ASUS/.pico-sdk/sdk/2.2.0/src/common/pico_time/time.c.obj
                0x10001410                alarm_pool_add_alarm_at_force_in_context
 .text.alarm_pool_cancel_alarm
                0x100014c0       0x74 CMakeFiles/USB_DEVICE_AND_KEYBOARD.dir/C_/Users/ASUS/.pico-sdk/sdk/2.2.0/src/common/pico_time/time.c.obj
                0x100014c0                alarm_pool_cancel_alarm
 .text.sleep_ms
                0x10001534       0xfc CMakeFiles/USB_DEVICE_AND_KEYBOARD.dir/C_/Users/ASUS/.pico-sdk/sdk/2.2.0/src/common/pico_time/time.c.obj
                0x10001534                sleep_ms
 .text.best_effort_wfe_or_timeout
                0x10001630      0x10c CMakeFiles/USB_DEVICE_AND_KEYBOARD.dir/C_/Users/ASUS/.pico-sdk/sdk/2.2.0/src/common/pico_time/time.c.obj
                0x10001630                best_effort_wfe_or_timeout
 .text.alarm_pool_add_repeating_timer_us
                0x1000173c      0x124 CMakeFiles/USB_DEVICE_AND_KEYBOARD.dir/C_/Users/ASUS/.pico-sdk/sdk/2.2.0/src/common/pico_time/time.c.obj
                0x1000173c                alarm_pool_add_repeating_timer_us
 .text.alarm_pool_get_default_timer
                0x10001860        0x8 CMakeFiles/USB_DEVICE_AND_KEYBOARD.dir/C_/Users/ASUS/.pico-sdk/sdk/2.2.0/src/common/pico_time/time.c.obj
                0x10001860                alarm_pool_get_default_timer
 .text.timer_hardware_alarm_claim
                0x10001868       0x14 CMakeFiles/USB_DEVICE_AND_KEYBOARD.dir/C_/Users/ASUS/.pico-sdk/sdk/2.2.0/src/rp2_common/hardware_timer/timer.c.obj
                0x10001868                timer_hardware_alarm_claim
 .text.timer_time_us_64
                0x1000187c       0x10 CMakeFiles/USB_DEVICE_AND_KEYBOARD.dir/C_/Users/ASUS/.pico-sdk/sdk/2.2.0/src/rp2_common/hardware_timer/timer.c.obj
                0x1000187c                timer_time_us_64
 .text.time_us_64
                0x1000188c       0x14 CMakeFiles/USB_DEVICE_AND_KEYBOARD.dir/C_/Users/ASUS/.pico-sdk/sdk/2.2.0/src/rp2_common/hardware_timer/timer.c.obj
                0x1000188c                time_us_64
 .text.busy_wait_us
                0x100018a0       0x68 CMakeFiles/USB_DEVICE_AND_KEYBOARD.dir/C_/Users/ASUS/.pico-sdk/sdk/2.2.0/src/rp2_common/hardware_timer/timer.c.obj
                0x100018a0                busy_wait_us
 .text.busy_wait_ms
                0x10001908       0x9c CMakeFiles/USB_DEVICE_AND_KEYBOARD.dir/C_/Users/ASUS/.pico-sdk/sdk/2.2.0/src/rp2_common/hardware_timer/timer.c.obj
                0x10001908                busy_wait_ms
 .text.busy_wait_until
                0x100019a4       0x20 CMakeFiles/USB_DEVICE_AND_KEYBOARD.dir/C_/Users/ASUS/.pico-sdk/sdk/2.2.0/src/rp2_common/hardware_timer/timer.c.obj
                0x100019a4                busy_wait_until
 .text.clock_configure_int_divider
                0x100019c4       0xf4 CMakeFiles/USB_DEVICE_AND_KEYBOARD.dir/C_/Users/ASUS/.pico-sdk/sdk/2.2.0/src/rp2_common/hardware_clocks/clocks.c.obj
                0x100019c4                clock_configure_int_divider
 .text.clock_configure_undivided
                0x10001ab8       0xe8 CMakeFiles/USB_DEVICE_AND_KEYBOARD.dir/C_/Users/ASUS/.pico-sdk/sdk/2.2.0/src/rp2_common/hardware_clocks/clocks.c.obj
                0x10001ab8                clock_configure_undivided
 .text.clock_get_hz
                0x10001ba0        0xc CMakeFiles/USB_DEVICE_AND_KEYBOARD.dir/C_/Users/ASUS/.pico-sdk/sdk/2.2.0/src/rp2_common/hardware_clocks/clocks.c.obj
                0x10001ba0                clock_get_hz
 .text.set_sys_clock_pll
                0x10001bac      0x1b8 CMakeFiles/USB_DEVICE_AND_KEYBOARD.dir/C_/Users/ASUS/.pico-sdk/sdk/2.2.0/src/rp2_common/hardware_clocks/clocks.c.obj
                0x10001bac                set_sys_clock_pll
 .text.check_sys_clock_khz
                0x10001d64      0x26c CMakeFiles/USB_DEVICE_AND_KEYBOARD.dir/C_/Users/ASUS/.pico-sdk/sdk/2.2.0/src/rp2_common/hardware_clocks/clocks.c.obj
                0x10001d64                check_sys_clock_khz
 .text.pll_init
                0x10001fd0       0xa4 CMakeFiles/USB_DEVICE_AND_KEYBOARD.dir/C_/Users/ASUS/.pico-sdk/sdk/2.2.0/src/rp2_common/hardware_pll/pll.c.obj
                0x10001fd0                pll_init
 .text.tick_start
                0x10002074       0x10 CMakeFiles/USB_DEVICE_AND_KEYBOARD.dir/C_/Users/ASUS/.pico-sdk/sdk/2.2.0/src/rp2_common/hardware_ticks/ticks.c.obj
                0x10002074                tick_start
 .text.rom_func_lookup
                0x10002084       0x10 CMakeFiles/USB_DEVICE_AND_KEYBOARD.dir/C_/Users/ASUS/.pico-sdk/sdk/2.2.0/src/rp2_common/pico_bootrom/bootrom.c.obj
                0x10002084                rom_func_lookup
 .text.rom_data_lookup
                0x10002094       0x10 CMakeFiles/USB_DEVICE_AND_KEYBOARD.dir/C_/Users/ASUS/.pico-sdk/sdk/2.2.0/src/rp2_common/pico_bootrom/bootrom.c.obj
                0x10002094                rom_data_lookup
 .text.rom_funcs_lookup
                0x100020a4       0x44 CMakeFiles/USB_DEVICE_AND_KEYBOARD.dir/C_/Users/ASUS/.pico-sdk/sdk/2.2.0/src/rp2_common/pico_bootrom/bootrom.c.obj
                0x100020a4                rom_funcs_lookup
 .text.xosc_init
                0x100020e8       0x28 CMakeFiles/USB_DEVICE_AND_KEYBOARD.dir/C_/Users/ASUS/.pico-sdk/sdk/2.2.0/src/rp2_common/hardware_xosc/xosc.c.obj
                0x100020e8                xosc_init
 .text.first_per_core_initializer
                0x10002110        0x4 CMakeFiles/USB_DEVICE_AND_KEYBOARD.dir/C_/Users/ASUS/.pico-sdk/sdk/2.2.0/src/rp2_common/pico_runtime/runtime.c.obj
 .text.hard_assertion_failure
                0x10002114        0xc CMakeFiles/USB_DEVICE_AND_KEYBOARD.dir/C_/Users/ASUS/.pico-sdk/sdk/2.2.0/src/rp2_common/pico_runtime/runtime.c.obj
                0x10002114                hard_assertion_failure
 .text.runtime_run_initializers
                0x10002120       0x28 CMakeFiles/USB_DEVICE_AND_KEYBOARD.dir/C_/Users/ASUS/.pico-sdk/sdk/2.2.0/src/rp2_common/pico_runtime/runtime.c.obj
                0x10002120                runtime_run_initializers
 .text.runtime_run_per_core_initializers
                0x10002148       0x28 CMakeFiles/USB_DEVICE_AND_KEYBOARD.dir/C_/Users/ASUS/.pico-sdk/sdk/2.2.0/src/rp2_common/pico_runtime/runtime.c.obj
                0x10002148                runtime_run_per_core_initializers
 .text.runtime_init_early_resets
                0x10002170       0x2c CMakeFiles/USB_DEVICE_AND_KEYBOARD.dir/C_/Users/ASUS/.pico-sdk/sdk/2.2.0/src/rp2_common/pico_runtime_init/runtime_init.c.obj
                0x10002170                runtime_init_early_resets
 .text.runtime_init_usb_power_down
                0x1000219c       0x1c CMakeFiles/USB_DEVICE_AND_KEYBOARD.dir/C_/Users/ASUS/.pico-sdk/sdk/2.2.0/src/rp2_common/pico_runtime_init/runtime_init.c.obj
                0x1000219c                runtime_init_usb_power_down
 .text.runtime_init_post_clock_resets
                0x100021b8       0x20 CMakeFiles/USB_DEVICE_AND_KEYBOARD.dir/C_/Users/ASUS/.pico-sdk/sdk/2.2.0/src/rp2_common/pico_runtime_init/runtime_init.c.obj
                0x100021b8                runtime_init_post_clock_resets
 .text.runtime_init_rp2040_gpio_ie_disable
                0x100021d8       0x14 CMakeFiles/USB_DEVICE_AND_KEYBOARD.dir/C_/Users/ASUS/.pico-sdk/sdk/2.2.0/src/rp2_common/pico_runtime_init/runtime_init.c.obj
                0x100021d8                runtime_init_rp2040_gpio_ie_disable
 .text.runtime_init_spin_locks_reset
                0x100021ec        0x8 CMakeFiles/USB_DEVICE_AND_KEYBOARD.dir/C_/Users/ASUS/.pico-sdk/sdk/2.2.0/src/rp2_common/pico_runtime_init/runtime_init.c.obj
                0x100021ec                runtime_init_spin_locks_reset
 .text.runtime_init_install_ram_vector_table
                0x100021f4       0xb4 CMakeFiles/USB_DEVICE_AND_KEYBOARD.dir/C_/Users/ASUS/.pico-sdk/sdk/2.2.0/src/rp2_common/pico_runtime_init/runtime_init.c.obj
                0x100021f4                runtime_init_install_ram_vector_table
 .text.runtime_init_clocks
                0x100022a8       0xd8 CMakeFiles/USB_DEVICE_AND_KEYBOARD.dir/C_/Users/ASUS/.pico-sdk/sdk/2.2.0/src/rp2_common/pico_runtime_init/runtime_init_clocks.c.obj
                0x100022a8                runtime_init_clocks
 .text          0x10002380       0x10 CMakeFiles/USB_DEVICE_AND_KEYBOARD.dir/C_/Users/ASUS/.pico-sdk/sdk/2.2.0/src/rp2_common/pico_bit_ops/bit_ops_aeabi.S.obj
 .text.ctzsi    0x10002390        0xc CMakeFiles/USB_DEVICE_AND_KEYBOARD.dir/C_/Users/ASUS/.pico-sdk/sdk/2.2.0/src/rp2_common/pico_bit_ops/bit_ops_aeabi.S.obj
                0x10002390                __wrap___ctzsi2
 .text.__wrap___aeabi_idiv
                0x1000239c       0x50 CMakeFiles/USB_DEVICE_AND_KEYBOARD.dir/C_/Users/ASUS/.pico-sdk/sdk/2.2.0/src/rp2_common/pico_divider/divider_hardware.S.obj
                0x1000239c                __wrap___aeabi_idivmod
                0x1000239c                divmod_s32s32
                0x1000239c                div_s32s32
                0x1000239c                __wrap___aeabi_idiv
                0x100023a4                divmod_s32s32_unsafe
                0x100023d0                divmod_s32s32_savestate
 .text.__wrap___aeabi_uidiv
                0x100023ec       0x4c CMakeFiles/USB_DEVICE_AND_KEYBOARD.dir/C_/Users/ASUS/.pico-sdk/sdk/2.2.0/src/rp2_common/pico_divider/divider_hardware.S.obj
                0x100023ec                __wrap___aeabi_uidiv
                0x100023ec                __wrap___aeabi_uidivmod
                0x100023ec                div_u32u32
                0x100023ec                divmod_u32u32
                0x100023f4                divmod_u32u32_unsafe
                0x1000241c                divmod_u32u32_savestate
 .text.__wrap___aeabi_ldiv
                0x10002438      0x424 CMakeFiles/USB_DEVICE_AND_KEYBOARD.dir/C_/Users/ASUS/.pico-sdk/sdk/2.2.0/src/rp2_common/pico_divider/divider_hardware.S.obj
                0x10002438                div_s64s64
                0x10002438                divmod_s64s64
                0x10002438                __wrap___aeabi_ldivmod
                0x10002468                divmod_u64u64
                0x10002468                div_u64u64
                0x10002468                __wrap___aeabi_uldivmod
                0x10002478                divmod_u64u64_savestate
                0x10002498                divmod_s64s64_unsafe
                0x10002520                divmod_u64u64_unsafe
 .text.__wrap___aeabi_darithmetic
                0x1000285c       0x60 CMakeFiles/USB_DEVICE_AND_KEYBOARD.dir/C_/Users/ASUS/.pico-sdk/sdk/2.2.0/src/rp2_common/pico_double/double_aeabi_rp2040.S.obj
                0x1000285c                __wrap___aeabi_drsub
                0x10002862                __wrap___aeabi_dsub
                0x1000286c                __wrap___aeabi_dadd
                0x10002876                __wrap___aeabi_ddiv
                0x100028aa                __wrap___aeabi_dmul
 .text.__wrap___aeabi_cdcmple
                0x100028bc       0x6c CMakeFiles/USB_DEVICE_AND_KEYBOARD.dir/C_/Users/ASUS/.pico-sdk/sdk/2.2.0/src/rp2_common/pico_double/double_aeabi_rp2040.S.obj
                0x100028bc                __wrap___aeabi_cdrcmple
                0x100028cc                __wrap___aeabi_cdcmpeq
                0x100028cc                __wrap___aeabi_cdcmple
 .text.__wrap___aeabi_dcmplt
                0x10002928        0xc CMakeFiles/USB_DEVICE_AND_KEYBOARD.dir/C_/Users/ASUS/.pico-sdk/sdk/2.2.0/src/rp2_common/pico_double/double_aeabi_rp2040.S.obj
                0x10002928                __wrap___aeabi_dcmplt
 .text.__wrap___aeabi_dcmple
                0x10002934       0x10 CMakeFiles/USB_DEVICE_AND_KEYBOARD.dir/C_/Users/ASUS/.pico-sdk/sdk/2.2.0/src/rp2_common/pico_double/double_aeabi_rp2040.S.obj
                0x10002934                __wrap___aeabi_dcmple
 .text.__wrap___aeabi_dcmpge
                0x10002944       0x10 CMakeFiles/USB_DEVICE_AND_KEYBOARD.dir/C_/Users/ASUS/.pico-sdk/sdk/2.2.0/src/rp2_common/pico_double/double_aeabi_rp2040.S.obj
                0x10002944                __wrap___aeabi_dcmpge
 .text.__wrap___aeabi_dcmpgt
                0x10002954        0xa CMakeFiles/USB_DEVICE_AND_KEYBOARD.dir/C_/Users/ASUS/.pico-sdk/sdk/2.2.0/src/rp2_common/pico_double/double_aeabi_rp2040.S.obj
                0x10002954                __wrap___aeabi_dcmpgt
 .text.__wrap___aeabi_dcmpun
                0x1000295e       0x18 CMakeFiles/USB_DEVICE_AND_KEYBOARD.dir/C_/Users/ASUS/.pico-sdk/sdk/2.2.0/src/rp2_common/pico_double/double_aeabi_rp2040.S.obj
                0x1000295e                __wrap___aeabi_dcmpun
 *fill*         0x10002976        0x2 
 .text.__wrap___aeabi_i2d
                0x10002978       0x38 CMakeFiles/USB_DEVICE_AND_KEYBOARD.dir/C_/Users/ASUS/.pico-sdk/sdk/2.2.0/src/rp2_common/pico_double/double_aeabi_rp2040.S.obj
                0x10002978                uint2double
                0x10002978                __wrap___aeabi_ui2d
                0x10002980                int2double
                0x10002980                __wrap___aeabi_i2d
 .text.__wrap___aeabi_d2iz
                0x100029b0       0x48 CMakeFiles/USB_DEVICE_AND_KEYBOARD.dir/C_/Users/ASUS/.pico-sdk/sdk/2.2.0/src/rp2_common/pico_double/double_aeabi_rp2040.S.obj
                0x100029b0                double2int_z
                0x100029b0                __wrap___aeabi_d2iz
 .text.__wrap___aeabi_d2uiz
                0x100029f8       0x10 CMakeFiles/USB_DEVICE_AND_KEYBOARD.dir/C_/Users/ASUS/.pico-sdk/sdk/2.2.0/src/rp2_common/pico_double/double_aeabi_rp2040.S.obj
                0x100029f8                double2uint
                0x100029f8                __wrap___aeabi_d2uiz
                0x100029f8                double2uint_z
 .text.missing_double_func_shim
                0x10002a08        0xc CMakeFiles/USB_DEVICE_AND_KEYBOARD.dir/C_/Users/ASUS/.pico-sdk/sdk/2.2.0/src/rp2_common/pico_double/double_init_rom_rp2040.c.obj
 .text.__aeabi_double_init
                0x10002a14       0xa0 CMakeFiles/USB_DEVICE_AND_KEYBOARD.dir/C_/Users/ASUS/.pico-sdk/sdk/2.2.0/src/rp2_common/pico_double/double_init_rom_rp2040.c.obj
                0x10002a14                __aeabi_double_init
 .text.double_table_shim_on_use_helper
                0x10002ab4       0x2c CMakeFiles/USB_DEVICE_AND_KEYBOARD.dir/C_/Users/ASUS/.pico-sdk/sdk/2.2.0/src/rp2_common/pico_double/double_v1_rom_shim_rp2040.S.obj
                0x10002ab4                double_table_shim_on_use_helper
 .text.__aeabi_lmul
                0x10002ae0       0x32 CMakeFiles/USB_DEVICE_AND_KEYBOARD.dir/C_/Users/ASUS/.pico-sdk/sdk/2.2.0/src/rp2_common/pico_int64_ops/pico_int64_ops_aeabi.S.obj
                0x10002ae0                __wrap___aeabi_lmul
 *fill*         0x10002b12        0x2 
 .text.__wrap___aeabi_farithmetic
                0x10002b14       0x48 CMakeFiles/USB_DEVICE_AND_KEYBOARD.dir/C_/Users/ASUS/.pico-sdk/sdk/2.2.0/src/rp2_common/pico_float/float_aeabi_rp2040.S.obj
                0x10002b14                __wrap___aeabi_frsub
                0x10002b1a                __wrap___aeabi_fsub
                0x10002b20                __wrap___aeabi_fadd
                0x10002b26                __wrap___aeabi_fdiv
                0x10002b4e                __wrap___aeabi_fmul
 .text.__wrap___aeabi_ui2f
                0x10002b5c        0xa CMakeFiles/USB_DEVICE_AND_KEYBOARD.dir/C_/Users/ASUS/.pico-sdk/sdk/2.2.0/src/rp2_common/pico_float/float_aeabi_rp2040.S.obj
                0x10002b5c                __wrap___aeabi_ui2f
                0x10002b5c                uint2float
 *fill*         0x10002b66        0x2 
 .text.__wrap___aeabi_i2f
                0x10002b68       0x44 CMakeFiles/USB_DEVICE_AND_KEYBOARD.dir/C_/Users/ASUS/.pico-sdk/sdk/2.2.0/src/rp2_common/pico_float/float_aeabi_rp2040.S.obj
                0x10002b68                __wrap___aeabi_i2f
                0x10002b68                int2float
 .text.__wrap___aeabi_f2uiz
                0x10002bac        0xc CMakeFiles/USB_DEVICE_AND_KEYBOARD.dir/C_/Users/ASUS/.pico-sdk/sdk/2.2.0/src/rp2_common/pico_float/float_aeabi_rp2040.S.obj
                0x10002bac                float2uint_z
                0x10002bac                __wrap___aeabi_f2uiz
                0x10002bac                float2uint
 .text.missing_float_func_shim
                0x10002bb8        0xc CMakeFiles/USB_DEVICE_AND_KEYBOARD.dir/C_/Users/ASUS/.pico-sdk/sdk/2.2.0/src/rp2_common/pico_float/float_init_rom_rp2040.c.obj
 .text.__aeabi_float_init
                0x10002bc4       0x5c CMakeFiles/USB_DEVICE_AND_KEYBOARD.dir/C_/Users/ASUS/.pico-sdk/sdk/2.2.0/src/rp2_common/pico_float/float_init_rom_rp2040.c.obj
                0x10002bc4                __aeabi_float_init
 .text.__wrap_malloc
                0x10002c20       0x3c CMakeFiles/USB_DEVICE_AND_KEYBOARD.dir/C_/Users/ASUS/.pico-sdk/sdk/2.2.0/src/rp2_common/pico_malloc/malloc.c.obj
                0x10002c20                __wrap_malloc
 .text.__wrap_calloc
                0x10002c5c       0x44 CMakeFiles/USB_DEVICE_AND_KEYBOARD.dir/C_/Users/ASUS/.pico-sdk/sdk/2.2.0/src/rp2_common/pico_malloc/malloc.c.obj
                0x10002c5c                __wrap_calloc
 .text          0x10002ca0       0x10 CMakeFiles/USB_DEVICE_AND_KEYBOARD.dir/C_/Users/ASUS/.pico-sdk/sdk/2.2.0/src/rp2_common/pico_mem_ops/mem_ops_aeabi.S.obj
                0x10002ca0                __aeabi_mem_init
 .text.memset   0x10002cb0        0xc CMakeFiles/USB_DEVICE_AND_KEYBOARD.dir/C_/Users/ASUS/.pico-sdk/sdk/2.2.0/src/rp2_common/pico_mem_ops/mem_ops_aeabi.S.obj
                0x10002cb0                __wrap_memset
 .text.memcpy   0x10002cbc        0xc CMakeFiles/USB_DEVICE_AND_KEYBOARD.dir/C_/Users/ASUS/.pico-sdk/sdk/2.2.0/src/rp2_common/pico_mem_ops/mem_ops_aeabi.S.obj
                0x10002cbc                __wrap_memcpy
                0x10002cbc                __wrap___aeabi_memcpy
 .text._out_buffer
                0x10002cc8        0x8 CMakeFiles/USB_DEVICE_AND_KEYBOARD.dir/C_/Users/ASUS/.pico-sdk/sdk/2.2.0/src/rp2_common/pico_printf/printf.c.obj
 .text._out_null
                0x10002cd0        0x4 CMakeFiles/USB_DEVICE_AND_KEYBOARD.dir/C_/Users/ASUS/.pico-sdk/sdk/2.2.0/src/rp2_common/pico_printf/printf.c.obj
 .text._out_rev
                0x10002cd4       0xac CMakeFiles/USB_DEVICE_AND_KEYBOARD.dir/C_/Users/ASUS/.pico-sdk/sdk/2.2.0/src/rp2_common/pico_printf/printf.c.obj
 .text._ntoa_format
                0x10002d80      0x1cc CMakeFiles/USB_DEVICE_AND_KEYBOARD.dir/C_/Users/ASUS/.pico-sdk/sdk/2.2.0/src/rp2_common/pico_printf/printf.c.obj
 .text._out_char
                0x10002f4c       0x10 CMakeFiles/USB_DEVICE_AND_KEYBOARD.dir/C_/Users/ASUS/.pico-sdk/sdk/2.2.0/src/rp2_common/pico_printf/printf.c.obj
 .text._out_fct
                0x10002f5c       0x10 CMakeFiles/USB_DEVICE_AND_KEYBOARD.dir/C_/Users/ASUS/.pico-sdk/sdk/2.2.0/src/rp2_common/pico_printf/printf.c.obj
 .text._ftoa    0x10002f6c      0x4a8 CMakeFiles/USB_DEVICE_AND_KEYBOARD.dir/C_/Users/ASUS/.pico-sdk/sdk/2.2.0/src/rp2_common/pico_printf/printf.c.obj
 .text._etoa    0x10003414      0x57c CMakeFiles/USB_DEVICE_AND_KEYBOARD.dir/C_/Users/ASUS/.pico-sdk/sdk/2.2.0/src/rp2_common/pico_printf/printf.c.obj
 .text._vsnprintf
                0x10003990      0xbe0 CMakeFiles/USB_DEVICE_AND_KEYBOARD.dir/C_/Users/ASUS/.pico-sdk/sdk/2.2.0/src/rp2_common/pico_printf/printf.c.obj
 .text.__wrap_sprintf
                0x10004570       0x2c CMakeFiles/USB_DEVICE_AND_KEYBOARD.dir/C_/Users/ASUS/.pico-sdk/sdk/2.2.0/src/rp2_common/pico_printf/printf.c.obj
                0x10004570                __wrap_sprintf
 .text.vfctprintf
                0x1000459c       0x24 CMakeFiles/USB_DEVICE_AND_KEYBOARD.dir/C_/Users/ASUS/.pico-sdk/sdk/2.2.0/src/rp2_common/pico_printf/printf.c.obj
                0x1000459c                vfctprintf
 .text.weak_raw_vprintf
                0x100045c0       0x30 CMakeFiles/USB_DEVICE_AND_KEYBOARD.dir/C_/Users/ASUS/.pico-sdk/sdk/2.2.0/src/rp2_common/pico_printf/printf.c.obj
                0x100045c0                weak_raw_vprintf
 .text._exit    0x100045f0        0x4 CMakeFiles/USB_DEVICE_AND_KEYBOARD.dir/C_/Users/ASUS/.pico-sdk/sdk/2.2.0/src/rp2_common/pico_clib_interface/newlib_interface.c.obj
                0x100045f0                _exit
 .text._sbrk    0x100045f4       0x34 CMakeFiles/USB_DEVICE_AND_KEYBOARD.dir/C_/Users/ASUS/.pico-sdk/sdk/2.2.0/src/rp2_common/pico_clib_interface/newlib_interface.c.obj
                0x100045f4                _sbrk
 .text.exit     0x10004628        0x8 CMakeFiles/USB_DEVICE_AND_KEYBOARD.dir/C_/Users/ASUS/.pico-sdk/sdk/2.2.0/src/rp2_common/pico_clib_interface/newlib_interface.c.obj
                0x10004628                exit
 .text.runtime_init
                0x10004630       0x2c CMakeFiles/USB_DEVICE_AND_KEYBOARD.dir/C_/Users/ASUS/.pico-sdk/sdk/2.2.0/src/rp2_common/pico_clib_interface/newlib_interface.c.obj
                0x10004630                runtime_init
 .text.stdio_out_chars_no_crlf
                0x1000465c       0x10 CMakeFiles/USB_DEVICE_AND_KEYBOARD.dir/C_/Users/ASUS/.pico-sdk/sdk/2.2.0/src/rp2_common/pico_stdio/stdio.c.obj
 .text.stdio_out_chars_crlf
                0x1000466c       0xb0 CMakeFiles/USB_DEVICE_AND_KEYBOARD.dir/C_/Users/ASUS/.pico-sdk/sdk/2.2.0/src/rp2_common/pico_stdio/stdio.c.obj
 .text.stdio_buffered_printer
                0x1000471c       0x64 CMakeFiles/USB_DEVICE_AND_KEYBOARD.dir/C_/Users/ASUS/.pico-sdk/sdk/2.2.0/src/rp2_common/pico_stdio/stdio.c.obj
 .text.stdio_put_string
                0x10004780       0xfc CMakeFiles/USB_DEVICE_AND_KEYBOARD.dir/C_/Users/ASUS/.pico-sdk/sdk/2.2.0/src/rp2_common/pico_stdio/stdio.c.obj
                0x10004780                stdio_put_string
 .text.__wrap_putchar
                0x1000487c       0x94 CMakeFiles/USB_DEVICE_AND_KEYBOARD.dir/C_/Users/ASUS/.pico-sdk/sdk/2.2.0/src/rp2_common/pico_stdio/stdio.c.obj
                0x1000487c                __wrap_putchar
                0x1000487c                stdio_putchar
 .text.__wrap_puts
                0x10004910       0x3c CMakeFiles/USB_DEVICE_AND_KEYBOARD.dir/C_/Users/ASUS/.pico-sdk/sdk/2.2.0/src/rp2_common/pico_stdio/stdio.c.obj
                0x10004910                stdio_puts
                0x10004910                __wrap_puts
 .text.__wrap_vprintf
                0x1000494c       0xcc CMakeFiles/USB_DEVICE_AND_KEYBOARD.dir/C_/Users/ASUS/.pico-sdk/sdk/2.2.0/src/rp2_common/pico_stdio/stdio.c.obj
                0x1000494c                stdio_vprintf
                0x1000494c                __wrap_vprintf
 .text.__wrap_printf
                0x10004a18       0x18 CMakeFiles/USB_DEVICE_AND_KEYBOARD.dir/C_/Users/ASUS/.pico-sdk/sdk/2.2.0/src/rp2_common/pico_stdio/stdio.c.obj
                0x10004a18                __wrap_printf
                0x10004a18                stdio_printf
 .text.pio_usb_bus_init
                0x10004a30      0x198 CMakeFiles/USB_DEVICE_AND_KEYBOARD.dir/Pico-PIO-USB/src/pio_usb.c.obj
                0x10004a30                pio_usb_bus_init
 .text.pio_usb_host_add_port
                0x10004bc8      0x10c CMakeFiles/USB_DEVICE_AND_KEYBOARD.dir/Pico-PIO-USB/src/pio_usb.c.obj
                0x10004bc8                pio_usb_host_add_port
 .text.pio_usb_host_init
                0x10004cd4      0x1e8 CMakeFiles/USB_DEVICE_AND_KEYBOARD.dir/Pico-PIO-USB/src/pio_usb_host.c.obj
                0x10004cd4                pio_usb_host_init
 .text.pio_usb_host_port_reset_start
                0x10004ebc       0x40 CMakeFiles/USB_DEVICE_AND_KEYBOARD.dir/Pico-PIO-USB/src/pio_usb_host.c.obj
                0x10004ebc                pio_usb_host_port_reset_start
 .text.pio_usb_host_port_reset_end
                0x10004efc       0x48 CMakeFiles/USB_DEVICE_AND_KEYBOARD.dir/Pico-PIO-USB/src/pio_usb_host.c.obj
                0x10004efc                pio_usb_host_port_reset_end
 .text.pio_usb_host_close_device
                0x10004f44       0x38 CMakeFiles/USB_DEVICE_AND_KEYBOARD.dir/Pico-PIO-USB/src/pio_usb_host.c.obj
                0x10004f44                pio_usb_host_close_device
 .text.pio_usb_host_endpoint_open
                0x10004f7c       0xb8 CMakeFiles/USB_DEVICE_AND_KEYBOARD.dir/Pico-PIO-USB/src/pio_usb_host.c.obj
                0x10004f7c                pio_usb_host_endpoint_open
 .text.pio_usb_host_send_setup
                0x10005034       0x60 CMakeFiles/USB_DEVICE_AND_KEYBOARD.dir/Pico-PIO-USB/src/pio_usb_host.c.obj
                0x10005034                pio_usb_host_send_setup
 .text.pio_usb_host_endpoint_transfer
                0x10005094       0x90 CMakeFiles/USB_DEVICE_AND_KEYBOARD.dir/Pico-PIO-USB/src/pio_usb_host.c.obj
                0x10005094                pio_usb_host_endpoint_transfer
 .text.pio_usb_host_endpoint_abort_transfer
                0x10005124       0xb4 CMakeFiles/USB_DEVICE_AND_KEYBOARD.dir/Pico-PIO-USB/src/pio_usb_host.c.obj
                0x10005124                pio_usb_host_endpoint_abort_transfer
 .text.calc_usb_crc16
                0x100051d8       0x34 CMakeFiles/USB_DEVICE_AND_KEYBOARD.dir/Pico-PIO-USB/src/usb_crc.c.obj
                0x100051d8                calc_usb_crc16
 .text.core1_trampoline
                0x1000520c        0x4 CMakeFiles/USB_DEVICE_AND_KEYBOARD.dir/C_/Users/ASUS/.pico-sdk/sdk/2.2.0/src/rp2_common/pico_multicore/multicore.c.obj
 .text.core1_wrapper
                0x10005210        0xc CMakeFiles/USB_DEVICE_AND_KEYBOARD.dir/C_/Users/ASUS/.pico-sdk/sdk/2.2.0/src/rp2_common/pico_multicore/multicore.c.obj
                0x10005210                core1_wrapper
 .text.multicore_reset_core1
                0x1000521c       0x60 CMakeFiles/USB_DEVICE_AND_KEYBOARD.dir/C_/Users/ASUS/.pico-sdk/sdk/2.2.0/src/rp2_common/pico_multicore/multicore.c.obj
                0x1000521c                multicore_reset_core1
 .text.multicore_launch_core1_raw
                0x1000527c       0x8c CMakeFiles/USB_DEVICE_AND_KEYBOARD.dir/C_/Users/ASUS/.pico-sdk/sdk/2.2.0/src/rp2_common/pico_multicore/multicore.c.obj
                0x1000527c                multicore_launch_core1_raw
 .text.multicore_launch_core1
                0x10005308       0x58 CMakeFiles/USB_DEVICE_AND_KEYBOARD.dir/C_/Users/ASUS/.pico-sdk/sdk/2.2.0/src/rp2_common/pico_multicore/multicore.c.obj
                0x10005308                multicore_launch_core1
 .text.pio_sm_claim
                0x10005360       0x30 CMakeFiles/USB_DEVICE_AND_KEYBOARD.dir/C_/Users/ASUS/.pico-sdk/sdk/2.2.0/src/rp2_common/hardware_pio/pio.c.obj
                0x10005360                pio_sm_claim
 .text.pio_add_program
                0x10005390       0xf8 CMakeFiles/USB_DEVICE_AND_KEYBOARD.dir/C_/Users/ASUS/.pico-sdk/sdk/2.2.0/src/rp2_common/hardware_pio/pio.c.obj
                0x10005390                pio_add_program
 .text.pio_add_program_at_offset
                0x10005488       0xb0 CMakeFiles/USB_DEVICE_AND_KEYBOARD.dir/C_/Users/ASUS/.pico-sdk/sdk/2.2.0/src/rp2_common/hardware_pio/pio.c.obj
                0x10005488                pio_add_program_at_offset
 .text.pio_sm_set_pins_with_mask64
                0x10005538       0xa8 CMakeFiles/USB_DEVICE_AND_KEYBOARD.dir/C_/Users/ASUS/.pico-sdk/sdk/2.2.0/src/rp2_common/hardware_pio/pio.c.obj
                0x10005538                pio_sm_set_pins_with_mask64
 .text.pio_sm_set_pindirs_with_mask64
                0x100055e0       0xac CMakeFiles/USB_DEVICE_AND_KEYBOARD.dir/C_/Users/ASUS/.pico-sdk/sdk/2.2.0/src/rp2_common/hardware_pio/pio.c.obj
                0x100055e0                pio_sm_set_pindirs_with_mask64
 .text.pio_sm_set_consecutive_pindirs
                0x1000568c       0xb4 CMakeFiles/USB_DEVICE_AND_KEYBOARD.dir/C_/Users/ASUS/.pico-sdk/sdk/2.2.0/src/rp2_common/hardware_pio/pio.c.obj
                0x1000568c                pio_sm_set_consecutive_pindirs
 .text.pio_sm_init
                0x10005740       0x9c CMakeFiles/USB_DEVICE_AND_KEYBOARD.dir/C_/Users/ASUS/.pico-sdk/sdk/2.2.0/src/rp2_common/hardware_pio/pio.c.obj
                0x10005740                pio_sm_init
 .text.dma_claim_mask
                0x100057dc       0x44 CMakeFiles/USB_DEVICE_AND_KEYBOARD.dir/C_/Users/ASUS/.pico-sdk/sdk/2.2.0/src/rp2_common/hardware_dma/dma.c.obj
                0x100057dc                dma_claim_mask
 .text.dcd_init
                0x10005820       0x90 CMakeFiles/USB_DEVICE_AND_KEYBOARD.dir/C_/Users/ASUS/.pico-sdk/sdk/2.2.0/lib/tinyusb/src/portable/raspberrypi/rp2040/dcd_rp2040.c.obj
                0x10005820                dcd_init
 .text.dcd_int_enable
                0x100058b0        0xc CMakeFiles/USB_DEVICE_AND_KEYBOARD.dir/C_/Users/ASUS/.pico-sdk/sdk/2.2.0/lib/tinyusb/src/portable/raspberrypi/rp2040/dcd_rp2040.c.obj
                0x100058b0                dcd_int_enable
 .text.dcd_set_address
                0x100058bc       0x14 CMakeFiles/USB_DEVICE_AND_KEYBOARD.dir/C_/Users/ASUS/.pico-sdk/sdk/2.2.0/lib/tinyusb/src/portable/raspberrypi/rp2040/dcd_rp2040.c.obj
                0x100058bc                dcd_set_address
 .text.dcd_sof_enable
                0x100058d0       0x1c CMakeFiles/USB_DEVICE_AND_KEYBOARD.dir/C_/Users/ASUS/.pico-sdk/sdk/2.2.0/lib/tinyusb/src/portable/raspberrypi/rp2040/dcd_rp2040.c.obj
                0x100058d0                dcd_sof_enable
 .text.dcd_edpt0_status_complete
                0x100058ec       0x1c CMakeFiles/USB_DEVICE_AND_KEYBOARD.dir/C_/Users/ASUS/.pico-sdk/sdk/2.2.0/lib/tinyusb/src/portable/raspberrypi/rp2040/dcd_rp2040.c.obj
                0x100058ec                dcd_edpt0_status_complete
 .text.dcd_edpt_open
                0x10005908      0x114 CMakeFiles/USB_DEVICE_AND_KEYBOARD.dir/C_/Users/ASUS/.pico-sdk/sdk/2.2.0/lib/tinyusb/src/portable/raspberrypi/rp2040/dcd_rp2040.c.obj
                0x10005908                dcd_edpt_open
 .text.dcd_edpt_close_all
                0x10005a1c        0x8 CMakeFiles/USB_DEVICE_AND_KEYBOARD.dir/C_/Users/ASUS/.pico-sdk/sdk/2.2.0/lib/tinyusb/src/portable/raspberrypi/rp2040/dcd_rp2040.c.obj
                0x10005a1c                dcd_edpt_close_all
 .text.dcd_edpt_xfer
                0x10005a24       0x24 CMakeFiles/USB_DEVICE_AND_KEYBOARD.dir/C_/Users/ASUS/.pico-sdk/sdk/2.2.0/lib/tinyusb/src/portable/raspberrypi/rp2040/dcd_rp2040.c.obj
                0x10005a24                dcd_edpt_xfer
 .text.dcd_edpt_stall
                0x10005a48       0x3c CMakeFiles/USB_DEVICE_AND_KEYBOARD.dir/C_/Users/ASUS/.pico-sdk/sdk/2.2.0/lib/tinyusb/src/portable/raspberrypi/rp2040/dcd_rp2040.c.obj
                0x10005a48                dcd_edpt_stall
 .text.dcd_edpt_clear_stall
                0x10005a84       0x30 CMakeFiles/USB_DEVICE_AND_KEYBOARD.dir/C_/Users/ASUS/.pico-sdk/sdk/2.2.0/lib/tinyusb/src/portable/raspberrypi/rp2040/dcd_rp2040.c.obj
                0x10005a84                dcd_edpt_clear_stall
 .text.rp2040_usb_init
                0x10005ab4       0x40 CMakeFiles/USB_DEVICE_AND_KEYBOARD.dir/C_/Users/ASUS/.pico-sdk/sdk/2.2.0/lib/tinyusb/src/portable/raspberrypi/rp2040/rp2040_usb.c.obj
                0x10005ab4                rp2040_usb_init
 .text.hw_endpoint_xfer_start
                0x10005af4       0x40 CMakeFiles/USB_DEVICE_AND_KEYBOARD.dir/C_/Users/ASUS/.pico-sdk/sdk/2.2.0/lib/tinyusb/src/portable/raspberrypi/rp2040/rp2040_usb.c.obj
                0x10005af4                hw_endpoint_xfer_start
 .text.tud_vendor_control_xfer_cb
                0x10005b34        0x4 CMakeFiles/USB_DEVICE_AND_KEYBOARD.dir/C_/Users/ASUS/.pico-sdk/sdk/2.2.0/lib/tinyusb/src/device/usbd.c.obj
                0x10005b34                tud_vendor_control_xfer_cb
 .text.tud_event_hook_cb
                0x10005b38        0x4 CMakeFiles/USB_DEVICE_AND_KEYBOARD.dir/C_/Users/ASUS/.pico-sdk/sdk/2.2.0/lib/tinyusb/src/device/usbd.c.obj
                0x10005b38                tud_event_hook_cb
 .text.tud_sof_cb
                0x10005b3c        0x4 CMakeFiles/USB_DEVICE_AND_KEYBOARD.dir/C_/Users/ASUS/.pico-sdk/sdk/2.2.0/lib/tinyusb/src/device/usbd.c.obj
                0x10005b3c                tud_sof_cb
 .text.tud_descriptor_bos_cb
                0x10005b40        0x4 CMakeFiles/USB_DEVICE_AND_KEYBOARD.dir/C_/Users/ASUS/.pico-sdk/sdk/2.2.0/lib/tinyusb/src/device/usbd.c.obj
                0x10005b40                tud_descriptor_bos_cb
 .text.tud_descriptor_device_qualifier_cb
                0x10005b44        0x4 CMakeFiles/USB_DEVICE_AND_KEYBOARD.dir/C_/Users/ASUS/.pico-sdk/sdk/2.2.0/lib/tinyusb/src/device/usbd.c.obj
                0x10005b44                tud_descriptor_device_qualifier_cb
 .text.tud_descriptor_other_speed_configuration_cb
                0x10005b48        0x4 CMakeFiles/USB_DEVICE_AND_KEYBOARD.dir/C_/Users/ASUS/.pico-sdk/sdk/2.2.0/lib/tinyusb/src/device/usbd.c.obj
                0x10005b48                tud_descriptor_other_speed_configuration_cb
 .text.tud_mount_cb
                0x10005b4c        0x4 CMakeFiles/USB_DEVICE_AND_KEYBOARD.dir/C_/Users/ASUS/.pico-sdk/sdk/2.2.0/lib/tinyusb/src/device/usbd.c.obj
                0x10005b4c                tud_mount_cb
 .text.tud_umount_cb
                0x10005b50        0x4 CMakeFiles/USB_DEVICE_AND_KEYBOARD.dir/C_/Users/ASUS/.pico-sdk/sdk/2.2.0/lib/tinyusb/src/device/usbd.c.obj
                0x10005b50                tud_umount_cb
 .text.tud_suspend_cb
                0x10005b54        0x4 CMakeFiles/USB_DEVICE_AND_KEYBOARD.dir/C_/Users/ASUS/.pico-sdk/sdk/2.2.0/lib/tinyusb/src/device/usbd.c.obj
                0x10005b54                tud_suspend_cb
 .text.tud_resume_cb
                0x10005b58        0x4 CMakeFiles/USB_DEVICE_AND_KEYBOARD.dir/C_/Users/ASUS/.pico-sdk/sdk/2.2.0/lib/tinyusb/src/device/usbd.c.obj
                0x10005b58                tud_resume_cb
 .text.tud_mounted
                0x10005b5c       0x10 CMakeFiles/USB_DEVICE_AND_KEYBOARD.dir/C_/Users/ASUS/.pico-sdk/sdk/2.2.0/lib/tinyusb/src/device/usbd.c.obj
                0x10005b5c                tud_mounted
 .text.tud_suspended
                0x10005b6c       0x10 CMakeFiles/USB_DEVICE_AND_KEYBOARD.dir/C_/Users/ASUS/.pico-sdk/sdk/2.2.0/lib/tinyusb/src/device/usbd.c.obj
                0x10005b6c                tud_suspended
 .text.tud_rhport_init
                0x10005b7c       0xf4 CMakeFiles/USB_DEVICE_AND_KEYBOARD.dir/C_/Users/ASUS/.pico-sdk/sdk/2.2.0/lib/tinyusb/src/device/usbd.c.obj
                0x10005b7c                tud_rhport_init
 .text.tud_task_ext
                0x10005c70      0x800 CMakeFiles/USB_DEVICE_AND_KEYBOARD.dir/C_/Users/ASUS/.pico-sdk/sdk/2.2.0/lib/tinyusb/src/device/usbd.c.obj
                0x10005c70                tud_task_ext
 .text.usbd_open_edpt_pair
                0x10006470       0x9c CMakeFiles/USB_DEVICE_AND_KEYBOARD.dir/C_/Users/ASUS/.pico-sdk/sdk/2.2.0/lib/tinyusb/src/device/usbd.c.obj
                0x10006470                usbd_open_edpt_pair
 .text.usbd_edpt_open
                0x1000650c       0x34 CMakeFiles/USB_DEVICE_AND_KEYBOARD.dir/C_/Users/ASUS/.pico-sdk/sdk/2.2.0/lib/tinyusb/src/device/usbd.c.obj
                0x1000650c                usbd_edpt_open
 .text.usbd_edpt_claim
                0x10006540       0x28 CMakeFiles/USB_DEVICE_AND_KEYBOARD.dir/C_/Users/ASUS/.pico-sdk/sdk/2.2.0/lib/tinyusb/src/device/usbd.c.obj
                0x10006540                usbd_edpt_claim
 .text.usbd_edpt_release
                0x10006568       0x28 CMakeFiles/USB_DEVICE_AND_KEYBOARD.dir/C_/Users/ASUS/.pico-sdk/sdk/2.2.0/lib/tinyusb/src/device/usbd.c.obj
                0x10006568                usbd_edpt_release
 .text.usbd_edpt_xfer
                0x10006590       0x4c CMakeFiles/USB_DEVICE_AND_KEYBOARD.dir/C_/Users/ASUS/.pico-sdk/sdk/2.2.0/lib/tinyusb/src/device/usbd.c.obj
                0x10006590                usbd_edpt_xfer
 .text.tud_control_status
                0x100065dc       0x2c CMakeFiles/USB_DEVICE_AND_KEYBOARD.dir/C_/Users/ASUS/.pico-sdk/sdk/2.2.0/lib/tinyusb/src/device/usbd_control.c.obj
                0x100065dc                tud_control_status
 .text.tud_control_xfer
                0x10006608       0xa8 CMakeFiles/USB_DEVICE_AND_KEYBOARD.dir/C_/Users/ASUS/.pico-sdk/sdk/2.2.0/lib/tinyusb/src/device/usbd_control.c.obj
                0x10006608                tud_control_xfer
 .text.usbd_control_reset
                0x100066b0       0x14 CMakeFiles/USB_DEVICE_AND_KEYBOARD.dir/C_/Users/ASUS/.pico-sdk/sdk/2.2.0/lib/tinyusb/src/device/usbd_control.c.obj
                0x100066b0                usbd_control_reset
 .text.usbd_control_set_complete_callback
                0x100066c4        0xc CMakeFiles/USB_DEVICE_AND_KEYBOARD.dir/C_/Users/ASUS/.pico-sdk/sdk/2.2.0/lib/tinyusb/src/device/usbd_control.c.obj
                0x100066c4                usbd_control_set_complete_callback
 .text.usbd_control_set_request
                0x100066d0       0x1c CMakeFiles/USB_DEVICE_AND_KEYBOARD.dir/C_/Users/ASUS/.pico-sdk/sdk/2.2.0/lib/tinyusb/src/device/usbd_control.c.obj
                0x100066d0                usbd_control_set_request
 .text.usbd_control_xfer_cb
                0x100066ec       0xec CMakeFiles/USB_DEVICE_AND_KEYBOARD.dir/C_/Users/ASUS/.pico-sdk/sdk/2.2.0/lib/tinyusb/src/device/usbd_control.c.obj
                0x100066ec                usbd_control_xfer_cb
 .text._prep_out_transaction.isra.0
                0x100067d8       0x70 CMakeFiles/USB_DEVICE_AND_KEYBOARD.dir/C_/Users/ASUS/.pico-sdk/sdk/2.2.0/lib/tinyusb/src/class/cdc/cdc_device.c.obj
 .text.tud_cdc_n_read
                0x10006848       0x9c CMakeFiles/USB_DEVICE_AND_KEYBOARD.dir/C_/Users/ASUS/.pico-sdk/sdk/2.2.0/lib/tinyusb/src/class/cdc/cdc_device.c.obj
                0x10006848                tud_cdc_n_read
 .text.tud_cdc_n_write_flush
                0x100068e4       0x7c CMakeFiles/USB_DEVICE_AND_KEYBOARD.dir/C_/Users/ASUS/.pico-sdk/sdk/2.2.0/lib/tinyusb/src/class/cdc/cdc_device.c.obj
                0x100068e4                tud_cdc_n_write_flush
 .text.tud_cdc_n_write
                0x10006960       0x44 CMakeFiles/USB_DEVICE_AND_KEYBOARD.dir/C_/Users/ASUS/.pico-sdk/sdk/2.2.0/lib/tinyusb/src/class/cdc/cdc_device.c.obj
                0x10006960                tud_cdc_n_write
 .text.cdcd_init
                0x100069a4       0x7c CMakeFiles/USB_DEVICE_AND_KEYBOARD.dir/C_/Users/ASUS/.pico-sdk/sdk/2.2.0/lib/tinyusb/src/class/cdc/cdc_device.c.obj
                0x100069a4                cdcd_init
 .text.cdcd_deinit
                0x10006a20       0x30 CMakeFiles/USB_DEVICE_AND_KEYBOARD.dir/C_/Users/ASUS/.pico-sdk/sdk/2.2.0/lib/tinyusb/src/class/cdc/cdc_device.c.obj
                0x10006a20                cdcd_deinit
 .text.cdcd_reset
                0x10006a50       0x4c CMakeFiles/USB_DEVICE_AND_KEYBOARD.dir/C_/Users/ASUS/.pico-sdk/sdk/2.2.0/lib/tinyusb/src/class/cdc/cdc_device.c.obj
                0x10006a50                cdcd_reset
 .text.cdcd_open
                0x10006a9c       0xa4 CMakeFiles/USB_DEVICE_AND_KEYBOARD.dir/C_/Users/ASUS/.pico-sdk/sdk/2.2.0/lib/tinyusb/src/class/cdc/cdc_device.c.obj
                0x10006a9c                cdcd_open
 .text.cdcd_control_xfer_cb
                0x10006b40       0xe8 CMakeFiles/USB_DEVICE_AND_KEYBOARD.dir/C_/Users/ASUS/.pico-sdk/sdk/2.2.0/lib/tinyusb/src/class/cdc/cdc_device.c.obj
                0x10006b40                cdcd_control_xfer_cb
 .text.cdcd_xfer_cb
                0x10006c28      0x100 CMakeFiles/USB_DEVICE_AND_KEYBOARD.dir/C_/Users/ASUS/.pico-sdk/sdk/2.2.0/lib/tinyusb/src/class/cdc/cdc_device.c.obj
                0x10006c28                cdcd_xfer_cb
 .text.tud_hid_set_protocol_cb
                0x10006d28        0x4 CMakeFiles/USB_DEVICE_AND_KEYBOARD.dir/C_/Users/ASUS/.pico-sdk/sdk/2.2.0/lib/tinyusb/src/class/hid/hid_device.c.obj
                0x10006d28                tud_hid_set_protocol_cb
 .text.tud_hid_set_idle_cb
                0x10006d2c        0x4 CMakeFiles/USB_DEVICE_AND_KEYBOARD.dir/C_/Users/ASUS/.pico-sdk/sdk/2.2.0/lib/tinyusb/src/class/hid/hid_device.c.obj
                0x10006d2c                tud_hid_set_idle_cb
 .text.tud_hid_report_failed_cb
                0x10006d30        0x4 CMakeFiles/USB_DEVICE_AND_KEYBOARD.dir/C_/Users/ASUS/.pico-sdk/sdk/2.2.0/lib/tinyusb/src/class/hid/hid_device.c.obj
                0x10006d30                tud_hid_report_failed_cb
 .text.tud_hid_n_keyboard_report
                0x10006d34       0x84 CMakeFiles/USB_DEVICE_AND_KEYBOARD.dir/C_/Users/ASUS/.pico-sdk/sdk/2.2.0/lib/tinyusb/src/class/hid/hid_device.c.obj
                0x10006d34                tud_hid_n_keyboard_report
 .text.tud_hid_n_mouse_report
                0x10006db8       0x8c CMakeFiles/USB_DEVICE_AND_KEYBOARD.dir/C_/Users/ASUS/.pico-sdk/sdk/2.2.0/lib/tinyusb/src/class/hid/hid_device.c.obj
                0x10006db8                tud_hid_n_mouse_report
 .text.hidd_init
                0x10006e44       0x14 CMakeFiles/USB_DEVICE_AND_KEYBOARD.dir/C_/Users/ASUS/.pico-sdk/sdk/2.2.0/lib/tinyusb/src/class/hid/hid_device.c.obj
                0x10006e44                hidd_init
 .text.hidd_deinit
                0x10006e58        0x4 CMakeFiles/USB_DEVICE_AND_KEYBOARD.dir/C_/Users/ASUS/.pico-sdk/sdk/2.2.0/lib/tinyusb/src/class/hid/hid_device.c.obj
                0x10006e58                hidd_deinit
 .text.hidd_reset
                0x10006e5c       0x14 CMakeFiles/USB_DEVICE_AND_KEYBOARD.dir/C_/Users/ASUS/.pico-sdk/sdk/2.2.0/lib/tinyusb/src/class/hid/hid_device.c.obj
                0x10006e5c                hidd_reset
 .text.hidd_open
                0x10006e70       0x8c CMakeFiles/USB_DEVICE_AND_KEYBOARD.dir/C_/Users/ASUS/.pico-sdk/sdk/2.2.0/lib/tinyusb/src/class/hid/hid_device.c.obj
                0x10006e70                hidd_open
 .text.hidd_control_xfer_cb
                0x10006efc      0x198 CMakeFiles/USB_DEVICE_AND_KEYBOARD.dir/C_/Users/ASUS/.pico-sdk/sdk/2.2.0/lib/tinyusb/src/class/hid/hid_device.c.obj
                0x10006efc                hidd_control_xfer_cb
 .text.hidd_xfer_cb
                0x10007094       0x7c CMakeFiles/USB_DEVICE_AND_KEYBOARD.dir/C_/Users/ASUS/.pico-sdk/sdk/2.2.0/lib/tinyusb/src/class/hid/hid_device.c.obj
                0x10007094                hidd_xfer_cb
 .text.tusb_time_delay_ms_api
                0x10007110        0x8 CMakeFiles/USB_DEVICE_AND_KEYBOARD.dir/C_/Users/ASUS/.pico-sdk/sdk/2.2.0/lib/tinyusb/src/tusb.c.obj
                0x10007110                tusb_time_delay_ms_api
 .text.tu_edpt_claim
                0x10007118       0x50 CMakeFiles/USB_DEVICE_AND_KEYBOARD.dir/C_/Users/ASUS/.pico-sdk/sdk/2.2.0/lib/tinyusb/src/tusb.c.obj
                0x10007118                tu_edpt_claim
 .text.tu_edpt_release
                0x10007168       0x38 CMakeFiles/USB_DEVICE_AND_KEYBOARD.dir/C_/Users/ASUS/.pico-sdk/sdk/2.2.0/lib/tinyusb/src/tusb.c.obj
                0x10007168                tu_edpt_release
 .text.tu_edpt_validate
                0x100071a0       0x7c CMakeFiles/USB_DEVICE_AND_KEYBOARD.dir/C_/Users/ASUS/.pico-sdk/sdk/2.2.0/lib/tinyusb/src/tusb.c.obj
                0x100071a0                tu_edpt_validate
 .text.tu_edpt_bind_driver
                0x1000721c       0x34 CMakeFiles/USB_DEVICE_AND_KEYBOARD.dir/C_/Users/ASUS/.pico-sdk/sdk/2.2.0/lib/tinyusb/src/tusb.c.obj
                0x1000721c                tu_edpt_bind_driver
 .text.tu_desc_get_interface_total_len
                0x10007250       0x50 CMakeFiles/USB_DEVICE_AND_KEYBOARD.dir/C_/Users/ASUS/.pico-sdk/sdk/2.2.0/lib/tinyusb/src/tusb.c.obj
                0x10007250                tu_desc_get_interface_total_len
 .text.tu_fifo_config
                0x100072a0       0x6c CMakeFiles/USB_DEVICE_AND_KEYBOARD.dir/C_/Users/ASUS/.pico-sdk/sdk/2.2.0/lib/tinyusb/src/common/tusb_fifo.c.obj
                0x100072a0                tu_fifo_config
 .text.tu_fifo_count
                0x1000730c       0x2c CMakeFiles/USB_DEVICE_AND_KEYBOARD.dir/C_/Users/ASUS/.pico-sdk/sdk/2.2.0/lib/tinyusb/src/common/tusb_fifo.c.obj
                0x1000730c                tu_fifo_count
 .text.tu_fifo_empty
                0x10007338       0x10 CMakeFiles/USB_DEVICE_AND_KEYBOARD.dir/C_/Users/ASUS/.pico-sdk/sdk/2.2.0/lib/tinyusb/src/common/tusb_fifo.c.obj
                0x10007338                tu_fifo_empty
 .text.tu_fifo_remaining
                0x10007348       0x2c CMakeFiles/USB_DEVICE_AND_KEYBOARD.dir/C_/Users/ASUS/.pico-sdk/sdk/2.2.0/lib/tinyusb/src/common/tusb_fifo.c.obj
                0x10007348                tu_fifo_remaining
 .text.tu_fifo_read
                0x10007374       0x9c CMakeFiles/USB_DEVICE_AND_KEYBOARD.dir/C_/Users/ASUS/.pico-sdk/sdk/2.2.0/lib/tinyusb/src/common/tusb_fifo.c.obj
                0x10007374                tu_fifo_read
 .text.tu_fifo_read_n
                0x10007410       0xe8 CMakeFiles/USB_DEVICE_AND_KEYBOARD.dir/C_/Users/ASUS/.pico-sdk/sdk/2.2.0/lib/tinyusb/src/common/tusb_fifo.c.obj
                0x10007410                tu_fifo_read_n
 .text.tu_fifo_write
                0x100074f8       0xa4 CMakeFiles/USB_DEVICE_AND_KEYBOARD.dir/C_/Users/ASUS/.pico-sdk/sdk/2.2.0/lib/tinyusb/src/common/tusb_fifo.c.obj
                0x100074f8                tu_fifo_write
 .text.tu_fifo_write_n
                0x1000759c      0x178 CMakeFiles/USB_DEVICE_AND_KEYBOARD.dir/C_/Users/ASUS/.pico-sdk/sdk/2.2.0/lib/tinyusb/src/common/tusb_fifo.c.obj
                0x1000759c                tu_fifo_write_n
 .text.tu_fifo_clear
                0x10007714       0x40 CMakeFiles/USB_DEVICE_AND_KEYBOARD.dir/C_/Users/ASUS/.pico-sdk/sdk/2.2.0/lib/tinyusb/src/common/tusb_fifo.c.obj
                0x10007714                tu_fifo_clear
 .text.tu_fifo_set_overwritable
                0x10007754       0x48 CMakeFiles/USB_DEVICE_AND_KEYBOARD.dir/C_/Users/ASUS/.pico-sdk/sdk/2.2.0/lib/tinyusb/src/common/tusb_fifo.c.obj
                0x10007754                tu_fifo_set_overwritable
 .text._control_blocking_complete_cb
                0x1000779c        0x8 CMakeFiles/USB_DEVICE_AND_KEYBOARD.dir/C_/Users/ASUS/.pico-sdk/sdk/2.2.0/lib/tinyusb/src/host/usbh.c.obj
 .text.process_removing_device
                0x100077a4      0x160 CMakeFiles/USB_DEVICE_AND_KEYBOARD.dir/C_/Users/ASUS/.pico-sdk/sdk/2.2.0/lib/tinyusb/src/host/usbh.c.obj
 .text.usbh_control_xfer_cb.isra.0
                0x10007904      0x23c CMakeFiles/USB_DEVICE_AND_KEYBOARD.dir/C_/Users/ASUS/.pico-sdk/sdk/2.2.0/lib/tinyusb/src/host/usbh.c.obj
 .text.tuh_event_hook_cb
                0x10007b40        0x4 CMakeFiles/USB_DEVICE_AND_KEYBOARD.dir/C_/Users/ASUS/.pico-sdk/sdk/2.2.0/lib/tinyusb/src/host/usbh.c.obj
                0x10007b40                tuh_event_hook_cb
 .text.tuh_vid_pid_get
                0x10007b44       0x38 CMakeFiles/USB_DEVICE_AND_KEYBOARD.dir/C_/Users/ASUS/.pico-sdk/sdk/2.2.0/lib/tinyusb/src/host/usbh.c.obj
                0x10007b44                tuh_vid_pid_get
 .text.tuh_configure
                0x10007b7c        0x8 CMakeFiles/USB_DEVICE_AND_KEYBOARD.dir/C_/Users/ASUS/.pico-sdk/sdk/2.2.0/lib/tinyusb/src/host/usbh.c.obj
                0x10007b7c                tuh_configure
 .text.tuh_rhport_init
                0x10007b84      0x13c CMakeFiles/USB_DEVICE_AND_KEYBOARD.dir/C_/Users/ASUS/.pico-sdk/sdk/2.2.0/lib/tinyusb/src/host/usbh.c.obj
                0x10007b84                tuh_rhport_init
 .text.tuh_control_xfer
                0x10007cc0      0x148 CMakeFiles/USB_DEVICE_AND_KEYBOARD.dir/C_/Users/ASUS/.pico-sdk/sdk/2.2.0/lib/tinyusb/src/host/usbh.c.obj
                0x10007cc0                tuh_control_xfer
 .text.enum_new_device.isra.0
                0x10007e08       0xe4 CMakeFiles/USB_DEVICE_AND_KEYBOARD.dir/C_/Users/ASUS/.pico-sdk/sdk/2.2.0/lib/tinyusb/src/host/usbh.c.obj
 .text.tuh_task_ext.part.0
                0x10007eec      0x228 CMakeFiles/USB_DEVICE_AND_KEYBOARD.dir/C_/Users/ASUS/.pico-sdk/sdk/2.2.0/lib/tinyusb/src/host/usbh.c.obj
 .text.tuh_task_ext
                0x10008114       0x18 CMakeFiles/USB_DEVICE_AND_KEYBOARD.dir/C_/Users/ASUS/.pico-sdk/sdk/2.2.0/lib/tinyusb/src/host/usbh.c.obj
                0x10008114                tuh_task_ext
 .text.process_enumeration
                0x1000812c      0x634 CMakeFiles/USB_DEVICE_AND_KEYBOARD.dir/C_/Users/ASUS/.pico-sdk/sdk/2.2.0/lib/tinyusb/src/host/usbh.c.obj
 .text.usbh_get_rhport
                0x10008760       0x20 CMakeFiles/USB_DEVICE_AND_KEYBOARD.dir/C_/Users/ASUS/.pico-sdk/sdk/2.2.0/lib/tinyusb/src/host/usbh.c.obj
                0x10008760                usbh_get_rhport
 .text.usbh_get_enum_buf
                0x10008780        0x8 CMakeFiles/USB_DEVICE_AND_KEYBOARD.dir/C_/Users/ASUS/.pico-sdk/sdk/2.2.0/lib/tinyusb/src/host/usbh.c.obj
                0x10008780                usbh_get_enum_buf
 .text.usbh_edpt_claim
                0x10008788       0x48 CMakeFiles/USB_DEVICE_AND_KEYBOARD.dir/C_/Users/ASUS/.pico-sdk/sdk/2.2.0/lib/tinyusb/src/host/usbh.c.obj
                0x10008788                usbh_edpt_claim
 .text.usbh_edpt_release
                0x100087d0       0x48 CMakeFiles/USB_DEVICE_AND_KEYBOARD.dir/C_/Users/ASUS/.pico-sdk/sdk/2.2.0/lib/tinyusb/src/host/usbh.c.obj
                0x100087d0                usbh_edpt_release
 .text.usbh_edpt_xfer_with_callback
                0x10008818       0x70 CMakeFiles/USB_DEVICE_AND_KEYBOARD.dir/C_/Users/ASUS/.pico-sdk/sdk/2.2.0/lib/tinyusb/src/host/usbh.c.obj
                0x10008818                usbh_edpt_xfer_with_callback
 .text.tuh_edpt_open
                0x10008888       0x50 CMakeFiles/USB_DEVICE_AND_KEYBOARD.dir/C_/Users/ASUS/.pico-sdk/sdk/2.2.0/lib/tinyusb/src/host/usbh.c.obj
                0x10008888                tuh_edpt_open
 .text.hcd_devtree_get_info
                0x100088d8       0x40 CMakeFiles/USB_DEVICE_AND_KEYBOARD.dir/C_/Users/ASUS/.pico-sdk/sdk/2.2.0/lib/tinyusb/src/host/usbh.c.obj
                0x100088d8                hcd_devtree_get_info
 .text.tuh_descriptor_get_hid_report
                0x10008918      0x160 CMakeFiles/USB_DEVICE_AND_KEYBOARD.dir/C_/Users/ASUS/.pico-sdk/sdk/2.2.0/lib/tinyusb/src/host/usbh.c.obj
                0x10008918                tuh_descriptor_get_hid_report
 .text.usbh_driver_set_config_complete
                0x10008a78      0x19c CMakeFiles/USB_DEVICE_AND_KEYBOARD.dir/C_/Users/ASUS/.pico-sdk/sdk/2.2.0/lib/tinyusb/src/host/usbh.c.obj
                0x10008a78                usbh_driver_set_config_complete
 .text.connection_port_reset_complete
                0x10008c14       0x34 CMakeFiles/USB_DEVICE_AND_KEYBOARD.dir/C_/Users/ASUS/.pico-sdk/sdk/2.2.0/lib/tinyusb/src/host/hub.c.obj
 .text.hub_clear_feature_complete_stub
                0x10008c48       0x2c CMakeFiles/USB_DEVICE_AND_KEYBOARD.dir/C_/Users/ASUS/.pico-sdk/sdk/2.2.0/lib/tinyusb/src/host/hub.c.obj
 .text.config_set_port_power
                0x10008c74       0x54 CMakeFiles/USB_DEVICE_AND_KEYBOARD.dir/C_/Users/ASUS/.pico-sdk/sdk/2.2.0/lib/tinyusb/src/host/hub.c.obj
 .text.config_port_power_complete
                0x10008cc8       0x8c CMakeFiles/USB_DEVICE_AND_KEYBOARD.dir/C_/Users/ASUS/.pico-sdk/sdk/2.2.0/lib/tinyusb/src/host/hub.c.obj
 .text.connection_clear_conn_change_complete
                0x10008d54       0x90 CMakeFiles/USB_DEVICE_AND_KEYBOARD.dir/C_/Users/ASUS/.pico-sdk/sdk/2.2.0/lib/tinyusb/src/host/hub.c.obj
 .text.hub_get_status_complete
                0x10008de4       0x8c CMakeFiles/USB_DEVICE_AND_KEYBOARD.dir/C_/Users/ASUS/.pico-sdk/sdk/2.2.0/lib/tinyusb/src/host/hub.c.obj
 .text.hub_port_get_status_complete
                0x10008e70      0x168 CMakeFiles/USB_DEVICE_AND_KEYBOARD.dir/C_/Users/ASUS/.pico-sdk/sdk/2.2.0/lib/tinyusb/src/host/hub.c.obj
 .text.hub_port_clear_feature
                0x10008fd8       0x48 CMakeFiles/USB_DEVICE_AND_KEYBOARD.dir/C_/Users/ASUS/.pico-sdk/sdk/2.2.0/lib/tinyusb/src/host/hub.c.obj
                0x10008fd8                hub_port_clear_feature
 .text.hub_port_get_status
                0x10009020       0x54 CMakeFiles/USB_DEVICE_AND_KEYBOARD.dir/C_/Users/ASUS/.pico-sdk/sdk/2.2.0/lib/tinyusb/src/host/hub.c.obj
                0x10009020                hub_port_get_status
 .text.hub_init
                0x10009074       0x14 CMakeFiles/USB_DEVICE_AND_KEYBOARD.dir/C_/Users/ASUS/.pico-sdk/sdk/2.2.0/lib/tinyusb/src/host/hub.c.obj
                0x10009074                hub_init
 .text.hub_deinit
                0x10009088        0x4 CMakeFiles/USB_DEVICE_AND_KEYBOARD.dir/C_/Users/ASUS/.pico-sdk/sdk/2.2.0/lib/tinyusb/src/host/hub.c.obj
                0x10009088                hub_deinit
 .text.hub_open
                0x1000908c       0x54 CMakeFiles/USB_DEVICE_AND_KEYBOARD.dir/C_/Users/ASUS/.pico-sdk/sdk/2.2.0/lib/tinyusb/src/host/hub.c.obj
                0x1000908c                hub_open
 .text.hub_close
                0x100090e0       0x24 CMakeFiles/USB_DEVICE_AND_KEYBOARD.dir/C_/Users/ASUS/.pico-sdk/sdk/2.2.0/lib/tinyusb/src/host/hub.c.obj
                0x100090e0                hub_close
 .text.hub_edpt_status_xfer
                0x10009104       0x28 CMakeFiles/USB_DEVICE_AND_KEYBOARD.dir/C_/Users/ASUS/.pico-sdk/sdk/2.2.0/lib/tinyusb/src/host/hub.c.obj
                0x10009104                hub_edpt_status_xfer
 .text.hub_set_config
                0x1000912c       0x54 CMakeFiles/USB_DEVICE_AND_KEYBOARD.dir/C_/Users/ASUS/.pico-sdk/sdk/2.2.0/lib/tinyusb/src/host/hub.c.obj
                0x1000912c                hub_set_config
 .text.hub_xfer_cb
                0x10009180      0x118 CMakeFiles/USB_DEVICE_AND_KEYBOARD.dir/C_/Users/ASUS/.pico-sdk/sdk/2.2.0/lib/tinyusb/src/host/hub.c.obj
                0x10009180                hub_xfer_cb
 .text.process_set_config
                0x10009298      0x23c CMakeFiles/USB_DEVICE_AND_KEYBOARD.dir/C_/Users/ASUS/.pico-sdk/sdk/2.2.0/lib/tinyusb/src/class/hid/hid_host.c.obj
 .text.tuh_hid_interface_protocol
                0x100094d4       0x2c CMakeFiles/USB_DEVICE_AND_KEYBOARD.dir/C_/Users/ASUS/.pico-sdk/sdk/2.2.0/lib/tinyusb/src/class/hid/hid_host.c.obj
                0x100094d4                tuh_hid_interface_protocol
 .text.tuh_hid_receive_report
                0x10009500       0x5c CMakeFiles/USB_DEVICE_AND_KEYBOARD.dir/C_/Users/ASUS/.pico-sdk/sdk/2.2.0/lib/tinyusb/src/class/hid/hid_host.c.obj
                0x10009500                tuh_hid_receive_report
 .text.hidh_init
                0x1000955c       0x14 CMakeFiles/USB_DEVICE_AND_KEYBOARD.dir/C_/Users/ASUS/.pico-sdk/sdk/2.2.0/lib/tinyusb/src/class/hid/hid_host.c.obj
                0x1000955c                hidh_init
 .text.hidh_deinit
                0x10009570        0x4 CMakeFiles/USB_DEVICE_AND_KEYBOARD.dir/C_/Users/ASUS/.pico-sdk/sdk/2.2.0/lib/tinyusb/src/class/hid/hid_host.c.obj
                0x10009570                hidh_deinit
 .text.hidh_xfer_cb
                0x10009574      0x130 CMakeFiles/USB_DEVICE_AND_KEYBOARD.dir/C_/Users/ASUS/.pico-sdk/sdk/2.2.0/lib/tinyusb/src/class/hid/hid_host.c.obj
                0x10009574                hidh_xfer_cb
 .text.hidh_close
                0x100096a4      0x160 CMakeFiles/USB_DEVICE_AND_KEYBOARD.dir/C_/Users/ASUS/.pico-sdk/sdk/2.2.0/lib/tinyusb/src/class/hid/hid_host.c.obj
                0x100096a4                hidh_close
 .text.hidh_open
                0x10009804      0x15c CMakeFiles/USB_DEVICE_AND_KEYBOARD.dir/C_/Users/ASUS/.pico-sdk/sdk/2.2.0/lib/tinyusb/src/class/hid/hid_host.c.obj
                0x10009804                hidh_open
 .text.hidh_set_config
                0x10009960       0xec CMakeFiles/USB_DEVICE_AND_KEYBOARD.dir/C_/Users/ASUS/.pico-sdk/sdk/2.2.0/lib/tinyusb/src/class/hid/hid_host.c.obj
                0x10009960                hidh_set_config
 .text.calloc   0x10009a4c       0x18 C:/Users/ASUS/.pico-sdk/toolchain/14_2_Rel1/bin/../lib/gcc/arm-none-eabi/14.2.1/thumb/v6-m/nofp\libg.a(libc_a-calloc.o)
                0x10009a4c                calloc
 .text._calloc_r
                0x10009a64       0xa8 C:/Users/ASUS/.pico-sdk/toolchain/14_2_Rel1/bin/../lib/gcc/arm-none-eabi/14.2.1/thumb/v6-m/nofp\libg.a(libc_a-callocr.o)
                0x10009a64                _calloc_r
 .text.malloc   0x10009b0c       0x14 C:/Users/ASUS/.pico-sdk/toolchain/14_2_Rel1/bin/../lib/gcc/arm-none-eabi/14.2.1/thumb/v6-m/nofp\libg.a(libc_a-malloc.o)
                0x10009b0c                malloc
 .text._malloc_r
                0x10009b20      0x5cc C:/Users/ASUS/.pico-sdk/toolchain/14_2_Rel1/bin/../lib/gcc/arm-none-eabi/14.2.1/thumb/v6-m/nofp\libg.a(libc_a-mallocr.o)
                0x10009b20                _malloc_r
 .text.__malloc_lock
                0x1000a0ec       0x10 C:/Users/ASUS/.pico-sdk/toolchain/14_2_Rel1/bin/../lib/gcc/arm-none-eabi/14.2.1/thumb/v6-m/nofp\libg.a(libc_a-mlock.o)
                0x1000a0ec                __malloc_lock
 .text.__malloc_unlock
                0x1000a0fc       0x10 C:/Users/ASUS/.pico-sdk/toolchain/14_2_Rel1/bin/../lib/gcc/arm-none-eabi/14.2.1/thumb/v6-m/nofp\libg.a(libc_a-mlock.o)
                0x1000a0fc                __malloc_unlock
 .text._sbrk_r  0x1000a10c       0x24 C:/Users/ASUS/.pico-sdk/toolchain/14_2_Rel1/bin/../lib/gcc/arm-none-eabi/14.2.1/thumb/v6-m/nofp\libg.a(libc_a-sbrkr.o)
                0x1000a10c                _sbrk_r
 .text.__errno  0x1000a130        0xc C:/Users/ASUS/.pico-sdk/toolchain/14_2_Rel1/bin/../lib/gcc/arm-none-eabi/14.2.1/thumb/v6-m/nofp\libg.a(libc_a-errno.o)
                0x1000a130                __errno
 .text.__retarget_lock_acquire_recursive
                0x1000a13c        0x4 C:/Users/ASUS/.pico-sdk/toolchain/14_2_Rel1/bin/../lib/gcc/arm-none-eabi/14.2.1/thumb/v6-m/nofp\libg.a(libc_a-lock.o)
                0x1000a13c                __retarget_lock_acquire_recursive
 .text.__retarget_lock_release_recursive
                0x1000a140        0x4 C:/Users/ASUS/.pico-sdk/toolchain/14_2_Rel1/bin/../lib/gcc/arm-none-eabi/14.2.1/thumb/v6-m/nofp\libg.a(libc_a-lock.o)
                0x1000a140                __retarget_lock_release_recursive
 .text.sysconf  0x1000a144       0x1c C:/Users/ASUS/.pico-sdk/toolchain/14_2_Rel1/bin/../lib/gcc/arm-none-eabi/14.2.1/thumb/v6-m/nofp\libg.a(libc_a-sysconf.o)
                0x1000a144                sysconf
 .text.strlen   0x1000a160       0x5c C:/Users/ASUS/.pico-sdk/toolchain/14_2_Rel1/bin/../lib/gcc/arm-none-eabi/14.2.1/thumb/v6-m/nofp\libg.a(libc_a-strlen-stub.o)
                0x1000a160                strlen
 .text._malloc_trim_r
                0x1000a1bc       0xb4 C:/Users/ASUS/.pico-sdk/toolchain/14_2_Rel1/bin/../lib/gcc/arm-none-eabi/14.2.1/thumb/v6-m/nofp\libg.a(libc_a-freer.o)
                0x1000a1bc                _malloc_trim_r
 .text._free_r  0x1000a270      0x1f0 C:/Users/ASUS/.pico-sdk/toolchain/14_2_Rel1/bin/../lib/gcc/arm-none-eabi/14.2.1/thumb/v6-m/nofp\libg.a(libc_a-freer.o)
                0x1000a270                _free_r
 *(.fini)
 .fini          0x1000a460        0x4 C:/Users/ASUS/.pico-sdk/toolchain/14_2_Rel1/bin/../lib/gcc/arm-none-eabi/14.2.1/thumb/v6-m/nofp/crti.o
                0x1000a460                _fini
 *fill*         0x1000a464        0x4 
 .fini.__stub   0x1000a468      0x110 linker stubs
 *crtbegin.o(.ctors)
 *crtbegin?.o(.ctors)
 *(EXCLUDE_FILE(*crtend.o *crtend?.o) .ctors)
 *(SORT_BY_NAME(.ctors.*))
 *(.ctors)
 *crtbegin.o(.dtors)
 *crtbegin?.o(.dtors)
 *(EXCLUDE_FILE(*crtend.o *crtend?.o) .dtors)
 *(SORT_BY_NAME(.dtors.*))
 *(.dtors)
                0x1000a578                        . = ALIGN (0x4)
                0x1000a578                        PROVIDE (__preinit_array_start = .)
 *(SORT_BY_NAME(.preinit_array.*))
 .preinit_array.00100
                0x1000a578        0x4 CMakeFiles/USB_DEVICE_AND_KEYBOARD.dir/C_/Users/ASUS/.pico-sdk/sdk/2.2.0/src/rp2_common/pico_runtime_init/runtime_init.c.obj
                0x1000a578                __pre_init_runtime_init_early_resets
 .preinit_array.00101
                0x1000a57c        0x4 CMakeFiles/USB_DEVICE_AND_KEYBOARD.dir/C_/Users/ASUS/.pico-sdk/sdk/2.2.0/src/rp2_common/pico_runtime_init/runtime_init.c.obj
                0x1000a57c                __pre_init_runtime_init_usb_power_down
 .preinit_array.00275
                0x1000a580        0x4 CMakeFiles/USB_DEVICE_AND_KEYBOARD.dir/C_/Users/ASUS/.pico-sdk/sdk/2.2.0/src/rp2_common/pico_bit_ops/bit_ops_aeabi.S.obj
 .preinit_array.00300
                0x1000a584        0x4 CMakeFiles/USB_DEVICE_AND_KEYBOARD.dir/C_/Users/ASUS/.pico-sdk/sdk/2.2.0/src/rp2_common/pico_mem_ops/mem_ops_aeabi.S.obj
 .preinit_array.00350
                0x1000a588        0x4 CMakeFiles/USB_DEVICE_AND_KEYBOARD.dir/C_/Users/ASUS/.pico-sdk/sdk/2.2.0/src/rp2_common/pico_double/double_aeabi_rp2040.S.obj
 .preinit_array.00350
                0x1000a58c        0x4 CMakeFiles/USB_DEVICE_AND_KEYBOARD.dir/C_/Users/ASUS/.pico-sdk/sdk/2.2.0/src/rp2_common/pico_float/float_aeabi_rp2040.S.obj
 .preinit_array.00500
                0x1000a590        0x4 CMakeFiles/USB_DEVICE_AND_KEYBOARD.dir/C_/Users/ASUS/.pico-sdk/sdk/2.2.0/src/rp2_common/pico_runtime_init/runtime_init.c.obj
                0x1000a590                __pre_init_runtime_init_clocks
 .preinit_array.00600
                0x1000a594        0x4 CMakeFiles/USB_DEVICE_AND_KEYBOARD.dir/C_/Users/ASUS/.pico-sdk/sdk/2.2.0/src/rp2_common/pico_runtime_init/runtime_init.c.obj
                0x1000a594                __pre_init_runtime_init_post_clock_resets
 .preinit_array.00700
                0x1000a598        0x4 CMakeFiles/USB_DEVICE_AND_KEYBOARD.dir/C_/Users/ASUS/.pico-sdk/sdk/2.2.0/src/rp2_common/pico_runtime_init/runtime_init.c.obj
                0x1000a598                __pre_init_runtime_init_rp2040_gpio_ie_disable
 .preinit_array.01000
                0x1000a59c        0x4 CMakeFiles/USB_DEVICE_AND_KEYBOARD.dir/C_/Users/ASUS/.pico-sdk/sdk/2.2.0/src/rp2_common/pico_runtime_init/runtime_init.c.obj
                0x1000a59c                __pre_init_runtime_init_spin_locks_reset
 .preinit_array.01100
                0x1000a5a0        0x4 CMakeFiles/USB_DEVICE_AND_KEYBOARD.dir/C_/Users/ASUS/.pico-sdk/sdk/2.2.0/src/common/pico_sync/mutex.c.obj
                0x1000a5a0                __pre_init_runtime_init_mutex
 .preinit_array.10080
                0x1000a5a4        0x4 CMakeFiles/USB_DEVICE_AND_KEYBOARD.dir/C_/Users/ASUS/.pico-sdk/sdk/2.2.0/src/rp2_common/pico_runtime_init/runtime_init.c.obj
                0x1000a5a4                __pre_init_runtime_init_install_ram_vector_table
 .preinit_array.11000
                0x1000a5a8        0x4 CMakeFiles/USB_DEVICE_AND_KEYBOARD.dir/C_/Users/ASUS/.pico-sdk/sdk/2.2.0/src/common/pico_time/time.c.obj
                0x1000a5a8                __pre_init_runtime_init_default_alarm_pool
 .preinit_array.YYYYY
                0x1000a5ac        0x4 CMakeFiles/USB_DEVICE_AND_KEYBOARD.dir/C_/Users/ASUS/.pico-sdk/sdk/2.2.0/src/rp2_common/pico_runtime/runtime.c.obj
                0x1000a5ac                __pre_init_first_per_core_initializer
 .preinit_array.ZZZZZ.01200
                0x1000a5b0        0x4 CMakeFiles/USB_DEVICE_AND_KEYBOARD.dir/C_/Users/ASUS/.pico-sdk/sdk/2.2.0/src/rp2_common/hardware_irq/irq.c.obj
                0x1000a5b0                __pre_init_runtime_init_per_core_irq_priorities
 *(.preinit_array)
                0x1000a5b4                        PROVIDE (__preinit_array_end = .)
                0x1000a5b4                        . = ALIGN (0x4)
                0x1000a5b4                        PROVIDE (__init_array_start = .)
 *(SORT_BY_NAME(.init_array.*))
 *(.init_array)
 .init_array    0x1000a5b4        0x4 C:/Users/ASUS/.pico-sdk/toolchain/14_2_Rel1/bin/../lib/gcc/arm-none-eabi/14.2.1/thumb/v6-m/nofp/crtbegin.o
                0x1000a5b8                        PROVIDE (__init_array_end = .)
                0x1000a5b8                        . = ALIGN (0x4)
                [!provide]                        PROVIDE (__fini_array_start = .)
 *(SORT_BY_NAME(.fini_array.*))
 *(.fini_array)
                [!provide]                        PROVIDE (__fini_array_end = .)
 *(.eh_frame*)
 .eh_frame      0x1000a5b8        0x0 C:/Users/ASUS/.pico-sdk/toolchain/14_2_Rel1/bin/../lib/gcc/arm-none-eabi/14.2.1/thumb/v6-m/nofp/crtbegin.o
                0x1000a5b8                        . = ALIGN (0x4)

.glue_7         0x1000a5b8        0x0
 .glue_7        0x1000a5b8        0x0 linker stubs

.glue_7t        0x1000a5b8        0x0
 .glue_7t       0x1000a5b8        0x0 linker stubs

.vfp11_veneer   0x1000a5b8        0x0
 .vfp11_veneer  0x1000a5b8        0x0 linker stubs

.v4_bx          0x1000a5b8        0x0
 .v4_bx         0x1000a5b8        0x0 linker stubs

.iplt           0x1000a5b8        0x0
 .iplt          0x1000a5b8        0x0 C:/Users/ASUS/.pico-sdk/toolchain/14_2_Rel1/bin/../lib/gcc/arm-none-eabi/14.2.1/thumb/v6-m/nofp/crtbegin.o

.rodata         0x1000a5b8      0x998
 *(EXCLUDE_FILE(*libm.a: *libc.a:*lib_a-mem*.o *libgcc.a:) .rodata*)
 .rodata.main.str1.4
                0x1000a5b8      0x2f8 CMakeFiles/USB_DEVICE_AND_KEYBOARD.dir/main_device.c.obj
                                 0x32 (size before relaxing)
 .rodata.tuh_hid_mount_cb.str1.4
                0x1000a8b0       0x53 CMakeFiles/USB_DEVICE_AND_KEYBOARD.dir/main_host.c.obj
 .rodata.tuh_hid_umount_cb.str1.4
                0x1000a8b0       0x24 CMakeFiles/USB_DEVICE_AND_KEYBOARD.dir/main_host.c.obj
 .rodata.tuh_hid_report_received_cb.str1.4
                0x1000a8b0       0x1f CMakeFiles/USB_DEVICE_AND_KEYBOARD.dir/main_host.c.obj
 .rodata.str1.4
                0x1000a8b0       0x1a CMakeFiles/USB_DEVICE_AND_KEYBOARD.dir/main_host.c.obj
 .rodata.keycode2ascii
                0x1000a8b0      0x100 CMakeFiles/USB_DEVICE_AND_KEYBOARD.dir/main_host.c.obj
 .rodata        0x1000a9b0       0x30 CMakeFiles/USB_DEVICE_AND_KEYBOARD.dir/main_host.c.obj
 .rodata.str1.4
                0x1000a9e0       0x34 CMakeFiles/USB_DEVICE_AND_KEYBOARD.dir/usb_descriptors.c.obj
 .rodata.__compound_literal.0
                0x1000a9e0        0x2 CMakeFiles/USB_DEVICE_AND_KEYBOARD.dir/usb_descriptors.c.obj
 *fill*         0x1000a9e2        0x2 
 .rodata.desc_fs_configuration
                0x1000a9e4       0x64 CMakeFiles/USB_DEVICE_AND_KEYBOARD.dir/usb_descriptors.c.obj
                0x1000a9e4                desc_fs_configuration
 .rodata.desc_hid_report
                0x1000aa48       0x92 CMakeFiles/USB_DEVICE_AND_KEYBOARD.dir/usb_descriptors.c.obj
                0x1000aa48                desc_hid_report
 *fill*         0x1000aada        0x2 
 .rodata.desc_device
                0x1000aadc       0x12 CMakeFiles/USB_DEVICE_AND_KEYBOARD.dir/usb_descriptors.c.obj
                0x1000aadc                desc_device
 .rodata.panic.str1.4
                0x1000aaee       0x12 CMakeFiles/USB_DEVICE_AND_KEYBOARD.dir/C_/Users/ASUS/.pico-sdk/sdk/2.2.0/src/rp2_common/pico_platform_panic/panic.c.obj
 .rodata.spin_lock_claim_unused.str1.4
                0x1000aaee       0x1b CMakeFiles/USB_DEVICE_AND_KEYBOARD.dir/C_/Users/ASUS/.pico-sdk/sdk/2.2.0/src/rp2_common/hardware_sync/sync.c.obj
 .rodata.timer_hardware_alarm_claim.str1.4
                0x1000aaee       0x22 CMakeFiles/USB_DEVICE_AND_KEYBOARD.dir/C_/Users/ASUS/.pico-sdk/sdk/2.2.0/src/rp2_common/hardware_timer/timer.c.obj
 .rodata.hard_assertion_failure.str1.4
                0x1000aaee        0xc CMakeFiles/USB_DEVICE_AND_KEYBOARD.dir/C_/Users/ASUS/.pico-sdk/sdk/2.2.0/src/rp2_common/pico_runtime/runtime.c.obj
 .rodata.missing_double_func_shim.str1.4
                0x1000aaee       0x18 CMakeFiles/USB_DEVICE_AND_KEYBOARD.dir/C_/Users/ASUS/.pico-sdk/sdk/2.2.0/src/rp2_common/pico_double/double_init_rom_rp2040.c.obj
 .rodata.missing_float_func_shim.str1.4
                0x1000aaee        0x1 CMakeFiles/USB_DEVICE_AND_KEYBOARD.dir/C_/Users/ASUS/.pico-sdk/sdk/2.2.0/src/rp2_common/pico_float/float_init_rom_rp2040.c.obj
 .rodata.__wrap_malloc.str1.4
                0x1000aaee        0xe CMakeFiles/USB_DEVICE_AND_KEYBOARD.dir/C_/Users/ASUS/.pico-sdk/sdk/2.2.0/src/rp2_common/pico_malloc/malloc.c.obj
 .rodata.str1.4
                0x1000aaee       0x4c CMakeFiles/USB_DEVICE_AND_KEYBOARD.dir/C_/Users/ASUS/.pico-sdk/sdk/2.2.0/src/rp2_common/pico_standard_binary_info/standard_binary_info.c.obj
 *fill*         0x1000aaee        0x2 
 .rodata.__bi_84
                0x1000aaf0        0xc CMakeFiles/USB_DEVICE_AND_KEYBOARD.dir/C_/Users/ASUS/.pico-sdk/sdk/2.2.0/src/rp2_common/pico_standard_binary_info/standard_binary_info.c.obj
 .rodata.__bi_78
                0x1000aafc        0xc CMakeFiles/USB_DEVICE_AND_KEYBOARD.dir/C_/Users/ASUS/.pico-sdk/sdk/2.2.0/src/rp2_common/pico_standard_binary_info/standard_binary_info.c.obj
 .rodata.__bi_54
                0x1000ab08        0xc CMakeFiles/USB_DEVICE_AND_KEYBOARD.dir/C_/Users/ASUS/.pico-sdk/sdk/2.2.0/src/rp2_common/pico_standard_binary_info/standard_binary_info.c.obj
 .rodata.__bi_48
                0x1000ab14        0xc CMakeFiles/USB_DEVICE_AND_KEYBOARD.dir/C_/Users/ASUS/.pico-sdk/sdk/2.2.0/src/rp2_common/pico_standard_binary_info/standard_binary_info.c.obj
 .rodata.__bi_42
                0x1000ab20        0xc CMakeFiles/USB_DEVICE_AND_KEYBOARD.dir/C_/Users/ASUS/.pico-sdk/sdk/2.2.0/src/rp2_common/pico_standard_binary_info/standard_binary_info.c.obj
 .rodata.__bi_34
                0x1000ab2c        0xc CMakeFiles/USB_DEVICE_AND_KEYBOARD.dir/C_/Users/ASUS/.pico-sdk/sdk/2.2.0/src/rp2_common/pico_standard_binary_info/standard_binary_info.c.obj
 .rodata.__bi_26
                0x1000ab38        0xc CMakeFiles/USB_DEVICE_AND_KEYBOARD.dir/C_/Users/ASUS/.pico-sdk/sdk/2.2.0/src/rp2_common/pico_standard_binary_info/standard_binary_info.c.obj
 .rodata._ftoa.str1.4
                0x1000ab44       0x15 CMakeFiles/USB_DEVICE_AND_KEYBOARD.dir/C_/Users/ASUS/.pico-sdk/sdk/2.2.0/src/rp2_common/pico_printf/printf.c.obj
 .rodata._vsnprintf
                0x1000ab44      0x19c CMakeFiles/USB_DEVICE_AND_KEYBOARD.dir/C_/Users/ASUS/.pico-sdk/sdk/2.2.0/src/rp2_common/pico_printf/printf.c.obj
 .rodata.pow10.0
                0x1000ace0       0x50 CMakeFiles/USB_DEVICE_AND_KEYBOARD.dir/C_/Users/ASUS/.pico-sdk/sdk/2.2.0/src/rp2_common/pico_printf/printf.c.obj
 .rodata.crlf_str.0
                0x1000ad30        0x2 CMakeFiles/USB_DEVICE_AND_KEYBOARD.dir/C_/Users/ASUS/.pico-sdk/sdk/2.2.0/src/rp2_common/pico_stdio/stdio.c.obj
 *fill*         0x1000ad32        0x2 
 .rodata.usb_nrzi_decoder_debug_program
                0x1000ad34        0x8 CMakeFiles/USB_DEVICE_AND_KEYBOARD.dir/Pico-PIO-USB/src/pio_usb.c.obj
 .rodata.usb_nrzi_decoder_debug_program_instructions
                0x1000ad3c       0x14 CMakeFiles/USB_DEVICE_AND_KEYBOARD.dir/Pico-PIO-USB/src/pio_usb.c.obj
 .rodata.usb_nrzi_decoder_program
                0x1000ad50        0x8 CMakeFiles/USB_DEVICE_AND_KEYBOARD.dir/Pico-PIO-USB/src/pio_usb.c.obj
 .rodata.usb_nrzi_decoder_program_instructions
                0x1000ad58       0x14 CMakeFiles/USB_DEVICE_AND_KEYBOARD.dir/Pico-PIO-USB/src/pio_usb.c.obj
 .rodata.usb_edge_detector_debug_program
                0x1000ad6c        0x8 CMakeFiles/USB_DEVICE_AND_KEYBOARD.dir/Pico-PIO-USB/src/pio_usb.c.obj
 .rodata.usb_edge_detector_debug_program_instructions
                0x1000ad74       0x22 CMakeFiles/USB_DEVICE_AND_KEYBOARD.dir/Pico-PIO-USB/src/pio_usb.c.obj
 *fill*         0x1000ad96        0x2 
 .rodata.usb_edge_detector_program
                0x1000ad98        0x8 CMakeFiles/USB_DEVICE_AND_KEYBOARD.dir/Pico-PIO-USB/src/pio_usb.c.obj
 .rodata.usb_edge_detector_program_instructions
                0x1000ada0       0x22 CMakeFiles/USB_DEVICE_AND_KEYBOARD.dir/Pico-PIO-USB/src/pio_usb.c.obj
 .rodata.pio_usb_host_send_setup.str1.4
                0x1000adc2       0x15 CMakeFiles/USB_DEVICE_AND_KEYBOARD.dir/Pico-PIO-USB/src/pio_usb_host.c.obj
 .rodata.pio_usb_host_endpoint_transfer.str1.4
                0x1000adc2       0x15 CMakeFiles/USB_DEVICE_AND_KEYBOARD.dir/Pico-PIO-USB/src/pio_usb_host.c.obj
 .rodata.pio_sm_claim.str1.4
                0x1000adc2       0x40 CMakeFiles/USB_DEVICE_AND_KEYBOARD.dir/C_/Users/ASUS/.pico-sdk/sdk/2.2.0/src/rp2_common/hardware_pio/pio.c.obj
 .rodata.dma_channel_claim.str1.4
                0x1000adc2       0x22 CMakeFiles/USB_DEVICE_AND_KEYBOARD.dir/C_/Users/ASUS/.pico-sdk/sdk/2.2.0/src/rp2_common/hardware_dma/dma.c.obj
 .rodata.str1.4
                0x1000adc2       0x14 CMakeFiles/USB_DEVICE_AND_KEYBOARD.dir/C_/Users/ASUS/.pico-sdk/sdk/2.2.0/lib/tinyusb/src/portable/raspberrypi/rp2040/dcd_rp2040.c.obj
 .rodata.str1.4
                0x1000adc2       0x48 CMakeFiles/USB_DEVICE_AND_KEYBOARD.dir/C_/Users/ASUS/.pico-sdk/sdk/2.2.0/lib/tinyusb/src/portable/raspberrypi/rp2040/rp2040_usb.c.obj
 *fill*         0x1000adc2        0x2 
 .rodata.tud_task_ext
                0x1000adc4       0x8c CMakeFiles/USB_DEVICE_AND_KEYBOARD.dir/C_/Users/ASUS/.pico-sdk/sdk/2.2.0/lib/tinyusb/src/device/usbd.c.obj
 .rodata        0x1000ae50       0x1c CMakeFiles/USB_DEVICE_AND_KEYBOARD.dir/C_/Users/ASUS/.pico-sdk/sdk/2.2.0/lib/tinyusb/src/device/usbd.c.obj
 .rodata._usbd_driver
                0x1000ae6c       0x40 CMakeFiles/USB_DEVICE_AND_KEYBOARD.dir/C_/Users/ASUS/.pico-sdk/sdk/2.2.0/lib/tinyusb/src/device/usbd.c.obj
 .rodata.hidd_control_xfer_cb
                0x1000aeac       0x30 CMakeFiles/USB_DEVICE_AND_KEYBOARD.dir/C_/Users/ASUS/.pico-sdk/sdk/2.2.0/lib/tinyusb/src/class/hid/hid_device.c.obj
 .rodata.process_enumeration
                0x1000aedc       0x34 CMakeFiles/USB_DEVICE_AND_KEYBOARD.dir/C_/Users/ASUS/.pico-sdk/sdk/2.2.0/lib/tinyusb/src/host/usbh.c.obj
 .rodata.usbh_class_drivers
                0x1000af10       0x38 CMakeFiles/USB_DEVICE_AND_KEYBOARD.dir/C_/Users/ASUS/.pico-sdk/sdk/2.2.0/lib/tinyusb/src/host/usbh.c.obj
 .rodata        0x1000af48        0x8 CMakeFiles/USB_DEVICE_AND_KEYBOARD.dir/C_/Users/ASUS/.pico-sdk/sdk/2.2.0/lib/tinyusb/src/host/hub.c.obj
                0x1000af50                        . = ALIGN (0x4)
 *(SORT_BY_ALIGNMENT(SORT_BY_NAME(.flashdata*)))
                0x1000af50                        . = ALIGN (0x4)

.ARM.extab
 *(.ARM.extab* .gnu.linkonce.armextab.*)
                0x1000af50                        __exidx_start = .

.ARM.exidx
 *(.ARM.exidx* .gnu.linkonce.armexidx.*)
                0x1000af50                        __exidx_end = .
                0x1000af50                        . = ALIGN (0x4)
                0x1000af50                        __binary_info_start = .

.binary_info    0x1000af50       0x1c
 *(.binary_info.keep.*)
 .binary_info.keep.__bi_ptr84
                0x1000af50        0x4 CMakeFiles/USB_DEVICE_AND_KEYBOARD.dir/C_/Users/ASUS/.pico-sdk/sdk/2.2.0/src/rp2_common/pico_standard_binary_info/standard_binary_info.c.obj
 .binary_info.keep.__bi_ptr78
                0x1000af54        0x4 CMakeFiles/USB_DEVICE_AND_KEYBOARD.dir/C_/Users/ASUS/.pico-sdk/sdk/2.2.0/src/rp2_common/pico_standard_binary_info/standard_binary_info.c.obj
 .binary_info.keep.__bi_ptr54
                0x1000af58        0x4 CMakeFiles/USB_DEVICE_AND_KEYBOARD.dir/C_/Users/ASUS/.pico-sdk/sdk/2.2.0/src/rp2_common/pico_standard_binary_info/standard_binary_info.c.obj
 .binary_info.keep.__bi_ptr48
                0x1000af5c        0x4 CMakeFiles/USB_DEVICE_AND_KEYBOARD.dir/C_/Users/ASUS/.pico-sdk/sdk/2.2.0/src/rp2_common/pico_standard_binary_info/standard_binary_info.c.obj
 .binary_info.keep.__bi_ptr42
                0x1000af60        0x4 CMakeFiles/USB_DEVICE_AND_KEYBOARD.dir/C_/Users/ASUS/.pico-sdk/sdk/2.2.0/src/rp2_common/pico_standard_binary_info/standard_binary_info.c.obj
 .binary_info.keep.__bi_ptr34
                0x1000af64        0x4 CMakeFiles/USB_DEVICE_AND_KEYBOARD.dir/C_/Users/ASUS/.pico-sdk/sdk/2.2.0/src/rp2_common/pico_standard_binary_info/standard_binary_info.c.obj
 .binary_info.keep.__bi_ptr26
                0x1000af68        0x4 CMakeFiles/USB_DEVICE_AND_KEYBOARD.dir/C_/Users/ASUS/.pico-sdk/sdk/2.2.0/src/rp2_common/pico_standard_binary_info/standard_binary_info.c.obj
 *(.binary_info.*)
                0x1000af6c                        __binary_info_end = .
                0x1000af6c                        . = ALIGN (0x4)

.ram_vector_table
                0x20000000       0xc0
 *(.ram_vector_table)
 .ram_vector_table
                0x20000000       0xc0 CMakeFiles/USB_DEVICE_AND_KEYBOARD.dir/C_/Users/ASUS/.pico-sdk/sdk/2.2.0/src/rp2_common/pico_runtime_init/runtime_init.c.obj
                0x20000000                ram_vector_table

.uninitialized_data
                0x200000c0        0x0
                0x200000c0                        . = ALIGN (0x4)
 *(.uninitialized_data*)

.data           0x200000c0     0x4150 load address 0x1000af6c
                0x200000c0                        __data_start__ = .
 *(vtable)
 *(.time_critical*)
 .time_critical.handle_endpoint_irq
                0x200000c0       0x90 CMakeFiles/USB_DEVICE_AND_KEYBOARD.dir/C_/Users/ASUS/.pico-sdk/sdk/2.2.0/lib/tinyusb/src/portable/raspberrypi/pio_usb/hcd_pio_usb.c.obj
 .time_critical.pio_usb_host_irq_handler